<html>
<body>
<pre>
<h1>µVision Build Log</h1>
<h2>Tool Versions:</h2>
IDE-Version: ÂµVision V5.38.0.0
Copyright (C) 2022 ARM Ltd and ARM Germany GmbH. All rights reserved.
License Information: Testing ARM, ARM, LIC=JL28G-VAW4E-TG57T-RMZB5-JXCRC-LVUJR
 
Tool Versions:
Toolchain:       MDK-ARM Plus  Version: 5.38.0.0
Toolchain Path:  C:\Keil_v5\ARM\ARMCLANG\Bin
C Compiler:      ArmClang.exe V6.19
Assembler:       Armasm.exe V6.19
Linker/Locator:  ArmLink.exe V6.19
Library Manager: ArmAr.exe V6.19
Hex Converter:   FromElf.exe V6.19
CPU DLL:         SARMCM3.DLL V5.38.0.0
Dialog DLL:      DCM.DLL V1.17.5.0
Target DLL:      Segger\JL2CM3.dll V2.99.42.0
Dialog DLL:      TCM.DLL V1.56.4.0
 
<h2>Project:</h2>
P:\Oilpump-platform\ELOP187_GEELY_9879_120W_V2.8\TLE9879QXW40_BLDC.uvprojx
Project File Date:  03/10/2025

<h2>Output:</h2>
*** Using Compiler 'V6.19', folder: 'C:\Keil_v5\ARM\ARMCLANG\Bin'
Rebuild target 'Source'
compiling DIO_Dio.c...
compiling bootrom.c...
compiling Sys_Timer2x.c...
compiling adc2.c...
compiling lin.c...
compiling dma.c...
compiling ccu6.c...
compiling port.c...
compiling gpt12e.c...
compiling Main.c...
compiling int.c...
compiling pmu.c...
compiling mon.c...
compiling csa.c...
compiling adc1.c...
compiling Sys_SCU.c...
compiling bdrv.c...
assembling startup_tle987x.S...
compiling Sys_Int.c...
compiling ADC_Meas.c...
compiling PosSCD_PosSensor.c...
compiling Sys_DMA.c...
compiling SPI_SSC.c...
compiling Mem_Mem.c...
compiling isr.c...
compiling ssc.c...
compiling ComIf_ECUReset_HAL.c...
compiling wdt1.c...
compiling timer2x.c...
compiling PWM_Clac.c...
compiling system_tle987x.c...
compiling uart.c...
compiling scu.c...
compiling PWM_Pwm.c...
compiling timer3.c...
compiling genLinConfig.c...
compiling ComIf_application_message.c...
compiling BDRV_BDRV.c...
compiling HSI_SW.c...
compiling DIAG_Handle.c...
compiling ComIf_SA_HAL.c...
compiling LinIf_GotoSleepConfirmation.c...
compiling LinIf_GotoSleepIndication.c...
compiling Task_Task.c...
compiling ComIf_WrDaByID_HAL.c...
compiling ComIf_RdDaByID_HAL.c...
compiling LinIf_WakeupConfirmation.c...
compiling tle_device.c...
compiling LinTp_export.c...
compiling LinIf_Cfg.c...
compiling LinTp_Timer.c...
compiling Sys_McuInit.c...
compiling lin_driver_api.c...
compiling LinIf_RxIndication.c...
compiling LinIf_TxConfirmation.c...
compiling LinIf_HeaderIndication.c...
compiling lin_main.c...
compiling LinTp_Queue.c...
compiling LinSlave_MainFunction.c...
compiling LinTp_Cbk.c...
compiling lin_hal.c...
compiling linmain.c...
compiling fbl_infor.c...
compiling utils.c...
compiling Lintask.c...
compiling LinSlave_Proc.c...
compiling ComIf_Init.c...
compiling LinTp.c...
compiling lin_slave_task.c...
compiling const_params.c...
compiling div_nde_s32_floor.c...
compiling ComIf_Task.c...
compiling uds_cfg.c...
compiling div_nzp_repeat_u32.c...
compiling look1_is16lu32n32ys16n_eAC3J1UD.c...
compiling look1_iu16lu32n16tu8_binlcse.c...
compiling look1_iu8lu32n16ts16Ds32_binlcs.c...
compiling look1_iu16lu32n16ts16D_2s4GBl96.c...
compiling look2_is16lu32n16tu16_binlcse.c...
compiling mul_s32_loSR.c...
compiling mul_ssu32_hiSR.c...
compiling mul_s32_hiSR.c...
compiling look1_is16lu32n32ys16n_2jZdipat.c...
compiling mul_wide_s32.c...
compiling mul_wide_su32.c...
compiling mul_ssu32_loSR.c...
compiling mul_ssu32_sr32.c...
compiling LinTp_SchM.c...
compiling look2_iu8s16lu32n16tu16_binlcse.c...
compiling motor_param.c...
compiling ASW_DcycGen.c...
compiling uds_user.c...
compiling ASW_SigIn.c...
compiling motor_control_param.c...
compiling ASW_PhCurrGen.c...
compiling uds.c...
compiling ASW_PhVltgGen.c...
compiling ASW_AST.c...
compiling ASW_OBD.c...
compiling MID_Interface.c...
linking...
Program Size: Code=57084 RO-data=22536 RW-data=424 ZI-data=4988  
FromELF: creating hex file...
".\Objects\GEELY_APP.axf" - 0 Error(s), 0 Warning(s).

<h2>Software Packages used:</h2>

Package Vendor: Infineon
                https://itools.infineon.com/cmsis_packs/TLE987x/Infineon.TLE987x_DFP.1.6.0.pack
                Infineon.TLE987x_DFP.1.6.0
                Infineon TLE987x Series Device Support

<h2>Collection of Component include folders:</h2>
  C:/Keil_v5/ARM/Packs/Infineon/TLE987x_DFP/1.6.0/Device/Include

<h2>Collection of Component Files used:</h2>
Build Time Elapsed:  00:00:08
</pre>
</body>
</html>
