Component: Arm Compiler for Embedded 6.19 Tool: armlink [5e73cb00]

==============================================================================

Section Cross References

    adc_meas.o(.text.ADC_VSD_VDH_Routine) refers to adc_meas.o(.bss..L_MergedGlobals) for .L_MergedGlobals
    adc_meas.o(.ARM.exidx.text.ADC_VSD_VDH_Routine) refers to adc_meas.o(.text.ADC_VSD_VDH_Routine) for [Anonymous Symbol]
    adc_meas.o(.text.ADC_TempOil_Routine) refers to adc1.o(.text.ADC1_GetChResult) for ADC1_GetChResult
    adc_meas.o(.text.ADC_TempOil_Routine) refers to adc_meas.o(.bss.Gu16_uADC_NTCTemp_IF) for Gu16_uADC_NTCTemp_IF
    adc_meas.o(.ARM.exidx.text.ADC_TempOil_Routine) refers to adc_meas.o(.text.ADC_TempOil_Routine) for [Anonymous Symbol]
    adc_meas.o(.text.ADC_VCP_Routine) refers to adc_meas.o(.bss.Gu16_uADC2VCP) for Gu16_uADC2VCP
    adc_meas.o(.ARM.exidx.text.ADC_VCP_Routine) refers to adc_meas.o(.text.ADC_VCP_Routine) for [Anonymous Symbol]
    adc_meas.o(.text.ADC_MCUTemp_Routine) refers to adc_meas.o(.bss.Gu8_tMcuTemp_IF) for Gu8_tMcuTemp_IF
    adc_meas.o(.ARM.exidx.text.ADC_MCUTemp_Routine) refers to adc_meas.o(.text.ADC_MCUTemp_Routine) for [Anonymous Symbol]
    adc_meas.o(.text.ADC_BattStable_Protection) refers to wdt1.o(.text.WDT1_Service) for WDT1_Service
    adc_meas.o(.ARM.exidx.text.ADC_BattStable_Protection) refers to adc_meas.o(.text.ADC_BattStable_Protection) for [Anonymous Symbol]
    bdrv_bdrv.o(.text.BDRV_ConfigBridgePWM) refers to bdrv.o(.text.BDRV_Set_Bridge) for BDRV_Set_Bridge
    bdrv_bdrv.o(.ARM.exidx.text.BDRV_ConfigBridgePWM) refers to bdrv_bdrv.o(.text.BDRV_ConfigBridgePWM) for [Anonymous Symbol]
    bdrv_bdrv.o(.text.BDRV_ConfigBridgeOff) refers to bdrv.o(.text.BDRV_Set_Bridge) for BDRV_Set_Bridge
    bdrv_bdrv.o(.ARM.exidx.text.BDRV_ConfigBridgeOff) refers to bdrv_bdrv.o(.text.BDRV_ConfigBridgeOff) for [Anonymous Symbol]
    bdrv_bdrv.o(.text.BDRV_Clr_OC_STS) refers to bdrv.o(.text.BDRV_Clr_Sts) for BDRV_Clr_Sts
    bdrv_bdrv.o(.ARM.exidx.text.BDRV_Clr_OC_STS) refers to bdrv_bdrv.o(.text.BDRV_Clr_OC_STS) for [Anonymous Symbol]
    bdrv_bdrv.o(.text.BDRV_Init_Check) refers to bdrv_bdrv.o(.bss.Gu8_BDRVInitDone) for Gu8_BDRVInitDone
    bdrv_bdrv.o(.text.BDRV_Init_Check) refers to adc_meas.o(.bss..L_MergedGlobals) for Gu16_uADCVSD_IF
    bdrv_bdrv.o(.text.BDRV_Init_Check) refers to bdrv.o(.text.BDRV_Init) for BDRV_Init
    bdrv_bdrv.o(.text.BDRV_Init_Check) refers to bdrv.o(.text.BDRV_Clr_Sts) for BDRV_Clr_Sts
    bdrv_bdrv.o(.text.BDRV_Init_Check) refers to diag_handle.o(.text.DIAG_3PhaseOpenLoadFault_Handle) for DIAG_3PhaseOpenLoadFault_Handle
    bdrv_bdrv.o(.text.BDRV_Init_Check) refers to bdrv.o(.text.BDRV_Set_Bridge) for BDRV_Set_Bridge
    bdrv_bdrv.o(.text.BDRV_Init_Check) refers to task_task.o(.text.Task_StartupTask) for Task_StartupTask
    bdrv_bdrv.o(.ARM.exidx.text.BDRV_Init_Check) refers to bdrv_bdrv.o(.text.BDRV_Init_Check) for [Anonymous Symbol]
    diag_handle.o(.text.DIAG_SysSupply_Err) refers to hsi_sw.o(.text.HSI_DIAG_Get_VSUV_State) for HSI_DIAG_Get_VSUV_State
    diag_handle.o(.text.DIAG_SysSupply_Err) refers to hsi_sw.o(.text.HSI_DIAG_Get_VSOV_State) for HSI_DIAG_Get_VSOV_State
    diag_handle.o(.ARM.exidx.text.DIAG_SysSupply_Err) refers to diag_handle.o(.text.DIAG_SysSupply_Err) for [Anonymous Symbol]
    diag_handle.o(.text.DIAG_VCPAndVDHDiff_Handle) refers to adc_meas.o(.bss.Gu16_uADC2VCP) for Gu16_uADC2VCP
    diag_handle.o(.text.DIAG_VCPAndVDHDiff_Handle) refers to adc_meas.o(.bss..L_MergedGlobals) for Gu16_uADCVDH_IF
    diag_handle.o(.text.DIAG_VCPAndVDHDiff_Handle) refers to diag_handle.o(.bss..L_MergedGlobals) for .L_MergedGlobals
    diag_handle.o(.ARM.exidx.text.DIAG_VCPAndVDHDiff_Handle) refers to diag_handle.o(.text.DIAG_VCPAndVDHDiff_Handle) for [Anonymous Symbol]
    diag_handle.o(.text.DIAG_BasicToAPPfault_Monitor) refers to diag_handle.o(.bss..L_MergedGlobals) for .L_MergedGlobals
    diag_handle.o(.ARM.exidx.text.DIAG_BasicToAPPfault_Monitor) refers to diag_handle.o(.text.DIAG_BasicToAPPfault_Monitor) for [Anonymous Symbol]
    diag_handle.o(.text.DIAG_VCPFault_Handle) refers to adc_meas.o(.bss..L_MergedGlobals) for Gu16_uADCVSD_IF
    diag_handle.o(.text.DIAG_VCPFault_Handle) refers to bdrv_bdrv.o(.bss.Gu8_BDRVInitDone) for Gu8_BDRVInitDone
    diag_handle.o(.text.DIAG_VCPFault_Handle) refers to diag_handle.o(.bss..L_MergedGlobals) for .L_MergedGlobals
    diag_handle.o(.text.DIAG_VCPFault_Handle) refers to hsi_sw.o(.text.HSI_DIAG_Get_VCPLO1_State) for HSI_DIAG_Get_VCPLO1_State
    diag_handle.o(.text.DIAG_VCPFault_Handle) refers to bdrv.o(.text.BDRV_Clr_Sts) for BDRV_Clr_Sts
    diag_handle.o(.text.DIAG_VCPFault_Handle) refers to bdrv_bdrv.o(.text.BDRV_ConfigBridgePWM) for BDRV_ConfigBridgePWM
    diag_handle.o(.ARM.exidx.text.DIAG_VCPFault_Handle) refers to diag_handle.o(.text.DIAG_VCPFault_Handle) for [Anonymous Symbol]
[...]
    0x11001a10   0x11001a10   0x00000120   Code   RO         1586    .text.ASW_OBD_sfc_FaultDefiniteness  asw_obd.o
    0x11001b30   0x11001b30   0x00000160   Code   RO         1620    .text.ASW_OBD_sss_FaltEnFlgConf  asw_obd.o
    0x11001c90   0x11001c90   0x00000206   Code   RO         1602    .text.ASW_OBD_sss_FaltLvl2Conf  asw_obd.o
    0x11001e96   0x11001e96   0x00000002   PAD
    0x11001e98   0x11001e98   0x00000294   Code   RO         1600    .text.ASW_OBD_sss_FaltLvlConf  asw_obd.o
    0x1100212c   0x1100212c   0x0000003e   Code   RO         1537    .text.ASW_PhCurrGen_Init  asw_phcurrgen.o
    0x1100216a   0x1100216a   0x00000002   PAD
    0x1100216c   0x1100216c   0x0000006a   Code   RO         1516    .text.ASW_PhVltgGen_Init  asw_phvltggen.o
    0x110021d6   0x110021d6   0x00000002   PAD
    0x110021d8   0x110021d8   0x0000006c   Code   RO         1655    .text.ASW_SigIn_Init  asw_sigin.o
    0x11002244   0x11002244   0x00000008   Code   RO           28    .text.BDRV_Clr_OC_STS  bdrv_bdrv.o
    0x1100224c   0x1100224c   0x0000000e   Code   RO          346    .text.BDRV_Clr_Sts  bdrv.o
    0x1100225a   0x1100225a   0x00000002   PAD
    0x1100225c   0x1100225c   0x00000020   Code   RO           26    .text.BDRV_ConfigBridgeOff  bdrv_bdrv.o
    0x1100227c   0x1100227c   0x00000020   Code   RO           24    .text.BDRV_ConfigBridgePWM  bdrv_bdrv.o
    0x1100229c   0x1100229c   0x0000016a   Code   RO          362    .text.BDRV_Diag_OpenLoad  bdrv.o
    0x11002406   0x11002406   0x00000002   PAD
    0x11002408   0x11002408   0x0000005a   Code   RO          342    .text.BDRV_Init     bdrv.o
    0x11002462   0x11002462   0x00000002   PAD
    0x11002464   0x11002464   0x0000005c   Code   RO           30    .text.BDRV_Init_Check  bdrv_bdrv.o
    0x110024c0   0x110024c0   0x00000058   Code   RO          344    .text.BDRV_Set_Bridge  bdrv.o
    0x11002518   0x11002518   0x00000002   Code   RO          489    .text.BusFault_Handler  isr.o
    0x1100251a   0x1100251a   0x00000002   PAD
    0x1100251c   0x1100251c   0x00000012   Code   RO          473    .text.CCU6SR0_IRQHandler  isr.o
    0x1100252e   0x1100252e   0x00000002   PAD
    0x11002530   0x11002530   0x00000052   Code   RO          475    .text.CCU6SR1_IRQHandler  isr.o
    0x11002582   0x11002582   0x00000002   PAD
    0x11002584   0x11002584   0x00000012   Code   RO          477    .text.CCU6SR2_IRQHandler  isr.o
    0x11002596   0x11002596   0x00000002   PAD
    0x11002598   0x11002598   0x00000080   Code   RO          409    .text.CCU6_Init     ccu6.o
    0x11002618   0x11002618   0x00000016   Code   RO          417    .text.CSA_Init      csa.o
    0x1100262e   0x1100262e   0x00000002   PAD
    0x11002630   0x11002630   0x000000ea   Code   RO          419    .text.CSA_Offset_Get  csa.o
    0x1100271a   0x1100271a   0x00000002   PAD
    0x1100271c   0x1100271c   0x00000004   Code   RO          809    .text.ComDrv_1msTask  lintask.o
    0x11002720   0x11002720   0x00000004   Code   RO          782    .text.ComDrv_LLD_Init  linmain.o
    0x11002724   0x11002724   0x00000034   Code   RO          686    .text.ComDrv_Set_APPTxMsgData  genlinconfig.o
    0x11002758   0x11002758   0x0000001a   Code   RO          904    .text.ComIf_1msTask  comif_task.o
    0x11002772   0x11002772   0x00000002   PAD
    0x11002774   0x11002774   0x00000002   Code   RO          839    .text.ComIf_ExecuteEcuReset  comif_ecureset_hal.o
    0x11002776   0x11002776   0x00000002   PAD
    0x11002778   0x11002778   0x0000000c   Code   RO          822    .text.ComIf_Get_APPRxMesCnt  comif_application_message.o
    0x11002784   0x11002784   0x00000034   Code   RO          820    .text.ComIf_Get_APPRxMsgData  comif_application_message.o
    0x110027b8   0x110027b8   0x0000000c   Code   RO          826    .text.ComIf_Get_SleepReqFlag  comif_application_message.o
    0x110027c4   0x110027c4   0x00000054   Code   RO          912    .text.ComIf_Get_WriteFunc_02  comif_wrdabyid_hal.o
    0x11002818   0x11002818   0x0000004c   Code   RO          914    .text.ComIf_Get_WriteFunc_03  comif_wrdabyid_hal.o
    0x11002864   0x11002864   0x00000034   Code   RO          916    .text.ComIf_Get_WriteFunc_04  comif_wrdabyid_hal.o
    0x11002898   0x11002898   0x00000012   Code   RO          847    .text.ComIf_Init    comif_init.o
    0x110028aa   0x110028aa   0x00000002   PAD
    0x110028ac   0x110028ac   0x00000006   Code   RO          824    .text.ComIf_Set_APPTxMsgData  comif_application_message.o
    0x110028b2   0x110028b2   0x00000002   PAD
    0x110028b4   0x110028b4   0x00000046   Code   RO          855    .text.ComIf_Set_ReadFunc_01  comif_rddabyid_hal.o
    0x110028fa   0x110028fa   0x00000002   PAD
    0x110028fc   0x110028fc   0x0000003a   Code   RO          857    .text.ComIf_Set_ReadFunc_02  comif_rddabyid_hal.o
    0x11002936   0x11002936   0x00000002   PAD
    0x11002938   0x11002938   0x00000032   Code   RO          859    .text.ComIf_Set_ReadFunc_03  comif_rddabyid_hal.o
    0x1100296a   0x1100296a   0x00000002   PAD
    0x1100296c   0x1100296c   0x0000001a   Code   RO          861    .text.ComIf_Set_ReadFunc_04  comif_rddabyid_hal.o
    0x11002986   0x11002986   0x00000002   PAD
    0x11002988   0x11002988   0x00000032   Code   RO          863    .text.ComIf_Set_ReadFunc_05  comif_rddabyid_hal.o
    0x110029ba   0x110029ba   0x00000002   PAD
    0x110029bc   0x110029bc   0x00000074   Code   RO          865    .text.ComIf_Set_ReadFunc_06  comif_rddabyid_hal.o
    0x11002a30   0x11002a30   0x00000046   Code   RO          867    .text.ComIf_Set_ReadFunc_07  comif_rddabyid_hal.o
    0x11002a76   0x11002a76   0x00000002   PAD
    0x11002a78   0x11002a78   0x00000034   Code   RO          869    .text.ComIf_Set_ReadFunc_08  comif_rddabyid_hal.o
    0x11002aac   0x11002aac   0x00000038   Code   RO          890    .text.ComIf_UnlockedL1_CompareKey  comif_sa_hal.o
    0x11002ae4   0x11002ae4   0x000000ae   Code   RO          888    .text.ComIf_UnlockedL1_GetSeed  comif_sa_hal.o
    0x11002b92   0x11002b92   0x00000002   PAD
    0x11002b94   0x11002b94   0x0000021c   Code   RO          886    .text.ComIf_canculate_security_access_jili  comif_sa_hal.o
    0x11002db0   0x11002db0   0x0000004e   Code   RO           56    .text.DIAG_3PhaseOpenLoadFault_Handle  diag_handle.o
    0x11002dfe   0x11002dfe   0x00000002   PAD
    0x11002e00   0x11002e00   0x0000007e   Code   RO           58    .text.DIAG_3PhaseOpenLoad_Check  diag_handle.o
    0x11002e7e   0x11002e7e   0x00000002   PAD
    0x11002e80   0x11002e80   0x00000062   Code   RO           44    .text.DIAG_BasicToAPPfault_Monitor  diag_handle.o
    0x11002ee2   0x11002ee2   0x00000002   PAD
    0x11002ee4   0x11002ee4   0x00000234   Code   RO           48    .text.DIAG_HSLSFault_Handle  diag_handle.o
    0x11003118   0x11003118   0x0000004e   Code   RO           50    .text.DIAG_HSLS_OC_Timer_Handle_ISR  diag_handle.o
    0x11003166   0x11003166   0x00000002   PAD
    0x11003168   0x11003168   0x00000042   Code   RO           52    .text.DIAG_PosSCD_Com  diag_handle.o
    0x110031aa   0x110031aa   0x00000002   PAD
    0x110031ac   0x110031ac   0x00000028   Code   RO           40    .text.DIAG_SysSupply_Err  diag_handle.o
    0x110031d4   0x110031d4   0x0000005c   Code   RO           42    .text.DIAG_VCPAndVDHDiff_Handle  diag_handle.o
    0x11003230   0x11003230   0x000000d6   Code   RO           46    .text.DIAG_VCPFault_Handle  diag_handle.o
    0x11003306   0x11003306   0x00000002   PAD
    0x11003308   0x11003308   0x00000064   Code   RO           60    .text.DIAG_VDDFault_Handle  diag_handle.o
    0x1100336c   0x1100336c   0x00000016   Code   RO           54    .text.DIAG_VSDFault_Handle  diag_handle.o
    0x11003382   0x11003382   0x00000002   PAD
    0x11003384   0x11003384   0x0000000c   Code   RO           73    .text.DIO_Set_PinDir  dio_dio.o
    0x11003390   0x11003390   0x0000000c   Code   RO           71    .text.DIO_Set_PinState  dio_dio.o
    0x1100339c   0x1100339c   0x00000018   Code   RO          441    .text.DMA_Init      dma.o
    0x110033b4   0x110033b4   0x000003d2   Code   RO         1489    .text.DcycGen_FstTask  asw_dcycgen.o
    0x11003786   0x11003786   0x00000002   PAD
    0x11003788   0x11003788   0x00000278   Code   RO          638    .text.Delay_us      wdt1.o
    0x11003a00   0x11003a00   0x0000002e   Code   RO          451    .text.GPT12E_Init   gpt12e.o
    0x11003a2e   0x11003a2e   0x00000002   PAD
    0x11003a30   0x11003a30   0x00000010   Code   RO          292    .text.HSI_DIAG_Get_VCPLO1_State  hsi_sw.o
    0x11003a40   0x11003a40   0x00000010   Code   RO          294    .text.HSI_DIAG_Get_VSDLO_State  hsi_sw.o
    0x11003a50   0x11003a50   0x00000010   Code   RO          296    .text.HSI_DIAG_Get_VSDUP_State  hsi_sw.o
    0x11003a60   0x11003a60   0x00000010   Code   RO          290    .text.HSI_DIAG_Get_VSOV_State  hsi_sw.o
    0x11003a70   0x11003a70   0x00000010   Code   RO          288    .text.HSI_DIAG_Get_VSUV_State  hsi_sw.o
    0x11003a80   0x11003a80   0x0000000e   Code   RO          278    .text.HSI_DMA_TxRxChannelEnable  hsi_sw.o
    0x11003a8e   0x11003a8e   0x00000002   PAD
    0x11003a90   0x11003a90   0x0000001a   Code   RO          276    .text.HSI_DMA_TxRxSrcSelect_SSC1  hsi_sw.o
    0x11003aaa   0x11003aaa   0x00000002   PAD
    0x11003aac   0x11003aac   0x00000014   Code   RO          300    .text.HSI_DmaBasePtrConfig  hsi_sw.o
    0x11003ac0   0x11003ac0   0x0000005e   Code   RO          298    .text.HSI_Init      hsi_sw.o
    0x11003b1e   0x11003b1e   0x00000002   PAD
    0x11003b20   0x11003b20   0x0000001e   Code   RO          302    .text.HSI_NVMPage_Write  hsi_sw.o
    0x11003b3e   0x11003b3e   0x00000002   PAD
    0x11003b40   0x11003b40   0x00000010   Code   RO          274    .text.HSI_SPI_RxIntCheck  hsi_sw.o
    0x11003b50   0x11003b50   0x0000000c   Code   RO          272    .text.HSI_SPI_SendWord  hsi_sw.o
    0x11003b5c   0x11003b5c   0x00000020   Code   RO          282    .text.HSI_TIMER21_ReInit10us  hsi_sw.o
    0x11003b7c   0x11003b7c   0x00000022   Code   RO          280    .text.HSI_TIMER21_ReInit500us  hsi_sw.o
    0x11003b9e   0x11003b9e   0x00000002   PAD
    0x11003ba0   0x11003ba0   0x0000003e   Code   RO          304    .text.HSI_VREF_Fault_Check  hsi_sw.o
    0x11003bde   0x11003bde   0x00000002   PAD
    0x11003be0   0x11003be0   0x00000002   Code   RO          485    .text.HardFault_Handler  isr.o
    0x11003be2   0x11003be2   0x00000002   PAD
    0x11003be4   0x11003be4   0x000000a8   Code   RO          465    .text.INT_Init      int.o
    0x11003c8c   0x11003c8c   0x00000038   Code   RO          144    .text.ISR_T12_OneMatch  pwm_pwm.o
    0x11003cc4   0x11003cc4   0x00000014   Code   RO          148    .text.ISR_T12_PeriodMatch  pwm_pwm.o
    0x11003cd8   0x11003cd8   0x0000000a   Code   RO          192    .text.IntMon_PllLossOfLock_IRQHandler  sys_int.o
    0x11003ce2   0x11003ce2   0x00000002   PAD
    0x11003ce4   0x11003ce4   0x00000052   Code   RO          284    .text.IntMon_SupplyPrewarning_IRQHandler  hsi_sw.o
    0x11003d36   0x11003d36   0x00000002   PAD
    0x11003d38   0x11003d38   0x00000292   Code   RO         1449    .text.Interface_10msTask  mid_interface.o
    0x11003fca   0x11003fca   0x00000002   PAD
    0x11003fcc   0x11003fcc   0x00000110   Code   RO         1443    .text.Interface_500usTask  mid_interface.o
    0x110040dc   0x110040dc   0x00000324   Code   RO         1459    .text.Interface_ApplCom_ASW_Trans  mid_interface.o
    0x11004400   0x11004400   0x00000046   Code   RO         1439    .text.Interface_FR_Task  mid_interface.o
    0x11004446   0x11004446   0x00000002   PAD
    0x11004448   0x11004448   0x0000013a   Code   RO         1455    .text.Interface_OBD_SlwTask_Trans  mid_interface.o
    0x11004582   0x11004582   0x00000002   PAD
    0x11004584   0x11004584   0x00000016   Code   RO         1469    .text.Interface_Set_DutyCycle  mid_interface.o
    0x1100459a   0x1100459a   0x00000002   PAD
    0x1100459c   0x1100459c   0x0000001e   Code   RO         1437    .text.Interface_StartupTask  mid_interface.o
    0x110045ba   0x110045ba   0x00000002   PAD
    0x110045bc   0x110045bc   0x00000012   Code   RO         1069    .text.LINTP_ENTER_CRITICAL  lintp_schm.o
    0x110045ce   0x110045ce   0x00000002   PAD
    0x110045d0   0x110045d0   0x00000006   Code   RO         1071    .text.LINTP_EXIT_CRITICAL  lintp_schm.o
    0x110045d6   0x110045d6   0x00000002   PAD
    0x110045d8   0x110045d8   0x00000020   Code   RO          796    .text.LIN_COM_Handler  linmain.o
    0x110045f8   0x110045f8   0x00000002   Code   RO          790    .text.LIN_Enable_Transceiver  linmain.o
    0x110045fa   0x110045fa   0x00000002   PAD
    0x110045fc   0x110045fc   0x00000050   Code   RO          502    .text.LIN_Init      lin.o
    0x1100464c   0x1100464c   0x000000f6   Code   RO          784    .text.LIN_LLD_Service  linmain.o
    0x11004742   0x11004742   0x00000002   PAD
    0x11004744   0x11004744   0x0000005e   Code   RO          929    .text.LinIf_HeaderIndication  linif_headerindication.o
    0x110047a2   0x110047a2   0x00000002   PAD
    0x110047a4   0x110047a4   0x0000004a   Code   RO          938    .text.LinIf_RxIndication  linif_rxindication.o
    0x110047ee   0x110047ee   0x00000002   PAD
    0x110047f0   0x110047f0   0x00000004   Code   RO          947    .text.LinIf_TxConfirmation  linif_txconfirmation.o
    0x110047f4   0x110047f4   0x00000028   Code   RO         1083    .text.LinTp_CancelTimer  lintp_timer.o
    0x1100481c   0x1100481c   0x00000086   Code   RO          992    .text.LinTp_LinIfRxIndication  lintp_cbk.o
    0x110048a2   0x110048a2   0x00000002   PAD
    0x110048a4   0x110048a4   0x00000006   Code   RO          994    .text.LinTp_LinIfTriggerTransmit  lintp_cbk.o
    0x110048aa   0x110048aa   0x00000002   PAD
    0x110048ac   0x110048ac   0x00000004   Code   RO          996    .text.LinTp_LinIfTxConfirmation  lintp_cbk.o
    0x110048b0   0x110048b0   0x00000050   Code   RO         1058    .text.LinTp_PduFifoGetOne  lintp_queue.o
    0x11004900   0x11004900   0x00000096   Code   RO         1056    .text.LinTp_PduFifoInc  lintp_queue.o
    0x11004996   0x11004996   0x00000002   PAD
    0x11004998   0x11004998   0x0000002e   Code   RO         1054    .text.LinTp_PduFifoInit  lintp_queue.o
    0x110049c6   0x110049c6   0x00000002   PAD
    0x110049c8   0x110049c8   0x0000005a   Code   RO         1087    .text.LinTp_ProcessTimers  lintp_timer.o
    0x11004a22   0x11004a22   0x00000002   PAD
    0x11004a24   0x11004a24   0x00000010   Code   RO         1085    .text.LinTp_ResetTimer  lintp_timer.o
    0x11004a34   0x11004a34   0x0000002a   Code   RO         1081    .text.LinTp_SetTimer  lintp_timer.o
    0x11004a5e   0x11004a5e   0x00000002   PAD
    0x11004a60   0x11004a60   0x00000096   Code   RO          968    .text.LinTp_TxConfirmation  lintp.o
    0x11004af6   0x11004af6   0x00000002   PAD
    0x11004af8   0x11004af8   0x00000166   Code   RO          966    .text.LinTp_TxMsgProc  lintp.o
    0x11004c5e   0x11004c5e   0x00000002   PAD
    0x11004c60   0x11004c60   0x00000564   Code   RO          974    .text.LinTp_task_1ms  lintp.o
    0x110051c4   0x110051c4   0x0000002a   Code   RO          970    .text.LinTp_timeout_cb  lintp.o
    0x110051ee   0x110051ee   0x00000002   PAD
    0x110051f0   0x110051f0   0x0000000e   Code   RO          511    .text.MON_Init      mon.o
    0x110051fe   0x110051fe   0x00000002   PAD
    0x11005200   0x11005200   0x00000002   Code   RO          487    .text.MemManage_Handler  isr.o
    0x11005202   0x11005202   0x00000002   PAD
    0x11005204   0x11005204   0x0000007a   Code   RO           87    .text.Mem_DataRAM2NVM  mem_mem.o
    0x1100527e   0x1100527e   0x00000002   PAD
    0x11005280   0x11005280   0x00000016   Code   RO           85    .text.Mem_EreaseEeprom  mem_mem.o
    0x11005296   0x11005296   0x00000002   PAD
    0x11005298   0x11005298   0x000003b6   Code   RO           83    .text.Mem_RAMInit   mem_mem.o
    0x1100564e   0x1100564e   0x00000002   PAD
    0x11005650   0x11005650   0x0000007e   Code   RO          483    .text.NMI_Handler   isr.o
    0x110056ce   0x110056ce   0x00000002   PAD
    0x110056d0   0x110056d0   0x00002818   Code   RO         1624    .text.OBD_SlwTask   asw_obd.o
    0x11007ee8   0x11007ee8   0x00000316   Code   RO         1622    .text.OBD_SlwTask_Init  asw_obd.o
    0x110081fe   0x110081fe   0x00000002   PAD
    0x11008200   0x11008200   0x000000ba   Code   RO          523    .text.PMU_Init      pmu.o
    0x110082ba   0x110082ba   0x00000002   PAD
    0x110082bc   0x110082bc   0x00000074   Code   RO          537    .text.PORT_ChangePin  port.o
    0x11008330   0x11008330   0x00000074   Code   RO          535    .text.PORT_Init     port.o
    0x110083a4   0x110083a4   0x0000002a   Code   RO          134    .text.PWM_3PHASE_Stop  pwm_pwm.o
    0x110083ce   0x110083ce   0x00000002   PAD
    0x110083d0   0x110083d0   0x0000001c   Code   RO          109    .text.PWM_CalcStart  pwm_clac.o
    0x110083ec   0x110083ec   0x000000c4   Code   RO          146    .text.PWM_INT_StateHandle  pwm_pwm.o
    0x110084b0   0x110084b0   0x0000002a   Code   RO          138    .text.PWM_LaunchPWM  pwm_pwm.o
    0x110084da   0x110084da   0x00000002   PAD
    0x110084dc   0x110084dc   0x00000040   Code   RO          117    .text.PWM_SSM_Init  pwm_clac.o
    0x1100851c   0x1100851c   0x00000052   Code   RO          121    .text.PWM_SSM_ReconstructCurr  pwm_clac.o
    0x1100856e   0x1100856e   0x00000002   PAD
    0x11008570   0x11008570   0x00000168   Code   RO          111    .text.PWM_Set_ClacPwmVals  pwm_clac.o
    0x110086d8   0x110086d8   0x00000012   Code   RO          115    .text.PWM_Set_CompareFallValues  pwm_clac.o
    0x110086ea   0x110086ea   0x00000002   PAD
    0x110086ec   0x110086ec   0x00000012   Code   RO          113    .text.PWM_Set_CompareRiseValues  pwm_clac.o
    0x110086fe   0x110086fe   0x00000002   PAD
    0x11008700   0x11008700   0x00000038   Code   RO          119    .text.PWM_Set_SampleTimer  pwm_clac.o
    0x11008738   0x11008738   0x00000014   Code   RO          136    .text.PWM_Set_T12ChannelVal  pwm_pwm.o
    0x1100874c   0x1100874c   0x0000000e   Code   RO          140    .text.PWM_Set_T13CompareVal  pwm_pwm.o
    0x1100875a   0x1100875a   0x00000002   PAD
    0x1100875c   0x1100875c   0x00000012   Code   RO          142    .text.PWM_Set_T13PeriodVal  pwm_pwm.o
    0x1100876e   0x1100876e   0x00000002   PAD
    0x11008770   0x11008770   0x0000090a   Code   RO         1533    .text.PhCurrGen_SlwTask  asw_phcurrgen.o
    0x1100907a   0x1100907a   0x00000002   PAD
    0x1100907c   0x1100907c   0x00001276   Code   RO         1512    .text.PhVltgGen_MedTask  asw_phvltggen.o
    0x1100a2f2   0x1100a2f2   0x00000002   PAD
    0x1100a2f4   0x1100a2f4   0x0000003e   Code   RO           99    .text.PosSCD_Data_Read  posscd_possensor.o
    0x1100a332   0x1100a332   0x00000002   PAD
    0x1100a334   0x1100a334   0x00000074   Code   RO           97    .text.PosSCD_Init   posscd_possensor.o
    0x1100a3a8   0x1100a3a8   0x00000100   Code   RO          374    .text.ProgramPage   bootrom.o
    0x1100a4a8   0x1100a4a8   0x00000034   Code   RO          972    .text.ProtStk_LINTp_Init  lintp.o
    0x1100a4dc   0x1100a4dc   0x0000000e   Code   RO          807    .text.ProtStk_UDS_1msTask  lintask.o
    0x1100a4ea   0x1100a4ea   0x00000002   PAD
    0x1100a4ec   0x1100a4ec   0x0000003c   Code   RO         1108    .text.ProtStk_UDS_Init  uds.o
    0x1100a528   0x1100a528   0x000001ee   Code   RO          553    .text.SCU_ClkInit   scu.o
    0x1100a716   0x1100a716   0x00000002   PAD
    0x1100a718   0x1100a718   0x0000008e   Code   RO          557    .text.SCU_EnterSleepMode  scu.o
    0x1100a7a6   0x1100a7a6   0x00000002   PAD
    0x1100a7a8   0x1100a7a8   0x00000040   Code   RO          555    .text.SCU_Init      scu.o
    0x1100a7e8   0x1100a7e8   0x00000034   Code   RO          166    .text.SPI_DataTransferDMA  spi_ssc.o
    0x1100a81c   0x1100a81c   0x00000028   Code   RO          168    .text.SPI_DataTransferStart  spi_ssc.o
    0x1100a844   0x1100a844   0x000000a2   Code   RO          160    .text.SPI_SyncTransmit  spi_ssc.o
    0x1100a8e6   0x1100a8e6   0x00000002   PAD
    0x1100a8e8   0x1100a8e8   0x00000010   Code   RO          164    .text.SPI_Update_TxBuffer  spi_ssc.o
    0x1100a8f8   0x1100a8f8   0x00000022   Code   RO          574    .text.SSC1_Init     ssc.o
    0x1100a91a   0x1100a91a   0x00000002   PAD
    0x1100a91c   0x1100a91c   0x00000240   Code   RO         1647    .text.SigIn_MedTask  asw_sigin.o
    0x1100ab5c   0x1100ab5c   0x00000288   Code   RO         1651    .text.SigIn_SlwTask  asw_sigin.o
    0x1100ade4   0x1100ade4   0x00000010   Code   RO          493    .text.SysTick_Handler  isr.o
    0x1100adf4   0x1100adf4   0x0000002c   Code   RO          630    .text.SysTick_Init  wdt1.o
    0x1100ae20   0x1100ae20   0x000000e0   Code   RO          179    .text.Sys_DMAInit   sys_dma.o
    0x1100af00   0x1100af00   0x0000005c   Code   RO          181    .text.Sys_DMAResetChannel  sys_dma.o
    0x1100af5c   0x1100af5c   0x00000004   Code   RO          194    .text.Sys_IntDisIrq  sys_int.o
    0x1100af60   0x1100af60   0x00000004   Code   RO          196    .text.Sys_IntEnIrq  sys_int.o
    0x1100af64   0x1100af64   0x0000001e   Code   RO          224    .text.Sys_McuInit   sys_mcuinit.o
    0x1100af82   0x1100af82   0x00000002   PAD
    0x1100af84   0x1100af84   0x0000000e   Code   RO          207    .text.Sys_SCU_ClrRxInt  sys_scu.o
    0x1100af92   0x1100af92   0x00000002   PAD
    0x1100af94   0x1100af94   0x00000004   Code   RO          205    .text.Sys_SCU_SleepMode  sys_scu.o
    0x1100af98   0x1100af98   0x00000034   Code   RO          585    .text.SystemInit    system_tle987x.o
    0x1100afcc   0x1100afcc   0x00000020   Code   RO          596    .text.TIMER21_Init  timer2x.o
    0x1100afec   0x1100afec   0x00000002   Code   RO          594    .text.TIMER2_Init   timer2x.o
    0x1100afee   0x1100afee   0x00000002   PAD
    0x1100aff0   0x1100aff0   0x00000004   Code   RO          261    .text.Task_1000msTask  task_task.o
    0x1100aff4   0x1100aff4   0x00000012   Code   RO          259    .text.Task_100msTask  task_task.o
    0x1100b006   0x1100b006   0x00000002   PAD
    0x1100b008   0x1100b008   0x00000026   Code   RO          257    .text.Task_10msTask  task_task.o
    0x1100b02e   0x1100b02e   0x00000002   PAD
    0x1100b030   0x1100b030   0x00000004   Code   RO          255    .text.Task_1msTask  task_task.o
    0x1100b034   0x1100b034   0x0000000e   Code   RO          247    .text.Task_StartupTask  task_task.o
    0x1100b042   0x1100b042   0x00000002   PAD
    0x1100b044   0x1100b044   0x00000082   Code   RO          249    .text.Task_TaskRun  task_task.o
    0x1100b0c6   0x1100b0c6   0x00000002   PAD
    0x1100b0c8   0x1100b0c8   0x0000004e   Code   RO          253    .text.Task_Timer_ISR  task_task.o
    0x1100b116   0x1100b116   0x00000002   PAD
    0x1100b118   0x1100b118   0x00000004   Code   RO          216    .text.Timer21_interrupt  sys_timer2x.o
    0x1100b11c   0x1100b11c   0x00000028   Code   RO          479    .text.UART1_IRQHandler  isr.o
    0x1100b144   0x1100b144   0x0000002e   Code   RO          611    .text.UART1_Init    uart.o
    0x1100b172   0x1100b172   0x00000002   PAD
    0x1100b174   0x1100b174   0x00000026   Code   RO          481    .text.UART2_IRQHandler  isr.o
    0x1100b19a   0x1100b19a   0x00000002   PAD
    0x1100b19c   0x1100b19c   0x00000002   Code   RO          615    .text.UART2_Init    uart.o
    0x1100b19e   0x1100b19e   0x00000002   PAD
    0x1100b1a0   0x1100b1a0   0x00000002   Code   RO          491    .text.UsageFault_Handler  isr.o
    0x1100b1a2   0x1100b1a2   0x00000002   PAD
    0x1100b1a4   0x1100b1a4   0x0000001c   Code   RO          628    .text.WDT1_Init     wdt1.o
    0x1100b1c0   0x1100b1c0   0x0000001c   Code   RO          636    .text.WDT1_SOW_Service  wdt1.o
    0x1100b1dc   0x1100b1dc   0x0000002e   Code   RO          634    .text.WDT1_Service  wdt1.o
    0x1100b20a   0x1100b20a   0x00000002   PAD
    0x1100b20c   0x1100b20c   0x00000012   Code   RO          632    .text.WDT1_Stop     wdt1.o
    0x1100b21e   0x1100b21e   0x00000002   PAD
    0x1100b220   0x1100b220   0x0000002a   Code   RO         1124    .text.__NVIC_SystemReset  uds.o
    0x1100b24a   0x1100b24a   0x00000002   PAD
    0x1100b24c   0x1100b24c   0x0000001c   Code   RO         1240    .text.didrd_ActiveSessionState  uds_user.o
    0x1100b268   0x1100b268   0x00000012   Code   RO         1348    .text.didrd_AppVersion  uds_user.o
    0x1100b27a   0x1100b27a   0x00000002   PAD
    0x1100b27c   0x1100b27c   0x00000012   Code   RO         1344    .text.didrd_BootVersion  uds_user.o
    0x1100b28e   0x1100b28e   0x00000002   PAD
    0x1100b290   0x1100b290   0x00000012   Code   RO         1346    .text.didrd_DataVersion  uds_user.o
    0x1100b2a2   0x1100b2a2   0x00000002   PAD
    0x1100b2a4   0x1100b2a4   0x00000012   Code   RO         1342    .text.didrd_ECUProductionTime  uds_user.o
    0x1100b2b6   0x1100b2b6   0x00000002   PAD
    0x1100b2b8   0x1100b2b8   0x00000012   Code   RO         1340    .text.didrd_HardwareVersionNumber  uds_user.o
    0x1100b2ca   0x1100b2ca   0x00000002   PAD
    0x1100b2cc   0x1100b2cc   0x00000012   Code   RO         1336    .text.didrd_OrderNumber  uds_user.o
    0x1100b2de   0x1100b2de   0x00000002   PAD
    0x1100b2e0   0x1100b2e0   0x00000012   Code   RO         1338    .text.didrd_SerialNumber  uds_user.o
    0x1100b2f2   0x1100b2f2   0x00000002   PAD
    0x1100b2f4   0x1100b2f4   0x00000012   Code   RO         1350    .text.didrd_SystemName  uds_user.o
    0x1100b306   0x1100b306   0x00000002   PAD
    0x1100b308   0x1100b308   0x00000004   Code   RO         1300    .text.didrd_parAngPosEvalMode  uds_user.o
    0x1100b30c   0x1100b30c   0x00000004   Code   RO         1264    .text.didrd_parDirCurrCtrlIntgGain  uds_user.o
    0x1100b310   0x1100b310   0x00000004   Code   RO         1260    .text.didrd_parDirCurrCtrlPropGain  uds_user.o
    0x1100b314   0x1100b314   0x00000004   Code   RO         1284    .text.didrd_parMinSnslRefElctSpd  uds_user.o
    0x1100b318   0x1100b318   0x00000004   Code   RO         1288    .text.didrd_parMinStrtUpElctSpd  uds_user.o
    0x1100b31c   0x1100b31c   0x00000004   Code   RO         1308    .text.didrd_parOlClAngRiseRate  uds_user.o
    0x1100b320   0x1100b320   0x00000004   Code   RO         1332    .text.didrd_parPCBTempColdStart_C  uds_user.o
    0x1100b324   0x1100b324   0x00000004   Code   RO         1280    .text.didrd_parPLLCtrlIntgGain  uds_user.o
    0x1100b328   0x1100b328   0x00000004   Code   RO         1328    .text.didrd_parPLLCtrlIntgGainColdStart  uds_user.o
    0x1100b32c   0x1100b32c   0x00000004   Code   RO         1276    .text.didrd_parPLLCtrlPropGain  uds_user.o
    0x1100b330   0x1100b330   0x00000004   Code   RO         1324    .text.didrd_parPLLCtrlPropGainColdStart  uds_user.o
    0x1100b334   0x1100b334   0x00000004   Code   RO         1272    .text.didrd_parQdrtCurrCtrlIntgGain  uds_user.o
    0x1100b338   0x1100b338   0x00000004   Code   RO         1268    .text.didrd_parQdrtCurrCtrlPropGain  uds_user.o
    0x1100b33c   0x1100b33c   0x00000004   Code   RO         1316    .text.didrd_parRefSpdRisOLSlewRate  uds_user.o
    0x1100b340   0x1100b340   0x00000004   Code   RO         1312    .text.didrd_parRefSpdRisSlewRate  uds_user.o
    0x1100b344   0x1100b344   0x00000004   Code   RO         1296    .text.didrd_parSnslElctAngDely  uds_user.o
    0x1100b348   0x1100b348   0x00000004   Code   RO         1256    .text.didrd_parSpdCtrlIntgGain  uds_user.o
    0x1100b34c   0x1100b34c   0x00000004   Code   RO         1252    .text.didrd_parSpdCtrlPropGain  uds_user.o
    0x1100b350   0x1100b350   0x00000004   Code   RO         1292    .text.didrd_parStlgStrtUpElctSpd  uds_user.o
    0x1100b354   0x1100b354   0x00000004   Code   RO         1304    .text.didrd_parStrtUpProcTolElctSpd  uds_user.o
    0x1100b358   0x1100b358   0x00000004   Code   RO         1320    .text.didrd_u16_cntOLWait  uds_user.o
    0x1100b35c   0x1100b35c   0x00000014   Code   RO         1356    .text.didwt_ECUProductionTime  uds_user.o
    0x1100b370   0x1100b370   0x00000014   Code   RO         1354    .text.didwt_HardwareVersionNumber  uds_user.o
    0x1100b384   0x1100b384   0x00000014   Code   RO         1352    .text.didwt_SerialNumber  uds_user.o
    0x1100b398   0x1100b398   0x00000004   Code   RO         1302    .text.didwt_parAngPosEvalMode  uds_user.o
    0x1100b39c   0x1100b39c   0x00000004   Code   RO         1266    .text.didwt_parDirCurrCtrlIntgGain  uds_user.o
    0x1100b3a0   0x1100b3a0   0x00000004   Code   RO         1262    .text.didwt_parDirCurrCtrlPropGain  uds_user.o
    0x1100b3a4   0x1100b3a4   0x00000004   Code   RO         1286    .text.didwt_parMinSnslRefElctSpd  uds_user.o
    0x1100b3a8   0x1100b3a8   0x00000004   Code   RO         1290    .text.didwt_parMinStrtUpElctSpd  uds_user.o
    0x1100b3ac   0x1100b3ac   0x00000004   Code   RO         1310    .text.didwt_parOlClAngRiseRate  uds_user.o
    0x1100b3b0   0x1100b3b0   0x00000004   Code   RO         1334    .text.didwt_parPCBTempColdStart_C  uds_user.o
    0x1100b3b4   0x1100b3b4   0x00000004   Code   RO         1282    .text.didwt_parPLLCtrlIntgGain  uds_user.o
    0x1100b3b8   0x1100b3b8   0x00000004   Code   RO         1330    .text.didwt_parPLLCtrlIntgGainColdStart  uds_user.o
    0x1100b3bc   0x1100b3bc   0x00000004   Code   RO         1278    .text.didwt_parPLLCtrlPropGain  uds_user.o
    0x1100b3c0   0x1100b3c0   0x00000004   Code   RO         1326    .text.didwt_parPLLCtrlPropGainColdStart  uds_user.o
    0x1100b3c4   0x1100b3c4   0x00000004   Code   RO         1274    .text.didwt_parQdrtCurrCtrlIntgGain  uds_user.o
    0x1100b3c8   0x1100b3c8   0x00000004   Code   RO         1270    .text.didwt_parQdrtCurrCtrlPropGain  uds_user.o
    0x1100b3cc   0x1100b3cc   0x00000004   Code   RO         1318    .text.didwt_parRefSpdRisOLSlewRate  uds_user.o
    0x1100b3d0   0x1100b3d0   0x00000004   Code   RO         1314    .text.didwt_parRefSpdRisSlewRate  uds_user.o
    0x1100b3d4   0x1100b3d4   0x00000004   Code   RO         1298    .text.didwt_parSnslElctAngDely  uds_user.o
    0x1100b3d8   0x1100b3d8   0x00000004   Code   RO         1258    .text.didwt_parSpdCtrlIntgGain  uds_user.o
    0x1100b3dc   0x1100b3dc   0x00000004   Code   RO         1254    .text.didwt_parSpdCtrlPropGain  uds_user.o
    0x1100b3e0   0x1100b3e0   0x00000004   Code   RO         1294    .text.didwt_parStlgStrtUpElctSpd  uds_user.o
    0x1100b3e4   0x1100b3e4   0x00000004   Code   RO         1306    .text.didwt_parStrtUpProcTolElctSpd  uds_user.o
    0x1100b3e8   0x1100b3e8   0x00000004   Code   RO         1322    .text.didwt_u16_cntOLWait  uds_user.o
    0x1100b3ec   0x1100b3ec   0x0000001c   Code   RO         1686    .text.div_nde_s32_floor  div_nde_s32_floor.o
    0x1100b408   0x1100b408   0x0000015a   Code   RO         1695    .text.div_nzp_repeat_u32  div_nzp_repeat_u32.o
    0x1100b562   0x1100b562   0x00000002   PAD
    0x1100b564   0x1100b564   0x00000024   Code   RO         1220    .text.ecuResetTrig  uds_user.o
    0x1100b588   0x1100b588   0x00000004   Code   RO         1401    .text.fblNvm_save1  fbl_infor.o
    0x1100b58c   0x1100b58c   0x00000028   Code   RO          684    .text.l_Update_Frame_Flags  genlinconfig.o
    0x1100b5b4   0x1100b5b4   0x0000014c   Code   RO          733    .text.l_hal_rx_state_machine  lin_hal.o
    0x1100b700   0x1100b700   0x00000070   Code   RO          723    .text.l_hal_tx_state_machine  lin_hal.o
    0x1100b770   0x1100b770   0x00000010   Code   RO          706    .text.l_ifc_read_status  lin_driver_api.o
    0x1100b780   0x1100b780   0x0000000a   Code   RO          702    .text.l_sys_init    lin_driver_api.o
    0x1100b78a   0x1100b78a   0x00000002   PAD
    0x1100b78c   0x1100b78c   0x0000000a   Code   RO          786    .text.l_sys_irq_disable  linmain.o
    0x1100b796   0x1100b796   0x00000002   PAD
    0x1100b798   0x1100b798   0x00000008   Code   RO          788    .text.l_sys_irq_restore  linmain.o
    0x1100b7a0   0x1100b7a0   0x0000002a   Code   RO          964    .text.linTp_Reset   lintp.o
    0x1100b7ca   0x1100b7ca   0x00000002   PAD
    0x1100b7cc   0x1100b7cc   0x0000012e   Code   RO          735    .text.lin_hal_ISR   lin_hal.o
    0x1100b8fa   0x1100b8fa   0x00000002   PAD
    0x1100b8fc   0x1100b8fc   0x000000d6   Code   RO          715    .text.lin_hal_init  lin_hal.o
    0x1100b9d2   0x1100b9d2   0x00000002   PAD
    0x1100b9d4   0x1100b9d4   0x000000c2   Code   RO          717    .text.lin_hal_init_uart  lin_hal.o
    0x1100ba96   0x1100ba96   0x00000002   PAD
    0x1100ba98   0x1100ba98   0x00000028   Code   RO          731    .text.lin_hal_rx_response  lin_hal.o
    0x1100bac0   0x1100bac0   0x0000010e   Code   RO          721    .text.lin_hal_tx_response  lin_hal.o
    0x1100bbce   0x1100bbce   0x00000002   PAD
    0x1100bbd0   0x1100bbd0   0x00000022   Code   RO          747    .text.lin_main_init  lin_main.o
    0x1100bbf2   0x1100bbf2   0x00000002   PAD
    0x1100bbf4   0x1100bbf4   0x00000106   Code   RO          771    .text.lin_slave_task_rx_data  lin_slave_task.o
    0x1100bcfa   0x1100bcfa   0x00000002   PAD
    0x1100bcfc   0x1100bcfc   0x0000013c   Code   RO          769    .text.lin_slave_task_rx_pid  lin_slave_task.o
    0x1100be38   0x1100be38   0x00000066   Code   RO          767    .text.lin_slave_task_tx_data  lin_slave_task.o
    0x1100be9e   0x1100be9e   0x00000002   PAD
    0x1100bea0   0x1100bea0   0x000000e8   Code   RO         1713    .text.look1_is16lu32n32ys16n_eAC3J1UD  look1_is16lu32n32ys16n_eac3j1ud.o
    0x1100bf88   0x1100bf88   0x000000d8   Code   RO         1731    .text.look1_iu16lu32n16ts16D_2s4GBl96  look1_iu16lu32n16ts16d_2s4gbl96.o
    0x1100c060   0x1100c060   0x000000ea   Code   RO         1740    .text.look1_iu16lu32n16tu8_binlcse  look1_iu16lu32n16tu8_binlcse.o
    0x1100c14a   0x1100c14a   0x00000002   PAD
    0x1100c14c   0x1100c14c   0x000000d4   Code   RO         1722    .text.look1_iu8lu32n16ts16Ds32_binlcs  look1_iu8lu32n16ts16ds32_binlcs.o
    0x1100c220   0x1100c220   0x000001d4   Code   RO         1749    .text.look2_is16lu32n16tu16_binlcse  look2_is16lu32n16tu16_binlcse.o
    0x1100c3f4   0x1100c3f4   0x000001da   Code   RO         1821    .text.look2_iu8s16lu32n16tu16_binlcse  look2_iu8s16lu32n16tu16_binlcse.o
    0x1100c5ce   0x1100c5ce   0x00000002   PAD
    0x1100c5d0   0x1100c5d0   0x00000020   Code   RO          237    .text.main          main.o
    0x1100c5f0   0x1100c5f0   0x00000016   Code   RO         1776    .text.mul_ssu32_hiSR  mul_ssu32_hisr.o
    0x1100c606   0x1100c606   0x00000002   PAD
    0x1100c608   0x1100c608   0x00000022   Code   RO         1785    .text.mul_ssu32_loSR  mul_ssu32_losr.o
    0x1100c62a   0x1100c62a   0x00000002   PAD
    0x1100c62c   0x1100c62c   0x0000007a   Code   RO         1812    .text.mul_wide_su32  mul_wide_su32.o
    0x1100c6a6   0x1100c6a6   0x00000002   PAD
    0x1100c6a8   0x1100c6a8   0x00000022   Code   RO         1024    .text.nt_is_RequestCompleted  lintp_export.o
    0x1100c6ca   0x1100c6ca   0x00000002   PAD
    0x1100c6cc   0x1100c6cc   0x00000014   Code   RO         1022    .text.nt_is_locked  lintp_export.o
    0x1100c6e0   0x1100c6e0   0x0000000c   Code   RO         1018    .text.nt_req_is_functional_check  lintp_export.o
    0x1100c6ec   0x1100c6ec   0x0000002a   Code   RO         1008    .text.nt_req_pop_dt  lintp_export.o
    0x1100c716   0x1100c716   0x00000002   PAD
    0x1100c718   0x1100c718   0x0000001a   Code   RO         1012    .text.nt_req_pos_set  lintp_export.o
    0x1100c732   0x1100c732   0x00000002   PAD
    0x1100c734   0x1100c734   0x00000014   Code   RO         1016    .text.nt_req_remain_len  lintp_export.o
    0x1100c748   0x1100c748   0x00000022   Code   RO         1032    .text.nt_rsp_get_data  lintp_export.o
    0x1100c76a   0x1100c76a   0x00000002   PAD
    0x1100c76c   0x1100c76c   0x000000d2   Code   RO         1030    .text.nt_rsp_push_buf  lintp_export.o
    0x1100c83e   0x1100c83e   0x00000002   PAD
    0x1100c840   0x1100c840   0x00000022   Code   RO         1028    .text.nt_rsp_push_dt  lintp_export.o
    0x1100c862   0x1100c862   0x00000002   PAD
    0x1100c864   0x1100c864   0x0000001e   Code   RO         1026    .text.nt_rsp_reset  lintp_export.o
    0x1100c882   0x1100c882   0x00000002   PAD
    0x1100c884   0x1100c884   0x00000098   Code   RO         1034    .text.nt_rsp_set    lintp_export.o
    0x1100c91c   0x1100c91c   0x00000022   Code   RO         1040    .text.nt_rsp_start  lintp_export.o
    0x1100c93e   0x1100c93e   0x00000002   PAD
    0x1100c940   0x1100c940   0x00000014   Code   RO         1020    .text.nt_unlock     lintp_export.o
    0x1100c954   0x1100c954   0x000000de   Code   RO         1232    .text.rtStart_checkAppDataIntegrity  uds_user.o
    0x1100ca32   0x1100ca32   0x00000002   PAD
    0x1100ca34   0x1100ca34   0x00000042   Code   RO         1236    .text.rtStart_stayInBoot  uds_user.o
    0x1100ca76   0x1100ca76   0x00000002   PAD
    0x1100ca78   0x1100ca78   0x000001ca   Code   RO         1138    .text.serv_didRead  uds.o
    0x1100cc42   0x1100cc42   0x00000002   PAD
    0x1100cc44   0x1100cc44   0x00000226   Code   RO         1140    .text.serv_didWrite  uds.o
    0x1100ce6a   0x1100ce6a   0x00000002   PAD
    0x1100ce6c   0x1100ce6c   0x00000046   Code   RO         1218    .text.serv_ecuReset  uds_user.o
    0x1100ceb2   0x1100ceb2   0x00000002   PAD
    0x1100ceb4   0x1100ceb4   0x00000134   Code   RO         1226    .text.serv_requestDownload  uds_user.o
    0x1100cfe8   0x1100cfe8   0x00000042   Code   RO         1228    .text.serv_requestTransferExit  uds_user.o
    0x1100d02a   0x1100d02a   0x00000002   PAD
    0x1100d02c   0x1100d02c   0x00000200   Code   RO         1142    .text.serv_routineControl  uds.o
    0x1100d22c   0x1100d22c   0x00000282   Code   RO         1126    .text.serv_securityAccess  uds.o
    0x1100d4ae   0x1100d4ae   0x00000002   PAD
    0x1100d4b0   0x1100d4b0   0x0000017e   Code   RO         1114    .text.serv_sessionControl  uds.o
    0x1100d62e   0x1100d62e   0x00000002   PAD
    0x1100d630   0x1100d630   0x0000006e   Code   RO         1134    .text.serv_testPresent  uds.o
    0x1100d69e   0x1100d69e   0x00000002   PAD
    0x1100d6a0   0x1100d6a0   0x00000002   Code   RO         1188    .text.uds_didRwReady  uds_cfg.o
    0x1100d6a2   0x1100d6a2   0x00000002   PAD
    0x1100d6a4   0x1100d6a4   0x00000026   Code   RO         1150    .text.uds_getActiveSession  uds.o
    0x1100d6ca   0x1100d6ca   0x00000002   PAD
    0x1100d6cc   0x1100d6cc   0x0000006e   Code   RO         1102    .text.uds_negativeRsp  uds.o
    0x1100d73a   0x1100d73a   0x00000002   PAD
    0x1100d73c   0x1100d73c   0x00000004   Code   RO         1116    .text.uds_popRequestData  uds.o
    0x1100d740   0x1100d740   0x00000012   Code   RO         1118    .text.uds_pushRspData  uds.o
    0x1100d752   0x1100d752   0x00000002   PAD
    0x1100d754   0x1100d754   0x00000004   Code   RO         1120    .text.uds_remainRequestDLC  uds.o
    0x1100d758   0x1100d758   0x000001b6   Code   RO         1100    .text.uds_requestProcess  uds.o
    0x1100d90e   0x1100d90e   0x00000002   PAD
    0x1100d910   0x1100d910   0x0000000e   Code   RO         1132    .text.uds_rspPending  uds.o
    0x1100d91e   0x1100d91e   0x00000002   PAD
    0x1100d920   0x1100d920   0x00000014   Code   RO         1044    .text.uds_rsp_is_pending  lintp_export.o
    0x1100d934   0x1100d934   0x0000001a   Code   RO         1042    .text.uds_rsp_pending  lintp_export.o
    0x1100d94e   0x1100d94e   0x00000002   PAD
    0x1100d950   0x1100d950   0x00000058   Code   RO         1186    .text.uds_saCheckKey  uds_cfg.o
    0x1100d9a8   0x1100d9a8   0x00000028   Code   RO         1130    .text.uds_saLevelUnlockCheckByIndex  uds.o
    0x1100d9d0   0x1100d9d0   0x00000050   Code   RO         1182    .text.uds_saUpdateSeed  uds_cfg.o
    0x1100da20   0x1100da20   0x0000012a   Code   RO         1122    .text.uds_sendResponse  uds.o
    0x1100db4a   0x1100db4a   0x00000002   PAD
    0x1100db4c   0x1100db4c   0x00000030   Code   RO         1180    .text.uds_sessionSwitch  uds_cfg.o
    0x1100db7c   0x1100db7c   0x00000002   Code   RO         1178    .text.uds_sessionTimeout  uds_cfg.o
    0x1100db7e   0x1100db7e   0x00000002   PAD
    0x1100db80   0x1100db80   0x000001b4   Code   RO         1110    .text.uds_task      uds.o
    0x1100dd34   0x1100dd34   0x0000000e   Code   RO         2112    i.__scatterload_copy  mc_w.l(handlers.o)
    0x1100dd42   0x1100dd42   0x00000002   Code   RO         2113    i.__scatterload_null  mc_w.l(handlers.o)
    0x1100dd44   0x1100dd44   0x0000000e   Code   RO         2114    i.__scatterload_zeroinit  mc_w.l(handlers.o)
    0x1100dd52   0x1100dd52   0x00000002   PAD
    0x1100dd54   0x1100dd54   0x0000003c   Data   RO         1565    .rodata.ASW_AST_rtZBUS_AST_SLW_TASK_IN  asw_ast.o
    0x1100dd90   0x1100dd90   0x00000020   Data   RO         1563    .rodata.ASW_AST_rtZBUS_AST_SLW_TASK_OUT  asw_ast.o
    0x1100ddb0   0x1100ddb0   0x0000005c   Data   RO         1632    .rodata.ASW_OBD_rtZBUS_OBD_SLW_TASK_IN  asw_obd.o
    0x1100de0c   0x1100de0c   0x00000022   Data   RO         1520    .rodata.ASW_PhVltgGen_rtZBUS_PHVLTGGEN_  asw_phvltggen.o
    0x1100de2e   0x1100de2e   0x00000002   PAD
    0x1100de30   0x1100de30   0x0000002a   Data   RO         1660    .rodata.ASW_SigIn_rtZBUS_SIGIN_SLW_TASK  asw_sigin.o
    0x1100de5a   0x1100de5a   0x00000001   Data   RO         1856    .rodata.Gbol_flgFaltManEnFlg_C  motor_control_param.o
    0x1100de5b   0x1100de5b   0x00000001   Data   RO         2011    .rodata.Genm_modePWMMode_C  motor_control_param.o
    0x1100de5c   0x1100de5c   0x00000001   Data   RO         2050    .rodata.Genm_modePhCurrSmpMode_C  motor_control_param.o
    0x1100de5d   0x1100de5d   0x00000001   PAD
    0x1100de5e   0x1100de5e   0x00000002   Data   RO         2014    .rodata.Gs16_facAlgnTqFallRate_C  motor_control_param.o
    0x1100de60   0x1100de60   0x00000002   Data   RO         2015    .rodata.Gs16_facAlgnTqRiseRate_C  motor_control_param.o
    0x1100de62   0x1100de62   0x00000002   Data   RO         1831    .rodata.Gs16_facOpnLpClsLpAgRiseRate_C  motor_control_param.o
    0x1100de64   0x1100de64   0x00000008   Data   RO         1850    .rodata.Gs16_facPLLCtlKp_MAP_nActElecSpd_Y  motor_control_param.o
    0x1100de6c   0x1100de6c   0x00000002   Data   RO         2016    .rodata.Gs16_facRefSpdFallSlwRate_C  motor_control_param.o
    0x1100de6e   0x1100de6e   0x00000002   Data   RO         2017    .rodata.Gs16_facRefSpdOLFallSlwRate_C  motor_control_param.o
    0x1100de70   0x1100de70   0x00000002   Data   RO         2018    .rodata.Gs16_facRefSpdOLRiseSlwRate_C  motor_control_param.o
    0x1100de72   0x1100de72   0x00000002   Data   RO         2019    .rodata.Gs16_facRefSpdRisSlwRate_C  motor_control_param.o
    0x1100de74   0x1100de74   0x00000002   Data   RO         1997    .rodata.Gs16_facStrtUpTqRiseRate_C  motor_control_param.o
    0x1100de76   0x1100de76   0x00000002   Data   RO         2010    .rodata.Gs16_facStrtUpTrqDecFallRate_C  motor_control_param.o
    0x1100de78   0x1100de78   0x00000002   Data   RO         2009    .rodata.Gs16_facStrtUpTrqDecRiseRate_C  motor_control_param.o
    0x1100de7a   0x1100de7a   0x00000002   Data   RO         1861    .rodata.Gs16_iColdStrtPhCurrHiLvl1ConfTrs_C  motor_control_param.o
    0x1100de7c   0x1100de7c   0x00000002   Data   RO         1862    .rodata.Gs16_iColdStrtPhCurrHiLvl1RcvyTrs_C  motor_control_param.o
    0x1100de7e   0x1100de7e   0x0000000a   Data   RO         1857    .rodata.Gs16_iNoLdPhCurr_CUR  motor_control_param.o
    0x1100de88   0x1100de88   0x0000000a   Data   RO         1858    .rodata.Gs16_iNoLdPhCurr_CUR_nActElecSpd_X  motor_control_param.o
    0x1100de92   0x1100de92   0x00000002   Data   RO         1859    .rodata.Gs16_iPhCurrHiLvl1ConfTrs_C  motor_control_param.o
    0x1100de94   0x1100de94   0x00000002   Data   RO         1860    .rodata.Gs16_iPhCurrHiLvl1RcvyTrs_C  motor_control_param.o
    0x1100de96   0x1100de96   0x0000000c   Data   RO         2020    .rodata.Gs16_iPhCurrLim_CUR  motor_control_param.o
    0x1100dea2   0x1100dea2   0x00000006   Data   RO         2021    .rodata.Gs16_iPhCurrLim_CUR_tPCBTemp_X  motor_control_param.o
    0x1100dea8   0x1100dea8   0x0000000c   Data   RO         2022    .rodata.Gs16_iSplyCurrTempLim_CUR  motor_control_param.o
    0x1100deb4   0x1100deb4   0x00000006   Data   RO         2023    .rodata.Gs16_iSplyCurrTempLim_CUR_tPCBTemp_X  motor_control_param.o
    0x1100deba   0x1100deba   0x0000000e   Data   RO         2024    .rodata.Gs16_iSplyCurrVltgLim_CUR  motor_control_param.o
    0x1100dec8   0x1100dec8   0x0000000e   Data   RO         2025    .rodata.Gs16_iSplyCurrVltgLim_CUR_uSplyVltg_X  motor_control_param.o
    0x1100ded6   0x1100ded6   0x00000002   Data   RO         2026    .rodata.Gs16_nAlgnRefElecSpd_C  motor_control_param.o
    0x1100ded8   0x1100ded8   0x00000002   Data   RO         1863    .rodata.Gs16_nLmpHmeRefMechSpd_C  motor_control_param.o
    0x1100deda   0x1100deda   0x00000002   Data   RO         1864    .rodata.Gs16_nMaxMotoSpdDvtConfTrs_C  motor_control_param.o
    0x1100dedc   0x1100dedc   0x00000002   Data   RO         1865    .rodata.Gs16_nMaxRefMechSpd_C  motor_control_param.o
    0x1100dede   0x1100dede   0x00000002   Data   RO         1866    .rodata.Gs16_nMinMotoSpdDvtRcvyTrs_C  motor_control_param.o
    0x1100dee0   0x1100dee0   0x00000002   Data   RO         2028    .rodata.Gs16_nMinRefMechSpd_C  motor_control_param.o
    0x1100dee2   0x1100dee2   0x00000002   Data   RO         1867    .rodata.Gs16_nMotoStallMinRefElecSpd_C  motor_control_param.o
    0x1100dee4   0x1100dee4   0x00000002   Data   RO         1868    .rodata.Gs16_nMotoTmpStallRefMechSpd_C  motor_control_param.o
    0x1100dee6   0x1100dee6   0x00000002   Data   RO         1853    .rodata.Gs16_nNoLdJudgActElecSpd_C  motor_control_param.o
    0x1100dee8   0x1100dee8   0x00000002   Data   RO         2000    .rodata.Gs16_nOpnLpConvActElecSpd_C  motor_control_param.o
    0x1100deea   0x1100deea   0x00000002   Data   RO         1832    .rodata.Gs16_nPLLElecAgSpdUpLim_C  motor_control_param.o
    0x1100deec   0x1100deec   0x00000002   Data   RO         1833    .rodata.Gs16_nSenlTrnsElecSpd_C  motor_control_param.o
    0x1100deee   0x1100deee   0x00000002   Data   RO         2001    .rodata.Gs16_nShOffActElecSpd_C  motor_control_param.o
    0x1100def0   0x1100def0   0x00000002   Data   RO         2002    .rodata.Gs16_nStrtUpProcTolcElecSpd_C  motor_control_param.o
    0x1100def2   0x1100def2   0x00000002   Data   RO         2029    .rodata.Gs16_nUDS2FRefMechSpd_C  motor_control_param.o
    0x1100def4   0x1100def4   0x00000002   Data   RO         1834    .rodata.Gs16_tCtlVltgDelTi_C  motor_control_param.o
    0x1100def6   0x1100def6   0x00000002   Data   RO         1836    .rodata.Gs16_tiPhVltgAgDel_C  motor_control_param.o
    0x1100def8   0x1100def8   0x00000002   Data   RO         1835    .rodata.Gs16_tiSenlElecAgDel_C  motor_control_param.o
    0x1100defa   0x1100defa   0x00000002   Data   RO         2003    .rodata.Gs16_trqInitCondTq_C  motor_control_param.o
    0x1100defc   0x1100defc   0x00000002   Data   RO         2008    .rodata.Gs16_trqMinStrtUpRefTq_C  motor_control_param.o
    0x1100defe   0x1100defe   0x00000002   Data   RO         2030    .rodata.Gs16_trqRefTqAlgnVal_C  motor_control_param.o
    0x1100df00   0x1100df00   0x00000002   Data   RO         2032    .rodata.Gs16_trqTmpStallTqUpLim_C  motor_control_param.o
    0x1100df02   0x1100df02   0x00000002   Data   RO         2031    .rodata.Gs16_trqTqUpLim_C  motor_control_param.o
    0x1100df04   0x1100df04   0x00000002   Data   RO         2033    .rodata.Gu16_ctAlgnAlPhStCnt_C  motor_control_param.o
    0x1100df06   0x1100df06   0x00000002   Data   RO         2034    .rodata.Gu16_ctAlgnBePhStCnt_C  motor_control_param.o
    0x1100df08   0x1100df08   0x00000002   Data   RO         2035    .rodata.Gu16_ctAlgnStEndCnt_C  motor_control_param.o
    0x1100df0a   0x1100df0a   0x00000002   Data   RO         2036    .rodata.Gu16_ctAlgnTmpFailStCnt_C  motor_control_param.o
    0x1100df0c   0x1100df0c   0x00000002   Data   RO         2037    .rodata.Gu16_ctAlgnWaitAlStCnt_C  motor_control_param.o
    0x1100df0e   0x1100df0e   0x00000002   Data   RO         2038    .rodata.Gu16_ctAlgnWaitBeStCnt_C  motor_control_param.o
    0x1100df10   0x1100df10   0x00000002   Data   RO         1909    .rodata.Gu16_ctBattPwrHiLvl1ConfCnt_C  motor_control_param.o
    0x1100df12   0x1100df12   0x00000002   Data   RO         1910    .rodata.Gu16_ctBattPwrHiLvl1RcvyCnt_C  motor_control_param.o
    0x1100df14   0x1100df14   0x00000002   Data   RO         1911    .rodata.Gu16_ctBusOffFaltConfCnt_C  motor_control_param.o
    0x1100df16   0x1100df16   0x00000002   Data   RO         1912    .rodata.Gu16_ctBusOffFaltRcvyCnt_C  motor_control_param.o
    0x1100df18   0x1100df18   0x00000002   Data   RO         1913    .rodata.Gu16_ctCRCFaltConfCnt_C  motor_control_param.o
    0x1100df1a   0x1100df1a   0x00000002   Data   RO         1914    .rodata.Gu16_ctCRCFaltRcvyCnt_C  motor_control_param.o
    0x1100df1c   0x1100df1c   0x00000002   Data   RO         1915    .rodata.Gu16_ctChipFaltConfCnt_C  motor_control_param.o
    0x1100df1e   0x1100df1e   0x00000002   Data   RO         1916    .rodata.Gu16_ctChipFaltRcvyCnt_C  motor_control_param.o
    0x1100df20   0x1100df20   0x00000002   Data   RO         1922    .rodata.Gu16_ctComLosFaltConfCnt_C  motor_control_param.o
    0x1100df22   0x1100df22   0x00000002   Data   RO         1923    .rodata.Gu16_ctComLosFaltRcvyCnt_C  motor_control_param.o
    0x1100df24   0x1100df24   0x00000002   Data   RO         1924    .rodata.Gu16_ctComRolCntFaltConfCnt_C  motor_control_param.o
    0x1100df26   0x1100df26   0x00000002   Data   RO         1925    .rodata.Gu16_ctComRolCntFaltRcvyCnt_C  motor_control_param.o
    0x1100df28   0x1100df28   0x00000002   Data   RO         1992    .rodata.Gu16_ctCrashFaltConfCnt_C  motor_control_param.o
    0x1100df2a   0x1100df2a   0x00000002   Data   RO         1993    .rodata.Gu16_ctCrashFaltRcvyCnt_C  motor_control_param.o
    0x1100df2c   0x1100df2c   0x00000002   Data   RO         1926    .rodata.Gu16_ctCtlBrdVltgHiLvl1ConfCnt_C  motor_control_param.o
    0x1100df2e   0x1100df2e   0x00000002   Data   RO         1927    .rodata.Gu16_ctCtlBrdVltgHiLvl1RcvyCnt_C  motor_control_param.o
    0x1100df30   0x1100df30   0x00000002   Data   RO         1928    .rodata.Gu16_ctCtlBrdVltgLoLvl1ConfCnt_C  motor_control_param.o
    0x1100df32   0x1100df32   0x00000002   Data   RO         1929    .rodata.Gu16_ctCtlBrdVltgLoLvl1RcvyCnt_C  motor_control_param.o
    0x1100df34   0x1100df34   0x00000002   Data   RO         1869    .rodata.Gu16_ctFaltDiaComSdlCnt_C  motor_control_param.o
    0x1100df36   0x1100df36   0x00000002   Data   RO         1870    .rodata.Gu16_ctFaltDiaFstSdlCnt_C  motor_control_param.o
    0x1100df38   0x1100df38   0x00000002   Data   RO         1871    .rodata.Gu16_ctFaltDiaSlwSdlCnt_C  motor_control_param.o
    0x1100df3a   0x1100df3a   0x00000002   Data   RO         1931    .rodata.Gu16_ctGDVltgHiLvl1ConfCnt_C  motor_control_param.o
    0x1100df3c   0x1100df3c   0x00000002   Data   RO         1932    .rodata.Gu16_ctGDVltgHiLvl1RcvyCnt_C  motor_control_param.o
    0x1100df3e   0x1100df3e   0x00000002   Data   RO         1933    .rodata.Gu16_ctGDVltgLoLvl1ConfCnt_C  motor_control_param.o
    0x1100df40   0x1100df40   0x00000002   Data   RO         1934    .rodata.Gu16_ctGDVltgLoLvl1RcvyCnt_C  motor_control_param.o
    0x1100df42   0x1100df42   0x00000002   Data   RO         1935    .rodata.Gu16_ctHWOvrCurrConfCnt_C  motor_control_param.o
    0x1100df44   0x1100df44   0x00000002   Data   RO         1936    .rodata.Gu16_ctHWOvrCurrRcvyCnt_C  motor_control_param.o
    0x1100df46   0x1100df46   0x00000002   Data   RO         1874    .rodata.Gu16_ctMaxMotoSpdDvtConfCnt_C  motor_control_param.o
    0x1100df48   0x1100df48   0x00000002   Data   RO         1875    .rodata.Gu16_ctMinMotoSpdDvtRcvyCnt_C  motor_control_param.o
    0x1100df4a   0x1100df4a   0x00000002   Data   RO         1994    .rodata.Gu16_ctMosOpnCirFaltConfCnt_C  motor_control_param.o
    0x1100df4c   0x1100df4c   0x00000002   Data   RO         1995    .rodata.Gu16_ctMosOpnCirFaltRcvyCnt_C  motor_control_param.o
    0x1100df4e   0x1100df4e   0x00000002   Data   RO         1939    .rodata.Gu16_ctMotoSpdHiLvl1ConfCnt_C  motor_control_param.o
    0x1100df50   0x1100df50   0x00000002   Data   RO         1940    .rodata.Gu16_ctMotoSpdHiLvl1RcvyCnt_C  motor_control_param.o
    0x1100df52   0x1100df52   0x00000002   Data   RO         1941    .rodata.Gu16_ctMotoStallConfCnt_C  motor_control_param.o
    0x1100df54   0x1100df54   0x00000002   Data   RO         1942    .rodata.Gu16_ctMotoStallRcvyCnt_C  motor_control_param.o
    0x1100df56   0x1100df56   0x00000002   Data   RO         1947    .rodata.Gu16_ctMotoTempFaltConfCnt_C  motor_control_param.o
    0x1100df58   0x1100df58   0x00000002   Data   RO         1948    .rodata.Gu16_ctMotoTempFaltRcvyCnt_C  motor_control_param.o
    0x1100df5a   0x1100df5a   0x00000002   Data   RO         1943    .rodata.Gu16_ctMotoTempHiLvl1ConfCnt_C  motor_control_param.o
    0x1100df5c   0x1100df5c   0x00000002   Data   RO         1944    .rodata.Gu16_ctMotoTempHiLvl1RcvyCnt_C  motor_control_param.o
    0x1100df5e   0x1100df5e   0x00000002   Data   RO         1945    .rodata.Gu16_ctMotoTempHiLvl2ConfCnt_C  motor_control_param.o
    0x1100df60   0x1100df60   0x00000002   Data   RO         1946    .rodata.Gu16_ctMotoTempHiLvl2RcvyCnt_C  motor_control_param.o
    0x1100df62   0x1100df62   0x00000002   Data   RO         1949    .rodata.Gu16_ctNoLdConfCnt_C  motor_control_param.o
    0x1100df64   0x1100df64   0x00000002   Data   RO         1950    .rodata.Gu16_ctNoLdRcvyCnt_C  motor_control_param.o
    0x1100df66   0x1100df66   0x00000002   Data   RO         1955    .rodata.Gu16_ctPCBTempFaltConfCnt_C  motor_control_param.o
    0x1100df68   0x1100df68   0x00000002   Data   RO         1956    .rodata.Gu16_ctPCBTempFaltRcvyCnt_C  motor_control_param.o
    0x1100df6a   0x1100df6a   0x00000002   Data   RO         1951    .rodata.Gu16_ctPCBTempHiLvl1ConfCnt_C  motor_control_param.o
    0x1100df6c   0x1100df6c   0x00000002   Data   RO         1952    .rodata.Gu16_ctPCBTempHiLvl1RcvyCnt_C  motor_control_param.o
    0x1100df6e   0x1100df6e   0x00000002   Data   RO         1953    .rodata.Gu16_ctPCBTempHiLvl2ConfCnt_C  motor_control_param.o
    0x1100df70   0x1100df70   0x00000002   Data   RO         1954    .rodata.Gu16_ctPCBTempHiLvl2RcvyCnt_C  motor_control_param.o
    0x1100df72   0x1100df72   0x00000002   Data   RO         1957    .rodata.Gu16_ctPhCurrHiLvl1ConfCnt_C  motor_control_param.o
    0x1100df74   0x1100df74   0x00000002   Data   RO         1958    .rodata.Gu16_ctPhCurrHiLvl1RcvyCnt_C  motor_control_param.o
    0x1100df76   0x1100df76   0x00000002   Data   RO         1959    .rodata.Gu16_ctPhCurrSensFaltConfCnt_C  motor_control_param.o
    0x1100df78   0x1100df78   0x00000002   Data   RO         1960    .rodata.Gu16_ctPhCurrSensFaltRcvyCnt_C  motor_control_param.o
    0x1100df7a   0x1100df7a   0x00000002   Data   RO         1961    .rodata.Gu16_ctPhiSensFaltConfCnt_C  motor_control_param.o
    0x1100df7c   0x1100df7c   0x00000002   Data   RO         1962    .rodata.Gu16_ctPhiSensFaltRcvyCnt_C  motor_control_param.o
    0x1100df7e   0x1100df7e   0x00000002   Data   RO         1967    .rodata.Gu16_ctPwrTubTempFaltConfCnt_C  motor_control_param.o
    0x1100df80   0x1100df80   0x00000002   Data   RO         1968    .rodata.Gu16_ctPwrTubTempFaltRcvyCnt_C  motor_control_param.o
    0x1100df82   0x1100df82   0x00000002   Data   RO         1963    .rodata.Gu16_ctPwrTubTempHiLvl1ConfCnt_C  motor_control_param.o
    0x1100df84   0x1100df84   0x00000002   Data   RO         1964    .rodata.Gu16_ctPwrTubTempHiLvl1RcvyCnt_C  motor_control_param.o
    0x1100df86   0x1100df86   0x00000002   Data   RO         1965    .rodata.Gu16_ctPwrTubTempHiLvl2ConfCnt_C  motor_control_param.o
    0x1100df88   0x1100df88   0x00000002   Data   RO         1966    .rodata.Gu16_ctPwrTubTempHiLvl2RcvyCnt_C  motor_control_param.o
    0x1100df8a   0x1100df8a   0x00000002   Data   RO         1837    .rodata.Gu16_ctSenlTrnsElecAgConfCnt_C  motor_control_param.o
    0x1100df8c   0x1100df8c   0x00000002   Data   RO         1838    .rodata.Gu16_ctSenlTrnsElecAgRcvyCnt_C  motor_control_param.o
    0x1100df8e   0x1100df8e   0x00000002   Data   RO         1969    .rodata.Gu16_ctSplyVltgHiLvl1ConfCnt_C  motor_control_param.o
    0x1100df90   0x1100df90   0x00000002   Data   RO         1970    .rodata.Gu16_ctSplyVltgHiLvl1RcvyCnt_C  motor_control_param.o
    0x1100df92   0x1100df92   0x00000002   Data   RO         1971    .rodata.Gu16_ctSplyVltgLoLvl1ConfCnt_C  motor_control_param.o
    0x1100df94   0x1100df94   0x00000002   Data   RO         1972    .rodata.Gu16_ctSplyVltgLoLvl1RcvyCnt_C  motor_control_param.o
    0x1100df96   0x1100df96   0x00000002   Data   RO         1973    .rodata.Gu16_ctSplyVltgLoLvl2ConfCnt_C  motor_control_param.o
    0x1100df98   0x1100df98   0x00000002   Data   RO         1974    .rodata.Gu16_ctSplyVltgLoLvl2RcvyCnt_C  motor_control_param.o
    0x1100df9a   0x1100df9a   0x00000002   Data   RO         2039    .rodata.Gu16_ctSysStInitWaitCnt_C  motor_control_param.o
    0x1100df9c   0x1100df9c   0x00000048   Data   RO         2048    .rodata.Gu16_etaCtlBrd_MAP  motor_control_param.o
    0x1100dfe4   0x1100dfe4   0x0000000c   Data   RO         2046    .rodata.Gu16_etaCtlBrd_MAP_ampActPhCurrAmp_X  motor_control_param.o
    0x1100dff0   0x1100dff0   0x0000000c   Data   RO         2047    .rodata.Gu16_etaCtlBrd_MAP_nActElecSpd_Y  motor_control_param.o
    0x1100dffc   0x1100dffc   0x00000002   Data   RO         1839    .rodata.Gu16_fEstAgDvtCompFrq_C  motor_control_param.o
    0x1100dffe   0x1100dffe   0x00000002   Data   RO         2049    .rodata.Gu16_facComSpdFltCoeff_C  motor_control_param.o
    0x1100e000   0x1100e000   0x00000002   Data   RO         2040    .rodata.Gu16_facDrtnVltgFltCoeff_C  motor_control_param.o
    0x1100e002   0x1100e002   0x00000002   Data   RO         1842    .rodata.Gu16_facFlxObsFltCoeff_C  motor_control_param.o
    0x1100e004   0x1100e004   0x00000002   Data   RO         2012    .rodata.Gu16_facOvrModulFac_C  motor_control_param.o
    0x1100e006   0x1100e006   0x00000020   Data   RO         1852    .rodata.Gu16_facPLLCtlKi_MAP  motor_control_param.o
    0x1100e026   0x1100e026   0x00000020   Data   RO         1851    .rodata.Gu16_facPLLCtlKp_MAP  motor_control_param.o
    0x1100e046   0x1100e046   0x00000002   Data   RO         1847    .rodata.Gu16_facSpdFltCoeff_C  motor_control_param.o
    0x1100e048   0x1100e048   0x00000002   Data   RO         2067    .rodata.Gu16_indQaxIndc_C  motor_param.o
    0x1100e04a   0x1100e04a   0x00000002   Data   RO         1876    .rodata.Gu16_nMotoSpdHiLvl1ConfTrs_C  motor_control_param.o
    0x1100e04c   0x1100e04c   0x00000002   Data   RO         1877    .rodata.Gu16_nMotoSpdHiLvl1RcvyTrs_C  motor_control_param.o
    0x1100e04e   0x1100e04e   0x00000002   Data   RO         2041    .rodata.Gu16_phiAlgnAlPhElecAg_C  motor_control_param.o
    0x1100e050   0x1100e050   0x00000002   Data   RO         2042    .rodata.Gu16_phiAlgnBePhElecAg_C  motor_control_param.o
    0x1100e052   0x1100e052   0x00000002   Data   RO         1848    .rodata.Gu16_phiMaxSenlTrnsElecAg_C  motor_control_param.o
    0x1100e054   0x1100e054   0x00000002   Data   RO         2043    .rodata.Gu16_phiMinAlgnElecAngDvt_C  motor_control_param.o
    0x1100e056   0x1100e056   0x00000002   Data   RO         2007    .rodata.Gu16_phiMinOpnLpClsLpAgDvt_C  motor_control_param.o
    0x1100e058   0x1100e058   0x00000002   Data   RO         2044    .rodata.Gu16_phiTheoBePhElecAg_C  motor_control_param.o
    0x1100e05a   0x1100e05a   0x00000002   Data   RO         1878    .rodata.Gu16_psiEstMinPermMagFlx_C  motor_control_param.o
    0x1100e05c   0x1100e05c   0x00000002   Data   RO         2068    .rodata.Gu16_psiPermMagFlx_C  motor_param.o
    0x1100e05e   0x1100e05e   0x00000002   Data   RO         1879    .rodata.Gu16_pwrBattPwrHiLvl1ConfTrs_C  motor_control_param.o
    0x1100e060   0x1100e060   0x00000002   Data   RO         2051    .rodata.Gu16_rCtlBrdVltgADCRat_C  motor_control_param.o
    0x1100e062   0x1100e062   0x00000002   Data   RO         2052    .rodata.Gu16_rGDVltgADCRat_C  motor_control_param.o
    0x1100e064   0x1100e064   0x00000002   Data   RO         2045    .rodata.Gu16_rMaxVltgAmpRat_C  motor_control_param.o
    0x1100e066   0x1100e066   0x00000002   Data   RO         2053    .rodata.Gu16_rPhCurrADCRat_C  motor_control_param.o
    0x1100e068   0x1100e068   0x00000002   Data   RO         2054    .rodata.Gu16_rSplyVltgADCRat_C  motor_control_param.o
    0x1100e06a   0x1100e06a   0x00000002   Data   RO         2069    .rodata.Gu16_resPhRstn_C  motor_param.o
    0x1100e06c   0x1100e06c   0x0000003c   Data   RO         1880    .rodata.Gu16_stCtlDFPMSt_C  motor_control_param.o
    0x1100e0a8   0x1100e0a8   0x0000000a   Data   RO         2055    .rodata.Gu16_tMotoTemp_CUR_ADMotoTempADC_X  motor_control_param.o
    0x1100e0b2   0x1100e0b2   0x0000004c   Data   RO         2056    .rodata.Gu16_tPCBTemp_CUR_ADPCBTempADC_X  motor_control_param.o
    0x1100e0fe   0x1100e0fe   0x0000000a   Data   RO         2057    .rodata.Gu16_tPwrTubTemp_CUR_ADPwrTubTempADC_X  motor_control_param.o
    0x1100e108   0x1100e108   0x00000002   Data   RO         1881    .rodata.Gu16_uADMotoTempFaltHiLim_C  motor_control_param.o
    0x1100e10a   0x1100e10a   0x00000002   Data   RO         1882    .rodata.Gu16_uADMotoTempFaltLoLim_C  motor_control_param.o
    0x1100e10c   0x1100e10c   0x00000002   Data   RO         1884    .rodata.Gu16_uADPCBTempFaltLoLim_C  motor_control_param.o
    0x1100e10e   0x1100e10e   0x00000002   Data   RO         1885    .rodata.Gu16_uADPhUCurrFaltHiLim_C  motor_control_param.o
    0x1100e110   0x1100e110   0x00000002   Data   RO         1886    .rodata.Gu16_uADPhUCurrFaltLoLim_C  motor_control_param.o
    0x1100e112   0x1100e112   0x00000002   Data   RO         1887    .rodata.Gu16_uADPhVCurrFaltHiLim_C  motor_control_param.o
    0x1100e114   0x1100e114   0x00000002   Data   RO         1888    .rodata.Gu16_uADPhVCurrFaltLoLim_C  motor_control_param.o
    0x1100e116   0x1100e116   0x00000002   Data   RO         1890    .rodata.Gu16_uADPwrTubTempFaltLoLim_C  motor_control_param.o
    0x1100e118   0x1100e118   0x00000002   Data   RO         1895    .rodata.Gu16_uCtlBrdVltgHiLvl1ConfTrs_C  motor_control_param.o
    0x1100e11a   0x1100e11a   0x00000002   Data   RO         1896    .rodata.Gu16_uCtlBrdVltgHiLvl1RcvyTrs_C  motor_control_param.o
    0x1100e11c   0x1100e11c   0x00000002   Data   RO         1897    .rodata.Gu16_uCtlBrdVltgLoLvl1ConfTrs_C  motor_control_param.o
    0x1100e11e   0x1100e11e   0x00000002   Data   RO         1898    .rodata.Gu16_uCtlBrdVltgLoLvl1RcvyTrs_C  motor_control_param.o
    0x1100e120   0x1100e120   0x00000002   Data   RO         1988    .rodata.Gu16_uLimHmeSplyVltgConfTrs_C  motor_control_param.o
    0x1100e122   0x1100e122   0x00000002   Data   RO         1989    .rodata.Gu16_uLimHmeSplyVltgRcvyTrs_C  motor_control_param.o
    0x1100e124   0x1100e124   0x00000002   Data   RO         1903    .rodata.Gu16_uSplyVltgHiLvl1ConfTrs_C  motor_control_param.o
    0x1100e126   0x1100e126   0x00000002   Data   RO         1904    .rodata.Gu16_uSplyVltgHiLvl1RcvyTrs_C  motor_control_param.o
    0x1100e128   0x1100e128   0x00000002   Data   RO         1905    .rodata.Gu16_uSplyVltgLoLvl1ConfTrs_C  motor_control_param.o
    0x1100e12a   0x1100e12a   0x00000002   Data   RO         1906    .rodata.Gu16_uSplyVltgLoLvl1RcvyTrs_C  motor_control_param.o
    0x1100e12c   0x1100e12c   0x00000002   Data   RO         1907    .rodata.Gu16_uSplyVltgLoLvl2ConfTrs_C  motor_control_param.o
    0x1100e12e   0x1100e12e   0x00000002   Data   RO         1908    .rodata.Gu16_uSplyVltgLoLvl2RcvyTrs_C  motor_control_param.o
    0x1100e130   0x1100e130   0x00000004   Data   RO         1849    .rodata.Gu8_facPLLCtlKp_MAP_tPCBTempSubs_X  motor_control_param.o
    0x1100e134   0x1100e134   0x00000001   Data   RO         2070    .rodata.Gu8_numPPNum_C  motor_param.o
    0x1100e135   0x1100e135   0x00000001   Data   RO         1996    .rodata.Gu8_tColdStrtPCBTempConfTrs_C  motor_control_param.o
    0x1100e136   0x1100e136   0x00000001   Data   RO         1987    .rodata.Gu8_tMaxNTCMCUTempDvt_C  motor_control_param.o
    0x1100e137   0x1100e137   0x00000001   Data   RO         1975    .rodata.Gu8_tMotoTempHiLvl1ConfTrs_C  motor_control_param.o
    0x1100e138   0x1100e138   0x00000001   Data   RO         1976    .rodata.Gu8_tMotoTempHiLvl1RcvyTrs_C  motor_control_param.o
    0x1100e139   0x1100e139   0x00000001   Data   RO         1977    .rodata.Gu8_tMotoTempHiLvl2ConfTrs_C  motor_control_param.o
    0x1100e13a   0x1100e13a   0x00000001   Data   RO         1978    .rodata.Gu8_tMotoTempHiLvl2RcvyTrs_C  motor_control_param.o
    0x1100e13b   0x1100e13b   0x00000005   Data   RO         2058    .rodata.Gu8_tMotoTemp_CUR  motor_control_param.o
    0x1100e140   0x1100e140   0x00000001   Data   RO         1991    .rodata.Gu8_tNTCTempSensNoOpnCir_C  motor_control_param.o
    0x1100e141   0x1100e141   0x00000001   Data   RO         1990    .rodata.Gu8_tNTCTempSensOpnCir_C  motor_control_param.o
    0x1100e142   0x1100e142   0x00000001   Data   RO         1979    .rodata.Gu8_tPCBTempHiLvl1ConfTrs_C  motor_control_param.o
    0x1100e143   0x1100e143   0x00000001   Data   RO         1980    .rodata.Gu8_tPCBTempHiLvl1RcvyTrs_C  motor_control_param.o
    0x1100e144   0x1100e144   0x00000001   Data   RO         1981    .rodata.Gu8_tPCBTempHiLvl2ConfTrs_C  motor_control_param.o
    0x1100e145   0x1100e145   0x00000001   Data   RO         1982    .rodata.Gu8_tPCBTempHiLvl2RcvyTrs_C  motor_control_param.o
    0x1100e146   0x1100e146   0x00000026   Data   RO         2059    .rodata.Gu8_tPCBTemp_CUR  motor_control_param.o
    0x1100e16c   0x1100e16c   0x00000001   Data   RO         1983    .rodata.Gu8_tPwrTubTempHiLvl1ConfTrs_C  motor_control_param.o
    0x1100e16d   0x1100e16d   0x00000001   Data   RO         1984    .rodata.Gu8_tPwrTubTempHiLvl1RcvyTrs_C  motor_control_param.o
    0x1100e16e   0x1100e16e   0x00000001   Data   RO         1985    .rodata.Gu8_tPwrTubTempHiLvl2ConfTrs_C  motor_control_param.o
    0x1100e16f   0x1100e16f   0x00000001   Data   RO         1986    .rodata.Gu8_tPwrTubTempHiLvl2RcvyTrs_C  motor_control_param.o
    0x1100e170   0x1100e170   0x00000005   Data   RO         2060    .rodata.Gu8_tPwrTubTemp_CUR  motor_control_param.o
    0x1100e175   0x1100e175   0x00000008   Data   RO          956    .rodata.LinIf_FrmCfg_acs  linif_cfg.o
    0x1100e17d   0x1100e17d   0x00000003   PAD
    0x1100e180   0x1100e180   0x00000004   Data   RO          388    .rodata.USER_ERASEPG  bootrom.o
    0x1100e184   0x1100e184   0x00000030   Data   RO         1208    .rodata.chipMemCfg  uds_cfg.o
    0x1100e1b4   0x1100e1b4   0x00000800   Data   RO         1671    .rodata.rtCP_pooled_4kPhDAGJJnkK  const_params.o
    0x1100e9b4   0x1100e9b4   0x00000800   Data   RO         1672    .rodata.rtCP_pooled_91ugntIedRb3  const_params.o
    0x1100f1b4   0x1100f1b4   0x00000400   Data   RO         1673    .rodata.rtCP_pooled_GGuKQ5avRdmD  const_params.o
    0x1100f5b4   0x1100f5b4   0x00000008   Data   RO         1674    .rodata.rtCP_pooled_JyOGC55IyIsD  const_params.o
    0x1100f5bc   0x1100f5bc   0x00001ffe   Data   RO         1675    .rodata.rtCP_pooled_NsN21G7B7MPk  const_params.o
    0x110115ba   0x110115ba   0x00000800   Data   RO         1676    .rodata.rtCP_pooled_RYEJYHmWHols  const_params.o
    0x11011dba   0x11011dba   0x00000002   PAD
    0x11011dbc   0x11011dbc   0x00000008   Data   RO         1677    .rodata.rtCP_pooled_U8IvK8n9RgbG  const_params.o
    0x11011dc4   0x11011dc4   0x00000800   Data   RO         1678    .rodata.rtCP_pooled_Z4olCuf818oG  const_params.o
    0x110125c4   0x110125c4   0x00000400   Data   RO         1679    .rodata.rtCP_pooled_rp0I2sPNEO4V  const_params.o
    0x110129c4   0x110129c4   0x00000800   Data   RO         1680    .rodata.rtCP_pooled_xVWSvxiEcNqv  const_params.o
    0x110131c4   0x110131c4   0x00000001   Data   RO         1196    .rodata.saLevelCnt  uds_cfg.o
    0x110131c5   0x110131c5   0x00000003   PAD
    0x110131c8   0x110131c8   0x0000000c   Data   RO         1195    .rodata.saLevelMap  uds_cfg.o
    0x110131d4   0x110131d4   0x00000004   Data   RO         1199    .rodata.saProtectDelayTime  uds_cfg.o
    0x110131d8   0x110131d8   0x00000001   Data   RO         1198    .rodata.saProtectLimitCnt  uds_cfg.o
    0x110131d9   0x110131d9   0x00000001   Data   RO         1194    .rodata.sessionTypeCnt  uds_cfg.o
    0x110131da   0x110131da   0x00000003   Data   RO         1193    .rodata.sessionTypeMap  uds_cfg.o
    0x110131dd   0x110131dd   0x00000003   PAD
    0x110131e0   0x110131e0   0x00000004   Data   RO         1197    .rodata.ssSwStd_saLockTime  uds_cfg.o
    0x110131e4   0x110131e4   0x000001e0   Data   RO         1203    .rodata.udsDIDcfg   uds_cfg.o
    0x110133c4   0x110133c4   0x00000002   Data   RO         1204    .rodata.udsDIDcnt   uds_cfg.o
    0x110133c6   0x110133c6   0x00000001   Data   RO         1205    .rodata.udsRtGlobalMask  uds_cfg.o
    0x110133c7   0x110133c7   0x00000001   PAD
    0x110133c8   0x110133c8   0x00000050   Data   RO         1206    .rodata.udsRtIDcfg  uds_cfg.o
    0x11013418   0x11013418   0x00000002   Data   RO         1207    .rodata.udsRtIDcnt  uds_cfg.o
    0x1101341a   0x1101341a   0x00000002   PAD
    0x1101341c   0x1101341c   0x00000078   Data   RO         1201    .rodata.udsServCfg  uds_cfg.o
    0x11013494   0x11013494   0x00000001   Data   RO         1202    .rodata.udsServCnt  uds_cfg.o
    0x11013495   0x11013495   0x00000003   PAD
    0x11013498   0x11013498   0x00000060   Data   RO         2111    Region$$Table       anon$$obj.o


    Execution Region RW_IRAM1 (Exec base: 0x18000018, Load base: 0x110134f8, Size: 0x000013c8, Max: 0x000015e8, ABSOLUTE)

    Exec Addr    Load Addr    Size         Type   Attr      Idx    E Section Name        Object

    0x18000018   0x110134f8   0x0000001c   Data   RW          982    .data..L_MergedGlobals  lintp.o
    0x18000034   0x11013514   0x00000006   Data   RW         1168    .data..L_MergedGlobals  uds.o
    0x1800003a   0x1101351a   0x00000002   Data   RW         2027    .data.Gs16_nMaxStrtUpRefElecSpd_C  motor_control_param.o
    0x1800003c   0x1101351c   0x00000002   Data   RW         1998    .data.Gs16_nMinSenlRefElecSpd_C  motor_control_param.o
    0x1800003e   0x1101351e   0x00000002   Data   RW         1999    .data.Gs16_nMinStrtUpElecSpd_C  motor_control_param.o
    0x18000040   0x11013520   0x00000002   Data   RW         2004    .data.Gs16_trqMaxStrtUpTq_C  motor_control_param.o
    0x18000042   0x11013522   0x00000002   Data   RW         1840    .data.Gu16_facDaxCurrCtlKi_C  motor_control_param.o
    0x18000044   0x11013524   0x00000002   Data   RW         1841    .data.Gu16_facDaxCurrCtlKp_C  motor_control_param.o
    0x18000046   0x11013526   0x00000002   Data   RW         1845    .data.Gu16_facQaxCurrCtlKi_C  motor_control_param.o
    0x18000048   0x11013528   0x00000002   Data   RW         1846    .data.Gu16_facQaxCurrCtlKp_C  motor_control_param.o
    0x1800004a   0x1101352a   0x00000002   Data   RW         2005    .data.Gu16_facSpdCtlKi_C  motor_control_param.o
    0x1800004c   0x1101352c   0x00000002   Data   RW         2006    .data.Gu16_facSpdCtlKp_C  motor_control_param.o
    0x1800004e   0x1101352e   0x00000002   PAD
    0x18000050   0x11013530   0x00000004   Data   RW          565    .data.SystemFrequency  scu.o
    0x18000054   0x11013534   0x00000015   Data   RW          755    .data.g_lin_frame_ctrl  lin_main.o
    0x18000069   0x11013549   0x00000001   Data   RW          753    .data.g_lin_frame_index  lin_main.o
    0x1800006a   0x1101354a   0x00000006   PAD
    0x18000070        -       0x00000004   Zero   RW           15    .bss..L_MergedGlobals  adc_meas.o
    0x18000074        -       0x0000001e   Zero   RW           62    .bss..L_MergedGlobals  diag_handle.o
    0x18000092        -       0x00000004   Zero   RW          101    .bss..L_MergedGlobals  posscd_possensor.o
    0x18000096   0x1101354a   0x00000002   PAD
    0x18000098        -       0x00000018   Zero   RW          125    .bss..L_MergedGlobals  pwm_clac.o
    0x180000b0        -       0x00000010   Zero   RW          151    .bss..L_MergedGlobals  pwm_pwm.o
    0x180000c0        -       0x0000000e   Zero   RW          170    .bss..L_MergedGlobals  spi_ssc.o
    0x180000ce        -       0x00000002   Zero   RW          240    .bss..L_MergedGlobals  main.o
    0x180000d0        -       0x00000014   Zero   RW          263    .bss..L_MergedGlobals  task_task.o
    0x180000e4        -       0x00000008   Zero   RW          640    .bss..L_MergedGlobals  wdt1.o
    0x180000ec        -       0x00000024   Zero   RW          738    .bss..L_MergedGlobals  lin_hal.o
    0x18000110        -       0x00000009   Zero   RW          758    .bss..L_MergedGlobals  lin_main.o
    0x18000119        -       0x0000000b   Zero   RW          773    .bss..L_MergedGlobals  lin_slave_task.o
    0x18000124        -       0x0000000c   Zero   RW          798    .bss..L_MergedGlobals  linmain.o
    0x18000130        -       0x0000000c   Zero   RW          895    .bss..L_MergedGlobals  comif_sa_hal.o
    0x1800013c        -       0x00000072   Zero   RW         1060    .bss..L_MergedGlobals  lintp_queue.o
    0x180001ae        -       0x00000006   Zero   RW         1089    .bss..L_MergedGlobals  lintp_timer.o
    0x180001b4        -       0x00000008   Zero   RW         1390    .bss..L_MergedGlobals  uds_user.o
    0x180001bc        -       0x00000070   Zero   RW         1407    .bss..L_MergedGlobals  fbl_infor.o
    0x1800022c        -       0x00000024   Zero   RW         1480    .bss..L_MergedGlobals  mid_interface.o
    0x18000250        -       0x0000001e   Zero   RW         1497    .bss..L_MergedGlobals  asw_dcycgen.o
    0x1800026e   0x1101354a   0x00000002   PAD
    0x18000270        -       0x00000042   Zero   RW         1522    .bss..L_MergedGlobals  asw_phvltggen.o
    0x180002b2   0x1101354a   0x00000002   PAD
    0x180002b4        -       0x00000060   Zero   RW         1542    .bss..L_MergedGlobals  asw_phcurrgen.o
    0x18000314        -       0x0000006e   Zero   RW         1567    .bss..L_MergedGlobals  asw_ast.o
    0x18000382   0x1101354a   0x00000002   PAD
    0x18000384        -       0x0000004a   Zero   RW         1636    .bss..L_MergedGlobals  asw_obd.o
    0x180003ce   0x1101354a   0x00000002   PAD
    0x180003d0        -       0x0000005e   Zero   RW         1662    .bss..L_MergedGlobals  asw_sigin.o
    0x1800042e        -       0x00000005   Zero   RW          983    .bss..L_MergedGlobals.1  lintp.o
    0x18000433   0x1101354a   0x00000001   PAD
    0x18000434        -       0x00000014   Zero   RW         1169    .bss..L_MergedGlobals.1  uds.o
    0x18000448        -       0x000000a0   Zero   RW         1566    .bss.ASW_AST_DW     asw_ast.o
    0x180004e8        -       0x00000184   Zero   RW         1633    .bss.ASW_OBD_B      asw_obd.o
    0x1800066c        -       0x000001d0   Zero   RW         1634    .bss.ASW_OBD_DW     asw_obd.o
    0x1800083c        -       0x00000064   Zero   RW         1521    .bss.ASW_PhVltgGen_DW  asw_phvltggen.o
    0x180008a0        -       0x000000ea   Zero   RW         1661    .bss.ASW_SigIn_DW   asw_sigin.o
    0x1800098a        -       0x00000001   Zero   RW         2013    .bss.Genm_modeAgEvallMode_C  motor_control_param.o
    0x1800098b   0x1101354a   0x00000001   PAD
    0x1800098c        -       0x00000002   Zero   RW           13    .bss.Gu16_uADC2VCP  adc_meas.o
    0x1800098e        -       0x00000002   Zero   RW           12    .bss.Gu16_uADC_NTCTemp_IF  adc_meas.o
    0x18000990        -       0x00000002   Zero   RW          124    .bss.Gu16_uPWM_CsaCalibResult_IF  pwm_clac.o
    0x18000992        -       0x00000001   Zero   RW           32    .bss.Gu8_BDRVInitDone  bdrv_bdrv.o
    0x18000993        -       0x00000001   Zero   RW          829    .bss.Gu8_ComIf_APPRxMesCnt  comif_application_message.o
    0x18000994        -       0x00000008   Zero   RW          828    .bss.Gu8_ComIf_APPRxMsgData  comif_application_message.o
    0x1800099c        -       0x00000001   Zero   RW          830    .bss.Gu8_ComIf_SleepReqFlag  comif_application_message.o
    0x1800099d        -       0x00000001   Zero   RW          918    .bss.Gu8_ComIf_UDSWriteFlg  comif_wrdabyid_hal.o
    0x1800099e        -       0x00000001   Zero   RW          123    .bss.Gu8_PWM_MotorRunStatus  pwm_clac.o
    0x1800099f   0x1101354a   0x00000001   PAD
    0x180009a0        -       0x00000002   Zero   RW           14    .bss.Gu8_tMcuTemp_IF  adc_meas.o
    0x180009a2        -       0x00000064   Zero   RW          978    .bss.LinTp_RequestBuffer  lintp.o
    0x18000a06        -       0x00000064   Zero   RW          979    .bss.LinTp_ResponseBuffer  lintp.o
    0x18000a6a        -       0x00000001   Zero   RW          150    .bss.Su8_PWM_EnterT12OMCnt  pwm_pwm.o
    0x18000a6b        -       0x00000034   Zero   RW          873    .bss.busComIf_UDSRead_In  comif_rddabyid_hal.o
    0x18000a9f   0x1101354a   0x00000001   PAD
    0x18000aa0        -       0x0000005c   Zero   RW         1635    .bss.busOBD_SlwTaskIn  asw_obd.o
    0x18000afc        -       0x00000004   Zero   RW         1359    .bss.didBuf_F100    uds_user.o
    0x18000b00        -       0x00000002   Zero   RW         1369    .bss.didBuf_F101    uds_user.o
    0x18000b02        -       0x00000002   Zero   RW         1370    .bss.didBuf_F102    uds_user.o
    0x18000b04        -       0x00000002   Zero   RW         1371    .bss.didBuf_F103    uds_user.o
    0x18000b06        -       0x00000002   Zero   RW         1372    .bss.didBuf_F104    uds_user.o
    0x18000b08        -       0x00000002   Zero   RW         1373    .bss.didBuf_F105    uds_user.o
    0x18000b0a        -       0x00000002   Zero   RW         1374    .bss.didBuf_F106    uds_user.o
    0x18000b0c        -       0x00000002   Zero   RW         1375    .bss.didBuf_F107    uds_user.o
    0x18000b0e        -       0x00000002   Zero   RW         1376    .bss.didBuf_F108    uds_user.o
    0x18000b10        -       0x00000002   Zero   RW         1377    .bss.didBuf_F109    uds_user.o
    0x18000b12        -       0x00000002   Zero   RW         1378    .bss.didBuf_F110    uds_user.o
    0x18000b14        -       0x00000002   Zero   RW         1379    .bss.didBuf_F111    uds_user.o
    0x18000b16        -       0x00000002   Zero   RW         1380    .bss.didBuf_F112    uds_user.o
    0x18000b18        -       0x00000001   Zero   RW         1381    .bss.didBuf_F113    uds_user.o
    0x18000b19        -       0x00000002   Zero   RW         1382    .bss.didBuf_F114    uds_user.o
    0x18000b1b        -       0x00000002   Zero   RW         1383    .bss.didBuf_F115    uds_user.o
    0x18000b1d        -       0x00000002   Zero   RW         1384    .bss.didBuf_F116    uds_user.o
    0x18000b1f        -       0x00000002   Zero   RW         1385    .bss.didBuf_F117    uds_user.o
    0x18000b21        -       0x00000002   Zero   RW         1386    .bss.didBuf_F118    uds_user.o
    0x18000b23        -       0x00000002   Zero   RW         1387    .bss.didBuf_F119    uds_user.o
    0x18000b25        -       0x00000002   Zero   RW         1388    .bss.didBuf_F120    uds_user.o
    0x18000b27        -       0x00000002   Zero   RW         1389    .bss.didBuf_F121    uds_user.o
    0x18000b29        -       0x0000000a   Zero   RW         1364    .bss.didBuf_F180    uds_user.o
    0x18000b33        -       0x00000019   Zero   RW         1365    .bss.didBuf_F182    uds_user.o
    0x18000b4c        -       0x0000000f   Zero   RW         1360    .bss.didBuf_F187    uds_user.o
    0x18000b5b        -       0x0000000c   Zero   RW         1361    .bss.didBuf_F18C    uds_user.o
    0x18000b67        -       0x0000000a   Zero   RW         1362    .bss.didBuf_F193    uds_user.o
    0x18000b71        -       0x0000000a   Zero   RW         1366    .bss.didBuf_F195    uds_user.o
    0x18000b7b        -       0x00000007   Zero   RW         1367    .bss.didBuf_F197    uds_user.o
    0x18000b82        -       0x00000004   Zero   RW         1363    .bss.didBuf_F19D    uds_user.o
    0x18000b86        -       0x00000001   Zero   RW          754    .bss.g_lin_active_pid  lin_main.o
    0x18000b87        -       0x00000001   Zero   RW          757    .bss.g_lin_frame_data_size  lin_main.o
    0x18000b88        -       0x00000002   Zero   RW          756    .bss.g_lin_irqState  lin_main.o
    0x18000b8a   0x1101354a   0x00000002   PAD
    0x18000b8c        -       0x00000038   Zero   RW          693    .bss.l_LinData      genlinconfig.o
    0x18000bc4        -       0x00000002   Zero   RW          688    .bss.l_flags_MotorCtrl  genlinconfig.o
    0x18000bc6        -       0x00000002   Zero   RW          689    .bss.l_flags_MotorStatus  genlinconfig.o
    0x18000bc8        -       0x00000002   Zero   RW          691    .bss.l_flags_MotorStatus_0x1B  genlinconfig.o
    0x18000bca        -       0x00000002   Zero   RW          692    .bss.l_flags_MotorStatus_0x1D  genlinconfig.o
    0x18000bcc        -       0x00000002   Zero   RW          690    .bss.l_flags_MotorStatus_DIAG  genlinconfig.o
    0x18000bce        -       0x00000001   Zero   RW          737    .bss.lin_ab_timeout_timer  lin_hal.o
    0x18000bcf        -       0x00000001   Zero   RW         1073    .bss.linirqState    lintp_schm.o
    0x18000bd0        -       0x00000003   Zero   RW         1192    .bss.saLvBuf_fbl    uds_cfg.o
    0x18000bd3   0x1101354a   0x00000001   PAD
    0x18000bd4        -       0x00000001   Zero   RW         1358    .bss.stayInBootFlag  uds_user.o
    0x18000bd5   0x1101354a   0x00000003   PAD
    0x18000bd8        -       0x00000001   Zero   RW          619    .bss.uart1.0        uart.o
    0x18000bd9   0x1101354a   0x00000007   PAD
    0x18000be0        -       0x00000800   Zero   RW          648    STACK               startup_tle987x.o


    Execution Region RW_IRAM3 (Exec base: 0x18001600, Load base: 0x11013550, Size: 0x000000d0, Max: 0x00000100, ABSOLUTE)

    Exec Addr    Load Addr    Size         Type   Attr      Idx    E Section Name        Object

    0x18001600   0x11013550   0x000000d0   Data   RW          183    .RAM_DMA            sys_dma.o


    Execution Region RW_IRAM5 (Exec base: 0x18001700, Load base: 0x11013620, Size: 0x00000004, Max: 0x00000040, ABSOLUTE)

    Exec Addr    Load Addr    Size         Type   Attr      Idx    E Section Name        Object

    0x18001700   0x11013620   0x00000004   Data   RW         1471    .RAM_CHARACT        mid_interface.o


    Execution Region RW_IRAM6 (Exec base: 0x18001740, Load base: 0x11013624, Size: 0x0000001c, Max: 0x00000040, ABSOLUTE)

    Exec Addr    Load Addr    Size         Type   Attr      Idx    E Section Name        Object

    0x18001740   0x11013624   0x0000001a   Data   RW          872    .RAM_RW_ProductInfo  comif_rddabyid_hal.o


    Execution Region RW_IRAM7 (Exec base: 0x18001780, Load base: 0x11013640, Size: 0x00000024, Max: 0x00000080, ABSOLUTE)

    Exec Addr    Load Addr    Size         Type   Attr      Idx    E Section Name        Object

    0x18001780   0x11013640   0x00000019   Data   RW          871    .RAM_ProductInfo    comif_rddabyid_hal.o
    0x18001799   0x11013659   0x0000000a   Data   RW         1472    .RAM_ProductInfo    mid_interface.o



  Load Region LR_IROM2 (Base: 0x1101effc, Size: 0x00000004, Max: 0x00001004, ABSOLUTE)

    Execution Region ER_IROM2 (Exec base: 0x1101effc, Load base: 0x1101effc, Size: 0x00000004, Max: 0x00001004, ABSOLUTE)

    Exec Addr    Load Addr    Size         Type   Attr      Idx    E Section Name        Object

    0x1101effc   0x1101effc   0x00000004   Data   RO          587    .ARM.__at_0x1101EFFC  system_tle987x.o


==============================================================================

Image component sizes


      Code (inc. data)   RO Data    RW Data    ZI Data      Debug   Object Name

       168          0          0          0          0      37732   adc1.o
       136          0          0          0          0       7435   adc2.o
       360          0          0          0         10       9942   adc_meas.o
      4302         16         92          0        270      16503   asw_ast.o
      1012         10          0          0         30       3641   asw_dcycgen.o
     14122          0         92          0       1018      63077   asw_obd.o
      2376          0          0          0         96       9677   asw_phcurrgen.o
      4832          0         34          0        166      20425   asw_phvltggen.o
      1332          6         42          0        328       8606   asw_sigin.o
       554          0          0          0          0      45349   bdrv.o
       164          0          0          0          1       1427   bdrv_bdrv.o
       256          0          4          0          0       4137   bootrom.o
       128          0          0          0          0       7955   ccu6.o
        82          0          0          0         10       1750   comif_application_message.o
         2          0          0          0          0        425   comif_ecureset_hal.o
        18          0          0          0          0        528   comif_init.o
       492          0          0         51         52       4163   comif_rddabyid_hal.o
       770          0          0          0         12       5402   comif_sa_hal.o
        26          0          0          0          0        418   comif_task.o
       212          0          0          0          1       1836   comif_wrdabyid_hal.o
         0          0      20494          0          0       1111   const_params.o
       256          0          0          0          0       9710   csa.o
      1478          0          0          0         30      18490   diag_handle.o
        24          0          0          0          0        992   dio_dio.o
        28          0          0          0          0        684   div_nde_s32_floor.o
       346          0          0          0          0       1367   div_nzp_repeat_u32.o
        24          0          0          0          0       6512   dma.o
         4          0          0          0        112       1988   fbl_infor.o
        92         20          0          0         66       2932   genlinconfig.o
        46          0          0          0          0       8230   gpt12e.o
       502          0          0          0          0      40276   hsi_sw.o
       168          0          0          0          0      28207   int.o
       346          0          0          0          0      29822   isr.o
        80          0          0          0          0      15705   lin.o
        26          0          0          0          0        807   lin_driver_api.o
      1464          8          0          0         37      26800   lin_hal.o
        34          0          0         22         13       2936   lin_main.o
       680          0          0          0         11       3046   lin_slave_task.o
         0          0          8          0          0        936   linif_cfg.o
        94          0          0          0          0       1828   linif_headerindication.o
        74          0          0          0          0       1235   linif_rxindication.o
         4          0          0          0          0        808   linif_txconfirmation.o
       302          0          0          0         12       2913   linmain.o
        18          0          0          0          0        782   lintask.o
      2024          0          0         28        205       7657   lintp.o
       144          0          0          0          0       1832   lintp_cbk.o
       714          0          0          0          0       4592   lintp_export.o
       276          0          0          0        114       2606   lintp_queue.o
        24          0          0          0          1        855   lintp_schm.o
       188          0          0          0          6       1547   lintp_timer.o
       232          0          0          0          0       1656   look1_is16lu32n32ys16n_eac3j1ud.o
       216          0          0          0          0       1631   look1_iu16lu32n16ts16d_2s4gbl96.o
       234          0          0          0          0       1721   look1_iu16lu32n16tu8_binlcse.o
       212          0          0          0          0       1769   look1_iu8lu32n16ts16ds32_binlcs.o
       468          0          0          0          0       2582   look2_is16lu32n16tu16_binlcse.o
       474          0          0          0          0       2841   look2_iu8s16lu32n16tu16_binlcse.o
        32          0          0          0          2        719   main.o
      1094          0          0          0          0       3967   mem_mem.o
      2170          0          0         14         36       9498   mid_interface.o
        14          0          0          0          0      15629   mon.o
         0          0        787         20          1      12012   motor_control_param.o
         0          0          7          0          0        728   motor_param.o
        22          0          0          0          0        883   mul_ssu32_hisr.o
        34          0          0          0          0        924   mul_ssu32_losr.o
       122          0          0          0          0       1315   mul_wide_su32.o
       186          0          0          0          0       7151   pmu.o
       232          6          0          0          0      21164   port.o
       178          0          0          0          4       1486   posscd_possensor.o
       626         32          0          0         27      11822   pwm_clac.o
       408          4          0          0         17      14211   pwm_pwm.o
       700          0          0          4          0      35378   scu.o
       270          0          0          0         14       3856   spi_ssc.o
        34          0          0          0          0       2499   ssc.o
        64         12        128          0       2048        928   startup_tle987x.o
       316          0          0        208          0       4412   sys_dma.o
        18          0          0          0          0      15311   sys_int.o
        30          0          0          0          0       1564   sys_mcuinit.o
        18          0          0          0          0      14991   sys_scu.o
         4          0          0          0          0        505   sys_timer2x.o
        52          0          4          0          0       8506   system_tle987x.o
       286          0          0          0         20       6040   task_task.o
        34          0          0          0          0       6385   timer2x.o
        48          0          0          0          1      16937   uart.o
      4156        122          0          6         20      45006   uds.o
       220          0        760          0          3       5728   uds_cfg.o
      1168          0          0          0        147      12501   uds_user.o
       796          0          0          0          8      17918   wdt1.o

    ----------------------------------------------------------------------
     56284        236      22568        360       4980     789808   Object Totals
         0          0         96          0          0          0   (incl. Generated)
       312          0         20          7         31          0   (incl. Padding)

    ----------------------------------------------------------------------

      Code (inc. data)   RO Data    RW Data    ZI Data      Debug   Library Member Name

        58          0          0          0          0          0   __dczerorl.o
         0          0          0          0          0          0   entry.o
         0          0          0          0          0          0   entry10a.o
         0          0          0          0          0          0   entry11a.o
         8          4          0          0          0          0   entry2.o
         4          0          0          0          0          0   entry5.o
         0          0          0          0          0          0   entry7b.o
         0          0          0          0          0          0   entry8b.o
         8          4          0          0          0          0   entry9a.o
        30          0          0          0          0          0   handlers.o
        36          8          0          0          0         68   init.o
        64          0          0          0          0         76   memmovea.o
        36          0          0          0          0        108   memseta.o

    ----------------------------------------------------------------------
       248         16          0          0          0        252   Library Totals
         4          0          0          0          0          0   (incl. Padding)

    ----------------------------------------------------------------------

      Code (inc. data)   RO Data    RW Data    ZI Data      Debug   Library Name

       244         16          0          0          0        252   mc_w.l

    ----------------------------------------------------------------------
       248         16          0          0          0        252   Library Totals

    ----------------------------------------------------------------------

==============================================================================


      Code (inc. data)   RO Data    RW Data    ZI Data      Debug   

     56532        252      22568        360       4980     788620   Grand Totals
     56532        252      22568        360       4980     788620   ELF Image Totals
     56532        252      22568        360          0          0   ROM Totals

==============================================================================

    Total RO  Size (Code + RO Data)                79100 (  77.25kB)
    Total RW  Size (RW Data + ZI Data)              5340 (   5.21kB)
    Total ROM Size (Code + RO Data + RW Data)      79460 (  77.60kB)

==============================================================================

