Component: Arm Compiler for Embedded 6.19 Tool: armlink [5e73cb00]

==============================================================================

Section Cross References

    adc_meas.o(.text.ADC_VSD_VDH_Routine) refers to adc_meas.o(.bss..L_MergedGlobals) for .L_MergedGlobals
    adc_meas.o(.ARM.exidx.text.ADC_VSD_VDH_Routine) refers to adc_meas.o(.text.ADC_VSD_VDH_Routine) for [Anonymous Symbol]
    adc_meas.o(.text.ADC_TempOil_Routine) refers to adc1.o(.text.ADC1_GetChResult) for ADC1_GetChResult
    adc_meas.o(.text.ADC_TempOil_Routine) refers to adc_meas.o(.bss.Gu16_uADC_NTCTemp_IF) for Gu16_uADC_NTCTemp_IF
    adc_meas.o(.ARM.exidx.text.ADC_TempOil_Routine) refers to adc_meas.o(.text.ADC_TempOil_Routine) for [Anonymous Symbol]
    adc_meas.o(.text.ADC_VCP_Routine) refers to adc_meas.o(.bss.Gu16_uADC2VCP) for Gu16_uADC2VCP
    adc_meas.o(.ARM.exidx.text.ADC_VCP_Routine) refers to adc_meas.o(.text.ADC_VCP_Routine) for [Anonymous Symbol]
    adc_meas.o(.text.ADC_MCUTemp_Routine) refers to adc_meas.o(.bss.Gu8_tMcuTemp_IF) for Gu8_tMcuTemp_IF
    adc_meas.o(.ARM.exidx.text.ADC_MCUTemp_Routine) refers to adc_meas.o(.text.ADC_MCUTemp_Routine) for [Anonymous Symbol]
    adc_meas.o(.text.ADC_BattStable_Protection) refers to wdt1.o(.text.WDT1_Service) for WDT1_Service
    adc_meas.o(.ARM.exidx.text.ADC_BattStable_Protection) refers to adc_meas.o(.text.ADC_BattStable_Protection) for [Anonymous Symbol]
    bdrv_bdrv.o(.text.BDRV_ConfigBridgePWM) refers to bdrv.o(.text.BDRV_Set_Bridge) for BDRV_Set_Bridge
    bdrv_bdrv.o(.ARM.exidx.text.BDRV_ConfigBridgePWM) refers to bdrv_bdrv.o(.text.BDRV_ConfigBridgePWM) for [Anonymous Symbol]
    bdrv_bdrv.o(.text.BDRV_Clr_OC_STS) refers to bdrv.o(.text.BDRV_Clr_Sts) for BDRV_Clr_Sts
    bdrv_bdrv.o(.ARM.exidx.text.BDRV_Clr_OC_STS) refers to bdrv_bdrv.o(.text.BDRV_Clr_OC_STS) for [Anonymous Symbol]
    bdrv_bdrv.o(.text.BDRV_Init_Check) refers to bdrv_bdrv.o(.bss..L_MergedGlobals) for .L_MergedGlobals
    bdrv_bdrv.o(.text.BDRV_Init_Check) refers to adc_meas.o(.bss..L_MergedGlobals) for Gu16_uADCVSD_IF
    bdrv_bdrv.o(.text.BDRV_Init_Check) refers to bdrv.o(.text.BDRV_Init) for BDRV_Init
    bdrv_bdrv.o(.text.BDRV_Init_Check) refers to bdrv.o(.text.BDRV_Clr_Sts) for BDRV_Clr_Sts
    bdrv_bdrv.o(.text.BDRV_Init_Check) refers to diag_handle.o(.text.DIAG_3PhaseOpenLoadFault_Handle) for DIAG_3PhaseOpenLoadFault_Handle
    bdrv_bdrv.o(.text.BDRV_Init_Check) refers to task_task.o(.text.Task_StartupTask) for Task_StartupTask
    bdrv_bdrv.o(.ARM.exidx.text.BDRV_Init_Check) refers to bdrv_bdrv.o(.text.BDRV_Init_Check) for [Anonymous Symbol]
    bdrv_bdrv.o(.text.BDRV_StateSwitch) refers to bdrv_bdrv.o(.bss..L_MergedGlobals) for .L_MergedGlobals
    bdrv_bdrv.o(.text.BDRV_StateSwitch) refers to adc_meas.o(.bss..L_MergedGlobals) for Gu16_uADCVSD_IF
    bdrv_bdrv.o(.text.BDRV_StateSwitch) refers to mid_interface.o(.bss..L_MergedGlobals) for Gu8_flgShOffflg
    bdrv_bdrv.o(.text.BDRV_StateSwitch) refers to bdrv.o(.text.BDRV_Set_Bridge) for BDRV_Set_Bridge
    bdrv_bdrv.o(.text.BDRV_StateSwitch) refers to bdrv.o(.text.BDRV_Clr_Sts) for BDRV_Clr_Sts
    bdrv_bdrv.o(.ARM.exidx.text.BDRV_StateSwitch) refers to bdrv_bdrv.o(.text.BDRV_StateSwitch) for [Anonymous Symbol]
    diag_handle.o(.text.DIAG_SysSupply_Err) refers to hsi_sw.o(.text.HSI_DIAG_Get_VSUV_State) for HSI_DIAG_Get_VSUV_State
    diag_handle.o(.text.DIAG_SysSupply_Err) refers to hsi_sw.o(.text.HSI_DIAG_Get_VSOV_State) for HSI_DIAG_Get_VSOV_State
    diag_handle.o(.ARM.exidx.text.DIAG_SysSupply_Err) refers to diag_handle.o(.text.DIAG_SysSupply_Err) for [Anonymous Symbol]
    diag_handle.o(.text.DIAG_VCPAndVDHDiff_Handle) refers to adc_meas.o(.bss.Gu16_uADC2VCP) for Gu16_uADC2VCP
    diag_handle.o(.text.DIAG_VCPAndVDHDiff_Handle) refers to adc_meas.o(.bss..L_MergedGlobals) for Gu16_uADCVDH_IF
    diag_handle.o(.text.DIAG_VCPAndVDHDiff_Handle) refers to diag_handle.o(.bss..L_MergedGlobals) for .L_MergedGlobals
    diag_handle.o(.ARM.exidx.text.DIAG_VCPAndVDHDiff_Handle) refers to diag_handle.o(.text.DIAG_VCPAndVDHDiff_Handle) for [Anonymous Symbol]
    diag_handle.o(.text.DIAG_BasicToAPPfault_Monitor) refers to diag_handle.o(.bss..L_MergedGlobals) for .L_MergedGlobals
    diag_handle.o(.ARM.exidx.text.DIAG_BasicToAPPfault_Monitor) refers to diag_handle.o(.text.DIAG_BasicToAPPfault_Monitor) for [Anonymous Symbol]
    diag_handle.o(.text.DIAG_VCPFault_Handle) refers to adc_meas.o(.bss..L_MergedGlobals) for Gu16_uADCVSD_IF
    diag_handle.o(.text.DIAG_VCPFault_Handle) refers to bdrv_bdrv.o(.bss..L_MergedGlobals) for GenmBDRV_InitState
    diag_handle.o(.text.DIAG_VCPFault_Handle) refers to diag_handle.o(.bss..L_MergedGlobals) for .L_MergedGlobals
    diag_handle.o(.text.DIAG_VCPFault_Handle) refers to hsi_sw.o(.text.HSI_DIAG_Get_VCPLO1_State) for HSI_DIAG_Get_VCPLO1_State
    diag_handle.o(.text.DIAG_VCPFault_Handle) refers to bdrv.o(.text.BDRV_Clr_Sts) for BDRV_Clr_Sts
[...]
    0x110082ec   0x110082ec   0x0000000e   Code   RO          339    .text.BDRV_Clr_Sts  bdrv.o
    0x110082fa   0x110082fa   0x00000002   PAD
    0x110082fc   0x110082fc   0x00000020   Code   RO           24    .text.BDRV_ConfigBridgePWM  bdrv_bdrv.o
    0x1100831c   0x1100831c   0x0000016a   Code   RO          355    .text.BDRV_Diag_OpenLoad  bdrv.o
    0x11008486   0x11008486   0x00000002   PAD
    0x11008488   0x11008488   0x0000005a   Code   RO          335    .text.BDRV_Init     bdrv.o
    0x110084e2   0x110084e2   0x00000002   PAD
    0x110084e4   0x110084e4   0x0000005a   Code   RO           28    .text.BDRV_Init_Check  bdrv_bdrv.o
    0x1100853e   0x1100853e   0x00000002   PAD
    0x11008540   0x11008540   0x00000058   Code   RO          337    .text.BDRV_Set_Bridge  bdrv.o
    0x11008598   0x11008598   0x0000007e   Code   RO           30    .text.BDRV_StateSwitch  bdrv_bdrv.o
    0x11008616   0x11008616   0x00000002   PAD
    0x11008618   0x11008618   0x00000002   Code   RO          482    .text.BusFault_Handler  isr.o
    0x1100861a   0x1100861a   0x00000002   PAD
    0x1100861c   0x1100861c   0x00000012   Code   RO          466    .text.CCU6SR0_IRQHandler  isr.o
    0x1100862e   0x1100862e   0x00000002   PAD
    0x11008630   0x11008630   0x00000052   Code   RO          468    .text.CCU6SR1_IRQHandler  isr.o
    0x11008682   0x11008682   0x00000002   PAD
    0x11008684   0x11008684   0x00000012   Code   RO          470    .text.CCU6SR2_IRQHandler  isr.o
    0x11008696   0x11008696   0x00000002   PAD
    0x11008698   0x11008698   0x00000080   Code   RO          402    .text.CCU6_Init     ccu6.o
    0x11008718   0x11008718   0x00000016   Code   RO          410    .text.CSA_Init      csa.o
    0x1100872e   0x1100872e   0x00000002   PAD
    0x11008730   0x11008730   0x000000ea   Code   RO          412    .text.CSA_Offset_Get  csa.o
    0x1100881a   0x1100881a   0x00000002   PAD
    0x1100881c   0x1100881c   0x00000004   Code   RO          802    .text.ComDrv_1msTask  lintask.o
    0x11008820   0x11008820   0x00000004   Code   RO          775    .text.ComDrv_LLD_Init  linmain.o
    0x11008824   0x11008824   0x00000034   Code   RO          679    .text.ComDrv_Set_APPTxMsgData  genlinconfig.o
    0x11008858   0x11008858   0x0000001a   Code   RO          905    .text.ComIf_1msTask  comif_task.o
    0x11008872   0x11008872   0x00000002   PAD
    0x11008874   0x11008874   0x00000002   Code   RO          838    .text.ComIf_ExecuteEcuReset  comif_ecureset_hal.o
    0x11008876   0x11008876   0x00000002   PAD
    0x11008878   0x11008878   0x0000000c   Code   RO          815    .text.ComIf_Get_APPRxMesCnt  comif_application_message.o
    0x11008884   0x11008884   0x00000034   Code   RO          813    .text.ComIf_Get_APPRxMsgData  comif_application_message.o
    0x110088b8   0x110088b8   0x0000000c   Code   RO          821    .text.ComIf_Get_APPTxMesFlagFirst  comif_application_message.o
    0x110088c4   0x110088c4   0x0000000c   Code   RO          823    .text.ComIf_Get_APPTxMesFlagSecond  comif_application_message.o
    0x110088d0   0x110088d0   0x0000000c   Code   RO          819    .text.ComIf_Get_SleepReqFlag  comif_application_message.o
    0x110088dc   0x110088dc   0x00000054   Code   RO          913    .text.ComIf_Get_WriteFunc_02  comif_wrdabyid_hal.o
    0x11008930   0x11008930   0x0000004c   Code   RO          915    .text.ComIf_Get_WriteFunc_03  comif_wrdabyid_hal.o
    0x1100897c   0x1100897c   0x00000034   Code   RO          917    .text.ComIf_Get_WriteFunc_04  comif_wrdabyid_hal.o
    0x110089b0   0x110089b0   0x00000012   Code   RO          846    .text.ComIf_Init    comif_init.o
    0x110089c2   0x110089c2   0x00000002   PAD
    0x110089c4   0x110089c4   0x00000006   Code   RO          817    .text.ComIf_Set_APPTxMsgData  comif_application_message.o
    0x110089ca   0x110089ca   0x00000002   PAD
    0x110089cc   0x110089cc   0x00000046   Code   RO          854    .text.ComIf_Set_ReadFunc_01  comif_rddabyid_hal.o
    0x11008a12   0x11008a12   0x00000002   PAD
    0x11008a14   0x11008a14   0x0000003a   Code   RO          856    .text.ComIf_Set_ReadFunc_02  comif_rddabyid_hal.o
    0x11008a4e   0x11008a4e   0x00000002   PAD
    0x11008a50   0x11008a50   0x00000032   Code   RO          858    .text.ComIf_Set_ReadFunc_03  comif_rddabyid_hal.o
    0x11008a82   0x11008a82   0x00000002   PAD
    0x11008a84   0x11008a84   0x0000001a   Code   RO          860    .text.ComIf_Set_ReadFunc_04  comif_rddabyid_hal.o
    0x11008a9e   0x11008a9e   0x00000002   PAD
    0x11008aa0   0x11008aa0   0x00000032   Code   RO          862    .text.ComIf_Set_ReadFunc_05  comif_rddabyid_hal.o
    0x11008ad2   0x11008ad2   0x00000002   PAD
    0x11008ad4   0x11008ad4   0x00000074   Code   RO          864    .text.ComIf_Set_ReadFunc_06  comif_rddabyid_hal.o
    0x11008b48   0x11008b48   0x00000046   Code   RO          866    .text.ComIf_Set_ReadFunc_07  comif_rddabyid_hal.o
    0x11008b8e   0x11008b8e   0x00000002   PAD
    0x11008b90   0x11008b90   0x00000034   Code   RO          868    .text.ComIf_Set_ReadFunc_08  comif_rddabyid_hal.o
    0x11008bc4   0x11008bc4   0x00000038   Code   RO          891    .text.ComIf_UnlockedL1_CompareKey  comif_sa_hal.o
    0x11008bfc   0x11008bfc   0x000000ae   Code   RO          889    .text.ComIf_UnlockedL1_GetSeed  comif_sa_hal.o
    0x11008caa   0x11008caa   0x00000002   PAD
    0x11008cac   0x11008cac   0x0000021c   Code   RO          887    .text.ComIf_canculate_security_access_jili  comif_sa_hal.o
    0x11008ec8   0x11008ec8   0x0000004e   Code   RO           55    .text.DIAG_3PhaseOpenLoadFault_Handle  diag_handle.o
    0x11008f16   0x11008f16   0x00000002   PAD
    0x11008f18   0x11008f18   0x0000007e   Code   RO           57    .text.DIAG_3PhaseOpenLoad_Check  diag_handle.o
    0x11008f96   0x11008f96   0x00000002   PAD
    0x11008f98   0x11008f98   0x00000062   Code   RO           45    .text.DIAG_BasicToAPPfault_Monitor  diag_handle.o
    0x11008ffa   0x11008ffa   0x00000002   PAD
    0x11008ffc   0x11008ffc   0x00000218   Code   RO           49    .text.DIAG_HSLSFault_Handle  diag_handle.o
    0x11009214   0x11009214   0x00000042   Code   RO           51    .text.DIAG_PosSCD_Com  diag_handle.o
    0x11009256   0x11009256   0x00000002   PAD
    0x11009258   0x11009258   0x00000028   Code   RO           41    .text.DIAG_SysSupply_Err  diag_handle.o
    0x11009280   0x11009280   0x0000005c   Code   RO           43    .text.DIAG_VCPAndVDHDiff_Handle  diag_handle.o
    0x110092dc   0x110092dc   0x000000d6   Code   RO           47    .text.DIAG_VCPFault_Handle  diag_handle.o
    0x110093b2   0x110093b2   0x00000002   PAD
    0x110093b4   0x110093b4   0x00000064   Code   RO           59    .text.DIAG_VDDFault_Handle  diag_handle.o
    0x11009418   0x11009418   0x00000016   Code   RO           53    .text.DIAG_VSDFault_Handle  diag_handle.o
    0x1100942e   0x1100942e   0x00000002   PAD
    0x11009430   0x11009430   0x0000000c   Code   RO           72    .text.DIO_Set_PinDir  dio_dio.o
    0x1100943c   0x1100943c   0x0000000c   Code   RO           70    .text.DIO_Set_PinState  dio_dio.o
    0x11009448   0x11009448   0x00000018   Code   RO          434    .text.DMA_Init      dma.o
    0x11009460   0x11009460   0x000003d2   Code   RO         1493    .text.DcycGen_FstTask  asw_dcycgen.o
    0x11009832   0x11009832   0x00000002   PAD
    0x11009834   0x11009834   0x00000278   Code   RO          631    .text.Delay_us      wdt1.o
    0x11009aac   0x11009aac   0x0000002e   Code   RO          444    .text.GPT12E_Init   gpt12e.o
    0x11009ada   0x11009ada   0x00000002   PAD
    0x11009adc   0x11009adc   0x00000010   Code   RO          285    .text.HSI_DIAG_Get_VCPLO1_State  hsi_sw.o
    0x11009aec   0x11009aec   0x00000010   Code   RO          287    .text.HSI_DIAG_Get_VSDLO_State  hsi_sw.o
    0x11009afc   0x11009afc   0x00000010   Code   RO          289    .text.HSI_DIAG_Get_VSDUP_State  hsi_sw.o
    0x11009b0c   0x11009b0c   0x00000010   Code   RO          283    .text.HSI_DIAG_Get_VSOV_State  hsi_sw.o
    0x11009b1c   0x11009b1c   0x00000010   Code   RO          281    .text.HSI_DIAG_Get_VSUV_State  hsi_sw.o
    0x11009b2c   0x11009b2c   0x0000000e   Code   RO          271    .text.HSI_DMA_TxRxChannelEnable  hsi_sw.o
    0x11009b3a   0x11009b3a   0x00000002   PAD
    0x11009b3c   0x11009b3c   0x0000001a   Code   RO          269    .text.HSI_DMA_TxRxSrcSelect_SSC1  hsi_sw.o
    0x11009b56   0x11009b56   0x00000002   PAD
    0x11009b58   0x11009b58   0x00000014   Code   RO          293    .text.HSI_DmaBasePtrConfig  hsi_sw.o
    0x11009b6c   0x11009b6c   0x0000005e   Code   RO          291    .text.HSI_Init      hsi_sw.o
    0x11009bca   0x11009bca   0x00000002   PAD
    0x11009bcc   0x11009bcc   0x0000001e   Code   RO          295    .text.HSI_NVMPage_Write  hsi_sw.o
    0x11009bea   0x11009bea   0x00000002   PAD
    0x11009bec   0x11009bec   0x00000010   Code   RO          267    .text.HSI_SPI_RxIntCheck  hsi_sw.o
    0x11009bfc   0x11009bfc   0x0000000c   Code   RO          265    .text.HSI_SPI_SendWord  hsi_sw.o
    0x11009c08   0x11009c08   0x0000003e   Code   RO          297    .text.HSI_VREF_Fault_Check  hsi_sw.o
    0x11009c46   0x11009c46   0x00000002   PAD
    0x11009c48   0x11009c48   0x00000002   Code   RO          478    .text.HardFault_Handler  isr.o
    0x11009c4a   0x11009c4a   0x00000002   PAD
    0x11009c4c   0x11009c4c   0x000000a8   Code   RO          458    .text.INT_Init      int.o
    0x11009cf4   0x11009cf4   0x0000004a   Code   RO          140    .text.ISR_T12_OneMatch  pwm_pwm.o
    0x11009d3e   0x11009d3e   0x00000002   PAD
    0x11009d40   0x11009d40   0x00000098   Code   RO          142    .text.ISR_T12_PeriodMatch  pwm_pwm.o
    0x11009dd8   0x11009dd8   0x0000000a   Code   RO          185    .text.IntMon_PllLossOfLock_IRQHandler  sys_int.o
    0x11009de2   0x11009de2   0x00000002   PAD
    0x11009de4   0x11009de4   0x00000052   Code   RO          277    .text.IntMon_SupplyPrewarning_IRQHandler  hsi_sw.o
    0x11009e36   0x11009e36   0x00000002   PAD
    0x11009e38   0x11009e38   0x00000292   Code   RO         1452    .text.Interface_10msTask  mid_interface.o
    0x1100a0ca   0x1100a0ca   0x00000002   PAD
    0x1100a0cc   0x1100a0cc   0x00000024   Code   RO         1450    .text.Interface_1msTask  mid_interface.o
    0x1100a0f0   0x1100a0f0   0x00000118   Code   RO         1444    .text.Interface_500usTask  mid_interface.o
    0x1100a208   0x1100a208   0x00000348   Code   RO         1462    .text.Interface_ApplCom_ASW_Trans  mid_interface.o
    0x1100a550   0x1100a550   0x00000046   Code   RO         1440    .text.Interface_FR_Task  mid_interface.o
    0x1100a596   0x1100a596   0x00000002   PAD
    0x1100a598   0x1100a598   0x00000134   Code   RO         1458    .text.Interface_OBD_SlwTask_Trans  mid_interface.o
    0x1100a6cc   0x1100a6cc   0x00000016   Code   RO         1472    .text.Interface_Set_DutyCycle  mid_interface.o
    0x1100a6e2   0x1100a6e2   0x00000002   PAD
    0x1100a6e4   0x1100a6e4   0x0000001e   Code   RO         1438    .text.Interface_StartupTask  mid_interface.o
    0x1100a702   0x1100a702   0x00000002   PAD
    0x1100a704   0x1100a704   0x00000012   Code   RO         1070    .text.LINTP_ENTER_CRITICAL  lintp_schm.o
    0x1100a716   0x1100a716   0x00000002   PAD
    0x1100a718   0x1100a718   0x00000006   Code   RO         1072    .text.LINTP_EXIT_CRITICAL  lintp_schm.o
    0x1100a71e   0x1100a71e   0x00000002   PAD
    0x1100a720   0x1100a720   0x00000020   Code   RO          789    .text.LIN_COM_Handler  linmain.o
    0x1100a740   0x1100a740   0x00000002   Code   RO          783    .text.LIN_Enable_Transceiver  linmain.o
    0x1100a742   0x1100a742   0x00000002   PAD
    0x1100a744   0x1100a744   0x00000050   Code   RO          495    .text.LIN_Init      lin.o
    0x1100a794   0x1100a794   0x000000f6   Code   RO          777    .text.LIN_LLD_Service  linmain.o
    0x1100a88a   0x1100a88a   0x00000002   PAD
    0x1100a88c   0x1100a88c   0x0000005e   Code   RO          930    .text.LinIf_HeaderIndication  linif_headerindication.o
    0x1100a8ea   0x1100a8ea   0x00000002   PAD
    0x1100a8ec   0x1100a8ec   0x0000004a   Code   RO          939    .text.LinIf_RxIndication  linif_rxindication.o
    0x1100a936   0x1100a936   0x00000002   PAD
    0x1100a938   0x1100a938   0x00000004   Code   RO          948    .text.LinIf_TxConfirmation  linif_txconfirmation.o
    0x1100a93c   0x1100a93c   0x00000028   Code   RO         1084    .text.LinTp_CancelTimer  lintp_timer.o
    0x1100a964   0x1100a964   0x00000086   Code   RO          993    .text.LinTp_LinIfRxIndication  lintp_cbk.o
    0x1100a9ea   0x1100a9ea   0x00000002   PAD
    0x1100a9ec   0x1100a9ec   0x00000006   Code   RO          995    .text.LinTp_LinIfTriggerTransmit  lintp_cbk.o
    0x1100a9f2   0x1100a9f2   0x00000002   PAD
    0x1100a9f4   0x1100a9f4   0x00000004   Code   RO          997    .text.LinTp_LinIfTxConfirmation  lintp_cbk.o
    0x1100a9f8   0x1100a9f8   0x00000050   Code   RO         1059    .text.LinTp_PduFifoGetOne  lintp_queue.o
    0x1100aa48   0x1100aa48   0x00000096   Code   RO         1057    .text.LinTp_PduFifoInc  lintp_queue.o
    0x1100aade   0x1100aade   0x00000002   PAD
    0x1100aae0   0x1100aae0   0x0000002e   Code   RO         1055    .text.LinTp_PduFifoInit  lintp_queue.o
    0x1100ab0e   0x1100ab0e   0x00000002   PAD
    0x1100ab10   0x1100ab10   0x0000005a   Code   RO         1088    .text.LinTp_ProcessTimers  lintp_timer.o
    0x1100ab6a   0x1100ab6a   0x00000002   PAD
    0x1100ab6c   0x1100ab6c   0x00000010   Code   RO         1086    .text.LinTp_ResetTimer  lintp_timer.o
    0x1100ab7c   0x1100ab7c   0x0000002a   Code   RO         1082    .text.LinTp_SetTimer  lintp_timer.o
    0x1100aba6   0x1100aba6   0x00000002   PAD
    0x1100aba8   0x1100aba8   0x00000096   Code   RO          969    .text.LinTp_TxConfirmation  lintp.o
    0x1100ac3e   0x1100ac3e   0x00000002   PAD
    0x1100ac40   0x1100ac40   0x00000166   Code   RO          967    .text.LinTp_TxMsgProc  lintp.o
    0x1100ada6   0x1100ada6   0x00000002   PAD
    0x1100ada8   0x1100ada8   0x00000564   Code   RO          975    .text.LinTp_task_1ms  lintp.o
    0x1100b30c   0x1100b30c   0x0000002a   Code   RO          971    .text.LinTp_timeout_cb  lintp.o
    0x1100b336   0x1100b336   0x00000002   PAD
    0x1100b338   0x1100b338   0x0000000e   Code   RO          504    .text.MON_Init      mon.o
    0x1100b346   0x1100b346   0x00000002   PAD
    0x1100b348   0x1100b348   0x00000002   Code   RO          480    .text.MemManage_Handler  isr.o
    0x1100b34a   0x1100b34a   0x00000002   PAD
    0x1100b34c   0x1100b34c   0x0000007a   Code   RO           86    .text.Mem_DataRAM2NVM  mem_mem.o
    0x1100b3c6   0x1100b3c6   0x00000002   PAD
    0x1100b3c8   0x1100b3c8   0x00000016   Code   RO           84    .text.Mem_EreaseEeprom  mem_mem.o
    0x1100b3de   0x1100b3de   0x00000002   PAD
    0x1100b3e0   0x1100b3e0   0x000003b6   Code   RO           82    .text.Mem_RAMInit   mem_mem.o
    0x1100b796   0x1100b796   0x00000002   PAD
    0x1100b798   0x1100b798   0x0000007e   Code   RO          476    .text.NMI_Handler   isr.o
    0x1100b816   0x1100b816   0x00000002   PAD
    0x1100b818   0x1100b818   0x000029a0   Code   RO         1630    .text.OBD_SlwTask   asw_obd.o
    0x1100e1b8   0x1100e1b8   0x00000330   Code   RO         1628    .text.OBD_SlwTask_Init  asw_obd.o
    0x1100e4e8   0x1100e4e8   0x000000ba   Code   RO          516    .text.PMU_Init      pmu.o
    0x1100e5a2   0x1100e5a2   0x00000002   PAD
    0x1100e5a4   0x1100e5a4   0x00000074   Code   RO          530    .text.PORT_ChangePin  port.o
    0x1100e618   0x1100e618   0x00000074   Code   RO          528    .text.PORT_Init     port.o
    0x1100e68c   0x1100e68c   0x0000000e   Code   RO          108    .text.PWM_CalcStart  pwm_clac.o
    0x1100e69a   0x1100e69a   0x00000002   PAD
    0x1100e69c   0x1100e69c   0x0000002a   Code   RO          132    .text.PWM_LaunchPWM  pwm_pwm.o
    0x1100e6c6   0x1100e6c6   0x00000002   PAD
    0x1100e6c8   0x1100e6c8   0x00000040   Code   RO          116    .text.PWM_SSM_Init  pwm_clac.o
    0x1100e708   0x1100e708   0x00000052   Code   RO          120    .text.PWM_SSM_ReconstructCurr  pwm_clac.o
    0x1100e75a   0x1100e75a   0x00000002   PAD
    0x1100e75c   0x1100e75c   0x00000168   Code   RO          110    .text.PWM_Set_ClacPwmVals  pwm_clac.o
    0x1100e8c4   0x1100e8c4   0x00000012   Code   RO          114    .text.PWM_Set_CompareFallValues  pwm_clac.o
    0x1100e8d6   0x1100e8d6   0x00000002   PAD
    0x1100e8d8   0x1100e8d8   0x00000012   Code   RO          112    .text.PWM_Set_CompareRiseValues  pwm_clac.o
    0x1100e8ea   0x1100e8ea   0x00000002   PAD
    0x1100e8ec   0x1100e8ec   0x00000038   Code   RO          118    .text.PWM_Set_SampleTimer  pwm_clac.o
    0x1100e924   0x1100e924   0x00000014   Code   RO          134    .text.PWM_Set_T12ChannelVal  pwm_pwm.o
    0x1100e938   0x1100e938   0x0000000e   Code   RO          136    .text.PWM_Set_T13CompareVal  pwm_pwm.o
    0x1100e946   0x1100e946   0x00000002   PAD
    0x1100e948   0x1100e948   0x00000012   Code   RO          138    .text.PWM_Set_T13PeriodVal  pwm_pwm.o
    0x1100e95a   0x1100e95a   0x00000002   PAD
    0x1100e95c   0x1100e95c   0x0000090a   Code   RO         1537    .text.PhCurrGen_SlwTask  asw_phcurrgen.o
    0x1100f266   0x1100f266   0x00000002   PAD
    0x1100f268   0x1100f268   0x00001276   Code   RO         1516    .text.PhVltgGen_MedTask  asw_phvltggen.o
    0x110104de   0x110104de   0x00000002   PAD
    0x110104e0   0x110104e0   0x0000003e   Code   RO           98    .text.PosSCD_Data_Read  posscd_possensor.o
    0x1101051e   0x1101051e   0x00000002   PAD
    0x11010520   0x11010520   0x00000074   Code   RO           96    .text.PosSCD_Init   posscd_possensor.o
    0x11010594   0x11010594   0x00000100   Code   RO          367    .text.ProgramPage   bootrom.o
    0x11010694   0x11010694   0x00000034   Code   RO          973    .text.ProtStk_LINTp_Init  lintp.o
    0x110106c8   0x110106c8   0x0000000e   Code   RO          800    .text.ProtStk_UDS_1msTask  lintask.o
    0x110106d6   0x110106d6   0x00000002   PAD
    0x110106d8   0x110106d8   0x0000003c   Code   RO         1109    .text.ProtStk_UDS_Init  uds.o
    0x11010714   0x11010714   0x000001ee   Code   RO          546    .text.SCU_ClkInit   scu.o
    0x11010902   0x11010902   0x00000002   PAD
    0x11010904   0x11010904   0x0000008e   Code   RO          550    .text.SCU_EnterSleepMode  scu.o
    0x11010992   0x11010992   0x00000002   PAD
    0x11010994   0x11010994   0x00000040   Code   RO          548    .text.SCU_Init      scu.o
    0x110109d4   0x110109d4   0x00000034   Code   RO          159    .text.SPI_DataTransferDMA  spi_ssc.o
    0x11010a08   0x11010a08   0x00000028   Code   RO          161    .text.SPI_DataTransferStart  spi_ssc.o
    0x11010a30   0x11010a30   0x000000a2   Code   RO          153    .text.SPI_SyncTransmit  spi_ssc.o
    0x11010ad2   0x11010ad2   0x00000002   PAD
    0x11010ad4   0x11010ad4   0x00000010   Code   RO          157    .text.SPI_Update_TxBuffer  spi_ssc.o
    0x11010ae4   0x11010ae4   0x00000022   Code   RO          567    .text.SSC1_Init     ssc.o
    0x11010b06   0x11010b06   0x00000002   PAD
    0x11010b08   0x11010b08   0x00000240   Code   RO         1653    .text.SigIn_MedTask  asw_sigin.o
    0x11010d48   0x11010d48   0x00000288   Code   RO         1657    .text.SigIn_SlwTask  asw_sigin.o
    0x11010fd0   0x11010fd0   0x00000010   Code   RO          486    .text.SysTick_Handler  isr.o
    0x11010fe0   0x11010fe0   0x0000002c   Code   RO          623    .text.SysTick_Init  wdt1.o
    0x1101100c   0x1101100c   0x000000e0   Code   RO          172    .text.Sys_DMAInit   sys_dma.o
    0x110110ec   0x110110ec   0x0000005c   Code   RO          174    .text.Sys_DMAResetChannel  sys_dma.o
    0x11011148   0x11011148   0x00000004   Code   RO          187    .text.Sys_IntDisIrq  sys_int.o
    0x1101114c   0x1101114c   0x00000004   Code   RO          189    .text.Sys_IntEnIrq  sys_int.o
    0x11011150   0x11011150   0x0000001e   Code   RO          217    .text.Sys_McuInit   sys_mcuinit.o
    0x1101116e   0x1101116e   0x00000002   PAD
    0x11011170   0x11011170   0x0000000e   Code   RO          200    .text.Sys_SCU_ClrRxInt  sys_scu.o
    0x1101117e   0x1101117e   0x00000002   PAD
    0x11011180   0x11011180   0x00000004   Code   RO          198    .text.Sys_SCU_SleepMode  sys_scu.o
    0x11011184   0x11011184   0x00000026   Code   RO          578    .text.SystemInit    system_tle987x.o
    0x110111aa   0x110111aa   0x00000002   PAD
    0x110111ac   0x110111ac   0x00000020   Code   RO          589    .text.TIMER21_Init  timer2x.o
    0x110111cc   0x110111cc   0x00000002   Code   RO          587    .text.TIMER2_Init   timer2x.o
    0x110111ce   0x110111ce   0x00000002   PAD
    0x110111d0   0x110111d0   0x00000004   Code   RO          254    .text.Task_1000msTask  task_task.o
    0x110111d4   0x110111d4   0x00000016   Code   RO          252    .text.Task_100msTask  task_task.o
    0x110111ea   0x110111ea   0x00000002   PAD
    0x110111ec   0x110111ec   0x00000022   Code   RO          250    .text.Task_10msTask  task_task.o
    0x1101120e   0x1101120e   0x00000002   PAD
    0x11011210   0x11011210   0x0000000e   Code   RO          248    .text.Task_1msTask  task_task.o
    0x1101121e   0x1101121e   0x00000002   PAD
    0x11011220   0x11011220   0x0000000e   Code   RO          240    .text.Task_StartupTask  task_task.o
    0x1101122e   0x1101122e   0x00000002   PAD
    0x11011230   0x11011230   0x00000082   Code   RO          242    .text.Task_TaskRun  task_task.o
    0x110112b2   0x110112b2   0x00000002   PAD
    0x110112b4   0x110112b4   0x0000005c   Code   RO          246    .text.Task_Timer_ISR  task_task.o
    0x11011310   0x11011310   0x00000018   Code   RO          209    .text.Timer21_interrupt  sys_timer2x.o
    0x11011328   0x11011328   0x00000028   Code   RO          472    .text.UART1_IRQHandler  isr.o
    0x11011350   0x11011350   0x0000002e   Code   RO          604    .text.UART1_Init    uart.o
    0x1101137e   0x1101137e   0x00000002   PAD
    0x11011380   0x11011380   0x00000026   Code   RO          474    .text.UART2_IRQHandler  isr.o
    0x110113a6   0x110113a6   0x00000002   PAD
    0x110113a8   0x110113a8   0x00000002   Code   RO          608    .text.UART2_Init    uart.o
    0x110113aa   0x110113aa   0x00000002   PAD
    0x110113ac   0x110113ac   0x00000002   Code   RO          484    .text.UsageFault_Handler  isr.o
    0x110113ae   0x110113ae   0x00000002   PAD
    0x110113b0   0x110113b0   0x0000001c   Code   RO          621    .text.WDT1_Init     wdt1.o
    0x110113cc   0x110113cc   0x0000001c   Code   RO          629    .text.WDT1_SOW_Service  wdt1.o
    0x110113e8   0x110113e8   0x0000002e   Code   RO          627    .text.WDT1_Service  wdt1.o
    0x11011416   0x11011416   0x00000002   PAD
    0x11011418   0x11011418   0x00000012   Code   RO          625    .text.WDT1_Stop     wdt1.o
    0x1101142a   0x1101142a   0x00000002   PAD
    0x1101142c   0x1101142c   0x0000002a   Code   RO         1125    .text.__NVIC_SystemReset  uds.o
    0x11011456   0x11011456   0x00000002   PAD
    0x11011458   0x11011458   0x0000001c   Code   RO         1241    .text.didrd_ActiveSessionState  uds_user.o
    0x11011474   0x11011474   0x00000012   Code   RO         1349    .text.didrd_AppVersion  uds_user.o
    0x11011486   0x11011486   0x00000002   PAD
    0x11011488   0x11011488   0x00000012   Code   RO         1345    .text.didrd_BootVersion  uds_user.o
    0x1101149a   0x1101149a   0x00000002   PAD
    0x1101149c   0x1101149c   0x00000012   Code   RO         1347    .text.didrd_DataVersion  uds_user.o
    0x110114ae   0x110114ae   0x00000002   PAD
    0x110114b0   0x110114b0   0x00000012   Code   RO         1343    .text.didrd_ECUProductionTime  uds_user.o
    0x110114c2   0x110114c2   0x00000002   PAD
    0x110114c4   0x110114c4   0x00000012   Code   RO         1341    .text.didrd_HardwareVersionNumber  uds_user.o
    0x110114d6   0x110114d6   0x00000002   PAD
    0x110114d8   0x110114d8   0x00000012   Code   RO         1337    .text.didrd_OrderNumber  uds_user.o
    0x110114ea   0x110114ea   0x00000002   PAD
    0x110114ec   0x110114ec   0x00000012   Code   RO         1339    .text.didrd_SerialNumber  uds_user.o
    0x110114fe   0x110114fe   0x00000002   PAD
    0x11011500   0x11011500   0x00000012   Code   RO         1351    .text.didrd_SystemName  uds_user.o
    0x11011512   0x11011512   0x00000002   PAD
    0x11011514   0x11011514   0x00000004   Code   RO         1301    .text.didrd_parAngPosEvalMode  uds_user.o
    0x11011518   0x11011518   0x00000004   Code   RO         1265    .text.didrd_parDirCurrCtrlIntgGain  uds_user.o
    0x1101151c   0x1101151c   0x00000004   Code   RO         1261    .text.didrd_parDirCurrCtrlPropGain  uds_user.o
    0x11011520   0x11011520   0x00000004   Code   RO         1285    .text.didrd_parMinSnslRefElctSpd  uds_user.o
    0x11011524   0x11011524   0x00000004   Code   RO         1289    .text.didrd_parMinStrtUpElctSpd  uds_user.o
    0x11011528   0x11011528   0x00000004   Code   RO         1309    .text.didrd_parOlClAngRiseRate  uds_user.o
    0x1101152c   0x1101152c   0x00000004   Code   RO         1333    .text.didrd_parPCBTempColdStart_C  uds_user.o
    0x11011530   0x11011530   0x00000004   Code   RO         1281    .text.didrd_parPLLCtrlIntgGain  uds_user.o
    0x11011534   0x11011534   0x00000004   Code   RO         1329    .text.didrd_parPLLCtrlIntgGainColdStart  uds_user.o
    0x11011538   0x11011538   0x00000004   Code   RO         1277    .text.didrd_parPLLCtrlPropGain  uds_user.o
    0x1101153c   0x1101153c   0x00000004   Code   RO         1325    .text.didrd_parPLLCtrlPropGainColdStart  uds_user.o
    0x11011540   0x11011540   0x00000004   Code   RO         1273    .text.didrd_parQdrtCurrCtrlIntgGain  uds_user.o
    0x11011544   0x11011544   0x00000004   Code   RO         1269    .text.didrd_parQdrtCurrCtrlPropGain  uds_user.o
    0x11011548   0x11011548   0x00000004   Code   RO         1317    .text.didrd_parRefSpdRisOLSlewRate  uds_user.o
    0x1101154c   0x1101154c   0x00000004   Code   RO         1313    .text.didrd_parRefSpdRisSlewRate  uds_user.o
    0x11011550   0x11011550   0x00000004   Code   RO         1297    .text.didrd_parSnslElctAngDely  uds_user.o
    0x11011554   0x11011554   0x00000004   Code   RO         1257    .text.didrd_parSpdCtrlIntgGain  uds_user.o
    0x11011558   0x11011558   0x00000004   Code   RO         1253    .text.didrd_parSpdCtrlPropGain  uds_user.o
    0x1101155c   0x1101155c   0x00000004   Code   RO         1293    .text.didrd_parStlgStrtUpElctSpd  uds_user.o
    0x11011560   0x11011560   0x00000004   Code   RO         1305    .text.didrd_parStrtUpProcTolElctSpd  uds_user.o
    0x11011564   0x11011564   0x00000004   Code   RO         1321    .text.didrd_u16_cntOLWait  uds_user.o
    0x11011568   0x11011568   0x00000014   Code   RO         1357    .text.didwt_ECUProductionTime  uds_user.o
    0x1101157c   0x1101157c   0x00000014   Code   RO         1355    .text.didwt_HardwareVersionNumber  uds_user.o
    0x11011590   0x11011590   0x00000014   Code   RO         1353    .text.didwt_SerialNumber  uds_user.o
    0x110115a4   0x110115a4   0x00000004   Code   RO         1303    .text.didwt_parAngPosEvalMode  uds_user.o
    0x110115a8   0x110115a8   0x00000004   Code   RO         1267    .text.didwt_parDirCurrCtrlIntgGain  uds_user.o
    0x110115ac   0x110115ac   0x00000004   Code   RO         1263    .text.didwt_parDirCurrCtrlPropGain  uds_user.o
    0x110115b0   0x110115b0   0x00000004   Code   RO         1287    .text.didwt_parMinSnslRefElctSpd  uds_user.o
    0x110115b4   0x110115b4   0x00000004   Code   RO         1291    .text.didwt_parMinStrtUpElctSpd  uds_user.o
    0x110115b8   0x110115b8   0x00000004   Code   RO         1311    .text.didwt_parOlClAngRiseRate  uds_user.o
    0x110115bc   0x110115bc   0x00000004   Code   RO         1335    .text.didwt_parPCBTempColdStart_C  uds_user.o
    0x110115c0   0x110115c0   0x00000004   Code   RO         1283    .text.didwt_parPLLCtrlIntgGain  uds_user.o
    0x110115c4   0x110115c4   0x00000004   Code   RO         1331    .text.didwt_parPLLCtrlIntgGainColdStart  uds_user.o
    0x110115c8   0x110115c8   0x00000004   Code   RO         1279    .text.didwt_parPLLCtrlPropGain  uds_user.o
    0x110115cc   0x110115cc   0x00000004   Code   RO         1327    .text.didwt_parPLLCtrlPropGainColdStart  uds_user.o
    0x110115d0   0x110115d0   0x00000004   Code   RO         1275    .text.didwt_parQdrtCurrCtrlIntgGain  uds_user.o
    0x110115d4   0x110115d4   0x00000004   Code   RO         1271    .text.didwt_parQdrtCurrCtrlPropGain  uds_user.o
    0x110115d8   0x110115d8   0x00000004   Code   RO         1319    .text.didwt_parRefSpdRisOLSlewRate  uds_user.o
    0x110115dc   0x110115dc   0x00000004   Code   RO         1315    .text.didwt_parRefSpdRisSlewRate  uds_user.o
    0x110115e0   0x110115e0   0x00000004   Code   RO         1299    .text.didwt_parSnslElctAngDely  uds_user.o
    0x110115e4   0x110115e4   0x00000004   Code   RO         1259    .text.didwt_parSpdCtrlIntgGain  uds_user.o
    0x110115e8   0x110115e8   0x00000004   Code   RO         1255    .text.didwt_parSpdCtrlPropGain  uds_user.o
    0x110115ec   0x110115ec   0x00000004   Code   RO         1295    .text.didwt_parStlgStrtUpElctSpd  uds_user.o
    0x110115f0   0x110115f0   0x00000004   Code   RO         1307    .text.didwt_parStrtUpProcTolElctSpd  uds_user.o
    0x110115f4   0x110115f4   0x00000004   Code   RO         1323    .text.didwt_u16_cntOLWait  uds_user.o
    0x110115f8   0x110115f8   0x0000001c   Code   RO         1692    .text.div_nde_s32_floor  div_nde_s32_floor.o
    0x11011614   0x11011614   0x0000015a   Code   RO         1701    .text.div_nzp_repeat_u32  div_nzp_repeat_u32.o
    0x1101176e   0x1101176e   0x00000002   PAD
    0x11011770   0x11011770   0x00000024   Code   RO         1221    .text.ecuResetTrig  uds_user.o
    0x11011794   0x11011794   0x00000004   Code   RO         1402    .text.fblNvm_save1  fbl_infor.o
    0x11011798   0x11011798   0x00000028   Code   RO          677    .text.l_Update_Frame_Flags  genlinconfig.o
    0x110117c0   0x110117c0   0x0000014c   Code   RO          726    .text.l_hal_rx_state_machine  lin_hal.o
    0x1101190c   0x1101190c   0x00000070   Code   RO          716    .text.l_hal_tx_state_machine  lin_hal.o
    0x1101197c   0x1101197c   0x00000038   Code   RO          722    .text.l_hal_txchecksum_calculation  lin_hal.o
    0x110119b4   0x110119b4   0x00000010   Code   RO          699    .text.l_ifc_read_status  lin_driver_api.o
    0x110119c4   0x110119c4   0x0000000a   Code   RO          695    .text.l_sys_init    lin_driver_api.o
    0x110119ce   0x110119ce   0x00000002   PAD
    0x110119d0   0x110119d0   0x0000000a   Code   RO          779    .text.l_sys_irq_disable  linmain.o
    0x110119da   0x110119da   0x00000002   PAD
    0x110119dc   0x110119dc   0x00000008   Code   RO          781    .text.l_sys_irq_restore  linmain.o
    0x110119e4   0x110119e4   0x0000002a   Code   RO          965    .text.linTp_Reset   lintp.o
    0x11011a0e   0x11011a0e   0x00000002   PAD
    0x11011a10   0x11011a10   0x00000108   Code   RO          728    .text.lin_hal_ISR   lin_hal.o
    0x11011b18   0x11011b18   0x000000d6   Code   RO          708    .text.lin_hal_init  lin_hal.o
    0x11011bee   0x11011bee   0x00000002   PAD
    0x11011bf0   0x11011bf0   0x000000c2   Code   RO          710    .text.lin_hal_init_uart  lin_hal.o
    0x11011cb2   0x11011cb2   0x00000002   PAD
    0x11011cb4   0x11011cb4   0x00000028   Code   RO          724    .text.lin_hal_rx_response  lin_hal.o
    0x11011cdc   0x11011cdc   0x0000010e   Code   RO          714    .text.lin_hal_tx_response  lin_hal.o
    0x11011dea   0x11011dea   0x00000002   PAD
    0x11011dec   0x11011dec   0x00000022   Code   RO          740    .text.lin_main_init  lin_main.o
    0x11011e0e   0x11011e0e   0x00000002   PAD
    0x11011e10   0x11011e10   0x00000106   Code   RO          764    .text.lin_slave_task_rx_data  lin_slave_task.o
    0x11011f16   0x11011f16   0x00000002   PAD
    0x11011f18   0x11011f18   0x0000015c   Code   RO          762    .text.lin_slave_task_rx_pid  lin_slave_task.o
    0x11012074   0x11012074   0x00000066   Code   RO          760    .text.lin_slave_task_tx_data  lin_slave_task.o
    0x110120da   0x110120da   0x00000002   PAD
    0x110120dc   0x110120dc   0x000000e8   Code   RO         1719    .text.look1_is16lu32n32ys16n_eAC3J1UD  look1_is16lu32n32ys16n_eac3j1ud.o
    0x110121c4   0x110121c4   0x000000d8   Code   RO         1737    .text.look1_iu16lu32n16ts16D_2s4GBl96  look1_iu16lu32n16ts16d_2s4gbl96.o
    0x1101229c   0x1101229c   0x000000ea   Code   RO         1746    .text.look1_iu16lu32n16tu8_binlcse  look1_iu16lu32n16tu8_binlcse.o
    0x11012386   0x11012386   0x00000002   PAD
    0x11012388   0x11012388   0x000000d4   Code   RO         1728    .text.look1_iu8lu32n16ts16Ds32_binlcs  look1_iu8lu32n16ts16ds32_binlcs.o
    0x1101245c   0x1101245c   0x000001d4   Code   RO         1755    .text.look2_is16lu32n16tu16_binlcse  look2_is16lu32n16tu16_binlcse.o
    0x11012630   0x11012630   0x000001da   Code   RO         1827    .text.look2_iu8s16lu32n16tu16_binlcse  look2_iu8s16lu32n16tu16_binlcse.o
    0x1101280a   0x1101280a   0x00000002   PAD
    0x1101280c   0x1101280c   0x00000020   Code   RO          230    .text.main          main.o
    0x1101282c   0x1101282c   0x00000016   Code   RO         1782    .text.mul_ssu32_hiSR  mul_ssu32_hisr.o
    0x11012842   0x11012842   0x00000002   PAD
    0x11012844   0x11012844   0x00000022   Code   RO         1791    .text.mul_ssu32_loSR  mul_ssu32_losr.o
    0x11012866   0x11012866   0x00000002   PAD
    0x11012868   0x11012868   0x0000007a   Code   RO         1818    .text.mul_wide_su32  mul_wide_su32.o
    0x110128e2   0x110128e2   0x00000002   PAD
    0x110128e4   0x110128e4   0x00000022   Code   RO         1025    .text.nt_is_RequestCompleted  lintp_export.o
    0x11012906   0x11012906   0x00000002   PAD
    0x11012908   0x11012908   0x00000014   Code   RO         1023    .text.nt_is_locked  lintp_export.o
    0x1101291c   0x1101291c   0x0000000c   Code   RO         1019    .text.nt_req_is_functional_check  lintp_export.o
    0x11012928   0x11012928   0x0000002a   Code   RO         1009    .text.nt_req_pop_dt  lintp_export.o
    0x11012952   0x11012952   0x00000002   PAD
    0x11012954   0x11012954   0x0000001a   Code   RO         1013    .text.nt_req_pos_set  lintp_export.o
    0x1101296e   0x1101296e   0x00000002   PAD
    0x11012970   0x11012970   0x00000014   Code   RO         1017    .text.nt_req_remain_len  lintp_export.o
    0x11012984   0x11012984   0x00000022   Code   RO         1033    .text.nt_rsp_get_data  lintp_export.o
    0x110129a6   0x110129a6   0x00000002   PAD
    0x110129a8   0x110129a8   0x000000d2   Code   RO         1031    .text.nt_rsp_push_buf  lintp_export.o
    0x11012a7a   0x11012a7a   0x00000002   PAD
    0x11012a7c   0x11012a7c   0x00000022   Code   RO         1029    .text.nt_rsp_push_dt  lintp_export.o
    0x11012a9e   0x11012a9e   0x00000002   PAD
    0x11012aa0   0x11012aa0   0x0000001e   Code   RO         1027    .text.nt_rsp_reset  lintp_export.o
    0x11012abe   0x11012abe   0x00000002   PAD
    0x11012ac0   0x11012ac0   0x00000098   Code   RO         1035    .text.nt_rsp_set    lintp_export.o
    0x11012b58   0x11012b58   0x00000022   Code   RO         1041    .text.nt_rsp_start  lintp_export.o
    0x11012b7a   0x11012b7a   0x00000002   PAD
    0x11012b7c   0x11012b7c   0x00000014   Code   RO         1021    .text.nt_unlock     lintp_export.o
    0x11012b90   0x11012b90   0x000000de   Code   RO         1233    .text.rtStart_checkAppDataIntegrity  uds_user.o
    0x11012c6e   0x11012c6e   0x00000002   PAD
    0x11012c70   0x11012c70   0x00000042   Code   RO         1237    .text.rtStart_stayInBoot  uds_user.o
    0x11012cb2   0x11012cb2   0x00000002   PAD
    0x11012cb4   0x11012cb4   0x000001ca   Code   RO         1139    .text.serv_didRead  uds.o
    0x11012e7e   0x11012e7e   0x00000002   PAD
    0x11012e80   0x11012e80   0x00000226   Code   RO         1141    .text.serv_didWrite  uds.o
    0x110130a6   0x110130a6   0x00000002   PAD
    0x110130a8   0x110130a8   0x00000046   Code   RO         1219    .text.serv_ecuReset  uds_user.o
    0x110130ee   0x110130ee   0x00000002   PAD
    0x110130f0   0x110130f0   0x00000134   Code   RO         1227    .text.serv_requestDownload  uds_user.o
    0x11013224   0x11013224   0x00000042   Code   RO         1229    .text.serv_requestTransferExit  uds_user.o
    0x11013266   0x11013266   0x00000002   PAD
    0x11013268   0x11013268   0x00000200   Code   RO         1143    .text.serv_routineControl  uds.o
    0x11013468   0x11013468   0x00000282   Code   RO         1127    .text.serv_securityAccess  uds.o
    0x110136ea   0x110136ea   0x00000002   PAD
    0x110136ec   0x110136ec   0x000001c2   Code   RO         1115    .text.serv_sessionControl  uds.o
    0x110138ae   0x110138ae   0x00000002   PAD
    0x110138b0   0x110138b0   0x0000006e   Code   RO         1135    .text.serv_testPresent  uds.o
    0x1101391e   0x1101391e   0x00000002   PAD
    0x11013920   0x11013920   0x00000002   Code   RO         1189    .text.uds_didRwReady  uds_cfg.o
    0x11013922   0x11013922   0x00000002   PAD
    0x11013924   0x11013924   0x00000026   Code   RO         1151    .text.uds_getActiveSession  uds.o
    0x1101394a   0x1101394a   0x00000002   PAD
    0x1101394c   0x1101394c   0x0000006e   Code   RO         1103    .text.uds_negativeRsp  uds.o
    0x110139ba   0x110139ba   0x00000002   PAD
    0x110139bc   0x110139bc   0x00000004   Code   RO         1117    .text.uds_popRequestData  uds.o
    0x110139c0   0x110139c0   0x00000012   Code   RO         1119    .text.uds_pushRspData  uds.o
    0x110139d2   0x110139d2   0x00000002   PAD
    0x110139d4   0x110139d4   0x00000004   Code   RO         1121    .text.uds_remainRequestDLC  uds.o
    0x110139d8   0x110139d8   0x000001b6   Code   RO         1101    .text.uds_requestProcess  uds.o
    0x11013b8e   0x11013b8e   0x00000002   PAD
    0x11013b90   0x11013b90   0x0000000e   Code   RO         1133    .text.uds_rspPending  uds.o
    0x11013b9e   0x11013b9e   0x00000002   PAD
    0x11013ba0   0x11013ba0   0x00000014   Code   RO         1045    .text.uds_rsp_is_pending  lintp_export.o
    0x11013bb4   0x11013bb4   0x0000001a   Code   RO         1043    .text.uds_rsp_pending  lintp_export.o
    0x11013bce   0x11013bce   0x00000002   PAD
    0x11013bd0   0x11013bd0   0x00000058   Code   RO         1187    .text.uds_saCheckKey  uds_cfg.o
    0x11013c28   0x11013c28   0x00000028   Code   RO         1131    .text.uds_saLevelUnlockCheckByIndex  uds.o
    0x11013c50   0x11013c50   0x00000050   Code   RO         1183    .text.uds_saUpdateSeed  uds_cfg.o
    0x11013ca0   0x11013ca0   0x0000012a   Code   RO         1123    .text.uds_sendResponse  uds.o
    0x11013dca   0x11013dca   0x00000002   PAD
    0x11013dcc   0x11013dcc   0x00000030   Code   RO         1181    .text.uds_sessionSwitch  uds_cfg.o
    0x11013dfc   0x11013dfc   0x00000002   Code   RO         1179    .text.uds_sessionTimeout  uds_cfg.o
    0x11013dfe   0x11013dfe   0x00000002   PAD
    0x11013e00   0x11013e00   0x000001b4   Code   RO         1111    .text.uds_task      uds.o
    0x11013fb4   0x11013fb4   0x0000000e   Code   RO         2120    i.__scatterload_copy  mc_w.l(handlers.o)
    0x11013fc2   0x11013fc2   0x00000002   Code   RO         2121    i.__scatterload_null  mc_w.l(handlers.o)
    0x11013fc4   0x11013fc4   0x0000000e   Code   RO         2122    i.__scatterload_zeroinit  mc_w.l(handlers.o)
    0x11013fd2   0x11013fd2   0x00000002   PAD
    0x11013fd4   0x11013fd4   0x0000003c   Data   RO         1569    .rodata.ASW_AST_rtZBUS_AST_SLW_TASK_IN  asw_ast.o
    0x11014010   0x11014010   0x00000020   Data   RO         1567    .rodata.ASW_AST_rtZBUS_AST_SLW_TASK_OUT  asw_ast.o
    0x11014030   0x11014030   0x0000005c   Data   RO         1638    .rodata.ASW_OBD_rtZBUS_OBD_SLW_TASK_IN  asw_obd.o
    0x1101408c   0x1101408c   0x00000022   Data   RO         1524    .rodata.ASW_PhVltgGen_rtZBUS_PHVLTGGEN_  asw_phvltggen.o
    0x110140ae   0x110140ae   0x00000002   PAD
    0x110140b0   0x110140b0   0x0000002a   Data   RO         1666    .rodata.ASW_SigIn_rtZBUS_SIGIN_SLW_TASK  asw_sigin.o
    0x110140da   0x110140da   0x00000001   Data   RO         1862    .rodata.Gbol_flgFaltManEnFlg_C  motor_control_param.o
    0x110140db   0x110140db   0x00000001   Data   RO         2019    .rodata.Genm_modePWMMode_C  motor_control_param.o
    0x110140dc   0x110140dc   0x00000001   Data   RO         2058    .rodata.Genm_modePhCurrSmpMode_C  motor_control_param.o
    0x110140dd   0x110140dd   0x00000001   PAD
    0x110140de   0x110140de   0x00000002   Data   RO         2022    .rodata.Gs16_facAlgnTqFallRate_C  motor_control_param.o
    0x110140e0   0x110140e0   0x00000002   Data   RO         2023    .rodata.Gs16_facAlgnTqRiseRate_C  motor_control_param.o
    0x110140e2   0x110140e2   0x00000002   Data   RO         1837    .rodata.Gs16_facOpnLpClsLpAgRiseRate_C  motor_control_param.o
    0x110140e4   0x110140e4   0x00000008   Data   RO         1856    .rodata.Gs16_facPLLCtlKp_MAP_nActElecSpd_Y  motor_control_param.o
    0x110140ec   0x110140ec   0x00000002   Data   RO         2024    .rodata.Gs16_facRefSpdFallSlwRate_C  motor_control_param.o
    0x110140ee   0x110140ee   0x00000002   Data   RO         2025    .rodata.Gs16_facRefSpdOLFallSlwRate_C  motor_control_param.o
    0x110140f0   0x110140f0   0x00000002   Data   RO         2026    .rodata.Gs16_facRefSpdOLRiseSlwRate_C  motor_control_param.o
    0x110140f2   0x110140f2   0x00000002   Data   RO         2027    .rodata.Gs16_facRefSpdRisSlwRate_C  motor_control_param.o
    0x110140f4   0x110140f4   0x00000002   Data   RO         2005    .rodata.Gs16_facStrtUpTqRiseRate_C  motor_control_param.o
    0x110140f6   0x110140f6   0x00000002   Data   RO         2018    .rodata.Gs16_facStrtUpTrqDecFallRate_C  motor_control_param.o
    0x110140f8   0x110140f8   0x00000002   Data   RO         2017    .rodata.Gs16_facStrtUpTrqDecRiseRate_C  motor_control_param.o
    0x110140fa   0x110140fa   0x00000002   Data   RO         1867    .rodata.Gs16_iColdStrtPhCurrHiLvl1ConfTrs_C  motor_control_param.o
    0x110140fc   0x110140fc   0x00000002   Data   RO         1868    .rodata.Gs16_iColdStrtPhCurrHiLvl1RcvyTrs_C  motor_control_param.o
    0x110140fe   0x110140fe   0x0000000a   Data   RO         1863    .rodata.Gs16_iNoLdPhCurr_CUR  motor_control_param.o
    0x11014108   0x11014108   0x0000000a   Data   RO         1864    .rodata.Gs16_iNoLdPhCurr_CUR_nActElecSpd_X  motor_control_param.o
    0x11014112   0x11014112   0x00000002   Data   RO         1865    .rodata.Gs16_iPhCurrHiLvl1ConfTrs_C  motor_control_param.o
    0x11014114   0x11014114   0x00000002   Data   RO         1866    .rodata.Gs16_iPhCurrHiLvl1RcvyTrs_C  motor_control_param.o
    0x11014116   0x11014116   0x0000000c   Data   RO         2028    .rodata.Gs16_iPhCurrLim_CUR  motor_control_param.o
    0x11014122   0x11014122   0x00000006   Data   RO         2029    .rodata.Gs16_iPhCurrLim_CUR_tPCBTemp_X  motor_control_param.o
    0x11014128   0x11014128   0x0000000c   Data   RO         2030    .rodata.Gs16_iSplyCurrTempLim_CUR  motor_control_param.o
    0x11014134   0x11014134   0x00000006   Data   RO         2031    .rodata.Gs16_iSplyCurrTempLim_CUR_tPCBTemp_X  motor_control_param.o
    0x1101413a   0x1101413a   0x0000000e   Data   RO         2032    .rodata.Gs16_iSplyCurrVltgLim_CUR  motor_control_param.o
    0x11014148   0x11014148   0x0000000e   Data   RO         2033    .rodata.Gs16_iSplyCurrVltgLim_CUR_uSplyVltg_X  motor_control_param.o
    0x11014156   0x11014156   0x00000002   Data   RO         2034    .rodata.Gs16_nAlgnRefElecSpd_C  motor_control_param.o
    0x11014158   0x11014158   0x00000002   Data   RO         1869    .rodata.Gs16_nLmpHmeRefMechSpd_C  motor_control_param.o
    0x1101415a   0x1101415a   0x00000002   Data   RO         1870    .rodata.Gs16_nMaxMotoSpdDvtConfTrs_C  motor_control_param.o
    0x1101415c   0x1101415c   0x00000002   Data   RO         1871    .rodata.Gs16_nMaxRefMechSpd_C  motor_control_param.o
    0x1101415e   0x1101415e   0x00000002   Data   RO         1872    .rodata.Gs16_nMinMotoSpdDvtRcvyTrs_C  motor_control_param.o
    0x11014160   0x11014160   0x00000002   Data   RO         2036    .rodata.Gs16_nMinRefMechSpd_C  motor_control_param.o
    0x11014162   0x11014162   0x00000002   Data   RO         1873    .rodata.Gs16_nMotoStallMinRefElecSpd_C  motor_control_param.o
    0x11014164   0x11014164   0x00000002   Data   RO         1874    .rodata.Gs16_nMotoTmpStallRefMechSpd_C  motor_control_param.o
    0x11014166   0x11014166   0x00000002   Data   RO         1859    .rodata.Gs16_nNoLdJudgActElecSpd_C  motor_control_param.o
    0x11014168   0x11014168   0x00000002   Data   RO         2008    .rodata.Gs16_nOpnLpConvActElecSpd_C  motor_control_param.o
    0x1101416a   0x1101416a   0x00000002   Data   RO         1838    .rodata.Gs16_nPLLElecAgSpdUpLim_C  motor_control_param.o
    0x1101416c   0x1101416c   0x00000002   Data   RO         1839    .rodata.Gs16_nSenlTrnsElecSpd_C  motor_control_param.o
    0x1101416e   0x1101416e   0x00000002   Data   RO         2009    .rodata.Gs16_nShOffActElecSpd_C  motor_control_param.o
    0x11014170   0x11014170   0x00000002   Data   RO         2010    .rodata.Gs16_nStrtUpProcTolcElecSpd_C  motor_control_param.o
    0x11014172   0x11014172   0x00000002   Data   RO         2037    .rodata.Gs16_nUDS2FRefMechSpd_C  motor_control_param.o
    0x11014174   0x11014174   0x00000002   Data   RO         1840    .rodata.Gs16_tCtlVltgDelTi_C  motor_control_param.o
    0x11014176   0x11014176   0x00000002   Data   RO         1842    .rodata.Gs16_tiPhVltgAgDel_C  motor_control_param.o
    0x11014178   0x11014178   0x00000002   Data   RO         1841    .rodata.Gs16_tiSenlElecAgDel_C  motor_control_param.o
    0x1101417a   0x1101417a   0x00000002   Data   RO         2011    .rodata.Gs16_trqInitCondTq_C  motor_control_param.o
    0x1101417c   0x1101417c   0x00000002   Data   RO         2016    .rodata.Gs16_trqMinStrtUpRefTq_C  motor_control_param.o
    0x1101417e   0x1101417e   0x00000002   Data   RO         2038    .rodata.Gs16_trqRefTqAlgnVal_C  motor_control_param.o
    0x11014180   0x11014180   0x00000002   Data   RO         2040    .rodata.Gs16_trqTmpStallTqUpLim_C  motor_control_param.o
    0x11014182   0x11014182   0x00000002   Data   RO         2039    .rodata.Gs16_trqTqUpLim_C  motor_control_param.o
    0x11014184   0x11014184   0x00000002   Data   RO         2041    .rodata.Gu16_ctAlgnAlPhStCnt_C  motor_control_param.o
    0x11014186   0x11014186   0x00000002   Data   RO         2042    .rodata.Gu16_ctAlgnBePhStCnt_C  motor_control_param.o
    0x11014188   0x11014188   0x00000002   Data   RO         2043    .rodata.Gu16_ctAlgnStEndCnt_C  motor_control_param.o
    0x1101418a   0x1101418a   0x00000002   Data   RO         2044    .rodata.Gu16_ctAlgnTmpFailStCnt_C  motor_control_param.o
    0x1101418c   0x1101418c   0x00000002   Data   RO         2045    .rodata.Gu16_ctAlgnWaitAlStCnt_C  motor_control_param.o
    0x1101418e   0x1101418e   0x00000002   Data   RO         2046    .rodata.Gu16_ctAlgnWaitBeStCnt_C  motor_control_param.o
    0x11014190   0x11014190   0x00000002   Data   RO         1915    .rodata.Gu16_ctBattPwrHiLvl1ConfCnt_C  motor_control_param.o
    0x11014192   0x11014192   0x00000002   Data   RO         1916    .rodata.Gu16_ctBattPwrHiLvl1RcvyCnt_C  motor_control_param.o
    0x11014194   0x11014194   0x00000002   Data   RO         1917    .rodata.Gu16_ctBusOffFaltConfCnt_C  motor_control_param.o
    0x11014196   0x11014196   0x00000002   Data   RO         1918    .rodata.Gu16_ctBusOffFaltRcvyCnt_C  motor_control_param.o
    0x11014198   0x11014198   0x00000002   Data   RO         1919    .rodata.Gu16_ctCRCFaltConfCnt_C  motor_control_param.o
    0x1101419a   0x1101419a   0x00000002   Data   RO         1920    .rodata.Gu16_ctCRCFaltRcvyCnt_C  motor_control_param.o
    0x1101419c   0x1101419c   0x00000002   Data   RO         1921    .rodata.Gu16_ctChipFaltConfCnt_C  motor_control_param.o
    0x1101419e   0x1101419e   0x00000002   Data   RO         1922    .rodata.Gu16_ctChipFaltRcvyCnt_C  motor_control_param.o
    0x110141a0   0x110141a0   0x00000002   Data   RO         1928    .rodata.Gu16_ctComLosFaltConfCnt_C  motor_control_param.o
    0x110141a2   0x110141a2   0x00000002   Data   RO         1929    .rodata.Gu16_ctComLosFaltRcvyCnt_C  motor_control_param.o
    0x110141a4   0x110141a4   0x00000002   Data   RO         1930    .rodata.Gu16_ctComRolCntFaltConfCnt_C  motor_control_param.o
    0x110141a6   0x110141a6   0x00000002   Data   RO         1931    .rodata.Gu16_ctComRolCntFaltRcvyCnt_C  motor_control_param.o
    0x110141a8   0x110141a8   0x00000002   Data   RO         1998    .rodata.Gu16_ctCrashFaltConfCnt_C  motor_control_param.o
    0x110141aa   0x110141aa   0x00000002   Data   RO         1999    .rodata.Gu16_ctCrashFaltRcvyCnt_C  motor_control_param.o
    0x110141ac   0x110141ac   0x00000002   Data   RO         1932    .rodata.Gu16_ctCtlBrdVltgHiLvl1ConfCnt_C  motor_control_param.o
    0x110141ae   0x110141ae   0x00000002   Data   RO         1933    .rodata.Gu16_ctCtlBrdVltgHiLvl1RcvyCnt_C  motor_control_param.o
    0x110141b0   0x110141b0   0x00000002   Data   RO         1934    .rodata.Gu16_ctCtlBrdVltgLoLvl1ConfCnt_C  motor_control_param.o
    0x110141b2   0x110141b2   0x00000002   Data   RO         1935    .rodata.Gu16_ctCtlBrdVltgLoLvl1RcvyCnt_C  motor_control_param.o
    0x110141b4   0x110141b4   0x00000002   Data   RO         1875    .rodata.Gu16_ctFaltDiaComSdlCnt_C  motor_control_param.o
    0x110141b6   0x110141b6   0x00000002   Data   RO         1876    .rodata.Gu16_ctFaltDiaFstSdlCnt_C  motor_control_param.o
    0x110141b8   0x110141b8   0x00000002   Data   RO         1877    .rodata.Gu16_ctFaltDiaSlwSdlCnt_C  motor_control_param.o
    0x110141ba   0x110141ba   0x00000002   Data   RO         1937    .rodata.Gu16_ctGDVltgHiLvl1ConfCnt_C  motor_control_param.o
    0x110141bc   0x110141bc   0x00000002   Data   RO         1938    .rodata.Gu16_ctGDVltgHiLvl1RcvyCnt_C  motor_control_param.o
    0x110141be   0x110141be   0x00000002   Data   RO         1939    .rodata.Gu16_ctGDVltgLoLvl1ConfCnt_C  motor_control_param.o
    0x110141c0   0x110141c0   0x00000002   Data   RO         1940    .rodata.Gu16_ctGDVltgLoLvl1RcvyCnt_C  motor_control_param.o
    0x110141c2   0x110141c2   0x00000002   Data   RO         1941    .rodata.Gu16_ctHWOvrCurrConfCnt_C  motor_control_param.o
    0x110141c4   0x110141c4   0x00000002   Data   RO         1942    .rodata.Gu16_ctHWOvrCurrRcvyCnt_C  motor_control_param.o
    0x110141c6   0x110141c6   0x00000002   Data   RO         1880    .rodata.Gu16_ctMaxMotoSpdDvtConfCnt_C  motor_control_param.o
    0x110141c8   0x110141c8   0x00000002   Data   RO         1881    .rodata.Gu16_ctMinMotoSpdDvtRcvyCnt_C  motor_control_param.o
    0x110141ca   0x110141ca   0x00000002   Data   RO         2000    .rodata.Gu16_ctMosOpnCirFaltConfCnt_C  motor_control_param.o
    0x110141cc   0x110141cc   0x00000002   Data   RO         2001    .rodata.Gu16_ctMosOpnCirFaltRcvyCnt_C  motor_control_param.o
    0x110141ce   0x110141ce   0x00000002   Data   RO         1945    .rodata.Gu16_ctMotoSpdHiLvl1ConfCnt_C  motor_control_param.o
    0x110141d0   0x110141d0   0x00000002   Data   RO         1946    .rodata.Gu16_ctMotoSpdHiLvl1RcvyCnt_C  motor_control_param.o
    0x110141d2   0x110141d2   0x00000002   Data   RO         1947    .rodata.Gu16_ctMotoStallConfCnt_C  motor_control_param.o
    0x110141d4   0x110141d4   0x00000002   Data   RO         1948    .rodata.Gu16_ctMotoStallRcvyCnt_C  motor_control_param.o
    0x110141d6   0x110141d6   0x00000002   Data   RO         1953    .rodata.Gu16_ctMotoTempFaltConfCnt_C  motor_control_param.o
    0x110141d8   0x110141d8   0x00000002   Data   RO         1954    .rodata.Gu16_ctMotoTempFaltRcvyCnt_C  motor_control_param.o
    0x110141da   0x110141da   0x00000002   Data   RO         1949    .rodata.Gu16_ctMotoTempHiLvl1ConfCnt_C  motor_control_param.o
    0x110141dc   0x110141dc   0x00000002   Data   RO         1950    .rodata.Gu16_ctMotoTempHiLvl1RcvyCnt_C  motor_control_param.o
    0x110141de   0x110141de   0x00000002   Data   RO         1951    .rodata.Gu16_ctMotoTempHiLvl2ConfCnt_C  motor_control_param.o
    0x110141e0   0x110141e0   0x00000002   Data   RO         1952    .rodata.Gu16_ctMotoTempHiLvl2RcvyCnt_C  motor_control_param.o
    0x110141e2   0x110141e2   0x00000002   Data   RO         1955    .rodata.Gu16_ctNoLdConfCnt_C  motor_control_param.o
    0x110141e4   0x110141e4   0x00000002   Data   RO         1956    .rodata.Gu16_ctNoLdRcvyCnt_C  motor_control_param.o
    0x110141e6   0x110141e6   0x00000002   Data   RO         1961    .rodata.Gu16_ctPCBTempFaltConfCnt_C  motor_control_param.o
    0x110141e8   0x110141e8   0x00000002   Data   RO         1962    .rodata.Gu16_ctPCBTempFaltRcvyCnt_C  motor_control_param.o
    0x110141ea   0x110141ea   0x00000002   Data   RO         1957    .rodata.Gu16_ctPCBTempHiLvl1ConfCnt_C  motor_control_param.o
    0x110141ec   0x110141ec   0x00000002   Data   RO         1958    .rodata.Gu16_ctPCBTempHiLvl1RcvyCnt_C  motor_control_param.o
    0x110141ee   0x110141ee   0x00000002   Data   RO         1959    .rodata.Gu16_ctPCBTempHiLvl2ConfCnt_C  motor_control_param.o
    0x110141f0   0x110141f0   0x00000002   Data   RO         1960    .rodata.Gu16_ctPCBTempHiLvl2RcvyCnt_C  motor_control_param.o
    0x110141f2   0x110141f2   0x00000002   Data   RO         1963    .rodata.Gu16_ctPhCurrHiLvl1ConfCnt_C  motor_control_param.o
    0x110141f4   0x110141f4   0x00000002   Data   RO         1964    .rodata.Gu16_ctPhCurrHiLvl1RcvyCnt_C  motor_control_param.o
    0x110141f6   0x110141f6   0x00000002   Data   RO         1965    .rodata.Gu16_ctPhCurrSensFaltConfCnt_C  motor_control_param.o
    0x110141f8   0x110141f8   0x00000002   Data   RO         1966    .rodata.Gu16_ctPhCurrSensFaltRcvyCnt_C  motor_control_param.o
    0x110141fa   0x110141fa   0x00000002   Data   RO         1967    .rodata.Gu16_ctPhiSensFaltConfCnt_C  motor_control_param.o
    0x110141fc   0x110141fc   0x00000002   Data   RO         1968    .rodata.Gu16_ctPhiSensFaltRcvyCnt_C  motor_control_param.o
    0x110141fe   0x110141fe   0x00000002   Data   RO         1973    .rodata.Gu16_ctPwrTubTempFaltConfCnt_C  motor_control_param.o
    0x11014200   0x11014200   0x00000002   Data   RO         1974    .rodata.Gu16_ctPwrTubTempFaltRcvyCnt_C  motor_control_param.o
    0x11014202   0x11014202   0x00000002   Data   RO         1969    .rodata.Gu16_ctPwrTubTempHiLvl1ConfCnt_C  motor_control_param.o
    0x11014204   0x11014204   0x00000002   Data   RO         1970    .rodata.Gu16_ctPwrTubTempHiLvl1RcvyCnt_C  motor_control_param.o
    0x11014206   0x11014206   0x00000002   Data   RO         1971    .rodata.Gu16_ctPwrTubTempHiLvl2ConfCnt_C  motor_control_param.o
    0x11014208   0x11014208   0x00000002   Data   RO         1972    .rodata.Gu16_ctPwrTubTempHiLvl2RcvyCnt_C  motor_control_param.o
    0x1101420a   0x1101420a   0x00000002   Data   RO         1843    .rodata.Gu16_ctSenlTrnsElecAgConfCnt_C  motor_control_param.o
    0x1101420c   0x1101420c   0x00000002   Data   RO         1844    .rodata.Gu16_ctSenlTrnsElecAgRcvyCnt_C  motor_control_param.o
    0x1101420e   0x1101420e   0x00000002   Data   RO         1975    .rodata.Gu16_ctSplyVltgHiLvl1ConfCnt_C  motor_control_param.o
    0x11014210   0x11014210   0x00000002   Data   RO         1976    .rodata.Gu16_ctSplyVltgHiLvl1RcvyCnt_C  motor_control_param.o
    0x11014212   0x11014212   0x00000002   Data   RO         1977    .rodata.Gu16_ctSplyVltgLoLvl1ConfCnt_C  motor_control_param.o
    0x11014214   0x11014214   0x00000002   Data   RO         1978    .rodata.Gu16_ctSplyVltgLoLvl1RcvyCnt_C  motor_control_param.o
    0x11014216   0x11014216   0x00000002   Data   RO         1979    .rodata.Gu16_ctSplyVltgLoLvl2ConfCnt_C  motor_control_param.o
    0x11014218   0x11014218   0x00000002   Data   RO         1980    .rodata.Gu16_ctSplyVltgLoLvl2RcvyCnt_C  motor_control_param.o
    0x1101421a   0x1101421a   0x00000002   Data   RO         2047    .rodata.Gu16_ctSysStInitWaitCnt_C  motor_control_param.o
    0x1101421c   0x1101421c   0x00000048   Data   RO         2056    .rodata.Gu16_etaCtlBrd_MAP  motor_control_param.o
    0x11014264   0x11014264   0x0000000c   Data   RO         2054    .rodata.Gu16_etaCtlBrd_MAP_ampActPhCurrAmp_X  motor_control_param.o
    0x11014270   0x11014270   0x0000000c   Data   RO         2055    .rodata.Gu16_etaCtlBrd_MAP_nActElecSpd_Y  motor_control_param.o
    0x1101427c   0x1101427c   0x00000002   Data   RO         1845    .rodata.Gu16_fEstAgDvtCompFrq_C  motor_control_param.o
    0x1101427e   0x1101427e   0x00000002   Data   RO         2057    .rodata.Gu16_facComSpdFltCoeff_C  motor_control_param.o
    0x11014280   0x11014280   0x00000002   Data   RO         2048    .rodata.Gu16_facDrtnVltgFltCoeff_C  motor_control_param.o
    0x11014282   0x11014282   0x00000002   Data   RO         1848    .rodata.Gu16_facFlxObsFltCoeff_C  motor_control_param.o
    0x11014284   0x11014284   0x00000002   Data   RO         2020    .rodata.Gu16_facOvrModulFac_C  motor_control_param.o
    0x11014286   0x11014286   0x00000002   Data   RO         1853    .rodata.Gu16_facSpdFltCoeff_C  motor_control_param.o
    0x11014288   0x11014288   0x00000002   Data   RO         2075    .rodata.Gu16_indQaxIndc_C  motor_param.o
    0x1101428a   0x1101428a   0x00000002   Data   RO         1882    .rodata.Gu16_nMotoSpdHiLvl1ConfTrs_C  motor_control_param.o
    0x1101428c   0x1101428c   0x00000002   Data   RO         1883    .rodata.Gu16_nMotoSpdHiLvl1RcvyTrs_C  motor_control_param.o
    0x1101428e   0x1101428e   0x00000002   Data   RO         2049    .rodata.Gu16_phiAlgnAlPhElecAg_C  motor_control_param.o
    0x11014290   0x11014290   0x00000002   Data   RO         2050    .rodata.Gu16_phiAlgnBePhElecAg_C  motor_control_param.o
    0x11014292   0x11014292   0x00000002   Data   RO         1854    .rodata.Gu16_phiMaxSenlTrnsElecAg_C  motor_control_param.o
    0x11014294   0x11014294   0x00000002   Data   RO         2051    .rodata.Gu16_phiMinAlgnElecAngDvt_C  motor_control_param.o
    0x11014296   0x11014296   0x00000002   Data   RO         2015    .rodata.Gu16_phiMinOpnLpClsLpAgDvt_C  motor_control_param.o
    0x11014298   0x11014298   0x00000002   Data   RO         2052    .rodata.Gu16_phiTheoBePhElecAg_C  motor_control_param.o
    0x1101429a   0x1101429a   0x00000002   Data   RO         1884    .rodata.Gu16_psiEstMinPermMagFlx_C  motor_control_param.o
    0x1101429c   0x1101429c   0x00000002   Data   RO         2076    .rodata.Gu16_psiPermMagFlx_C  motor_param.o
    0x1101429e   0x1101429e   0x00000002   Data   RO         1885    .rodata.Gu16_pwrBattPwrHiLvl1ConfTrs_C  motor_control_param.o
    0x110142a0   0x110142a0   0x00000002   Data   RO         2059    .rodata.Gu16_rCtlBrdVltgADCRat_C  motor_control_param.o
    0x110142a2   0x110142a2   0x00000002   Data   RO         2060    .rodata.Gu16_rGDVltgADCRat_C  motor_control_param.o
    0x110142a4   0x110142a4   0x00000002   Data   RO         2053    .rodata.Gu16_rMaxVltgAmpRat_C  motor_control_param.o
    0x110142a6   0x110142a6   0x00000002   Data   RO         2061    .rodata.Gu16_rPhCurrADCRat_C  motor_control_param.o
    0x110142a8   0x110142a8   0x00000002   Data   RO         2062    .rodata.Gu16_rSplyVltgADCRat_C  motor_control_param.o
    0x110142aa   0x110142aa   0x00000002   Data   RO         2077    .rodata.Gu16_resPhRstn_C  motor_param.o
    0x110142ac   0x110142ac   0x0000003c   Data   RO         1886    .rodata.Gu16_stCtlDFPMSt_C  motor_control_param.o
    0x110142e8   0x110142e8   0x0000000a   Data   RO         2063    .rodata.Gu16_tMotoTemp_CUR_ADMotoTempADC_X  motor_control_param.o
    0x110142f2   0x110142f2   0x0000004c   Data   RO         2064    .rodata.Gu16_tPCBTemp_CUR_ADPCBTempADC_X  motor_control_param.o
    0x1101433e   0x1101433e   0x0000000a   Data   RO         2065    .rodata.Gu16_tPwrTubTemp_CUR_ADPwrTubTempADC_X  motor_control_param.o
    0x11014348   0x11014348   0x00000002   Data   RO         1887    .rodata.Gu16_uADMotoTempFaltHiLim_C  motor_control_param.o
    0x1101434a   0x1101434a   0x00000002   Data   RO         1888    .rodata.Gu16_uADMotoTempFaltLoLim_C  motor_control_param.o
    0x1101434c   0x1101434c   0x00000002   Data   RO         1890    .rodata.Gu16_uADPCBTempFaltLoLim_C  motor_control_param.o
    0x1101434e   0x1101434e   0x00000002   Data   RO         1891    .rodata.Gu16_uADPhUCurrFaltHiLim_C  motor_control_param.o
    0x11014350   0x11014350   0x00000002   Data   RO         1892    .rodata.Gu16_uADPhUCurrFaltLoLim_C  motor_control_param.o
    0x11014352   0x11014352   0x00000002   Data   RO         1893    .rodata.Gu16_uADPhVCurrFaltHiLim_C  motor_control_param.o
    0x11014354   0x11014354   0x00000002   Data   RO         1894    .rodata.Gu16_uADPhVCurrFaltLoLim_C  motor_control_param.o
    0x11014356   0x11014356   0x00000002   Data   RO         1896    .rodata.Gu16_uADPwrTubTempFaltLoLim_C  motor_control_param.o
    0x11014358   0x11014358   0x00000002   Data   RO         1901    .rodata.Gu16_uCtlBrdVltgHiLvl1ConfTrs_C  motor_control_param.o
    0x1101435a   0x1101435a   0x00000002   Data   RO         1902    .rodata.Gu16_uCtlBrdVltgHiLvl1RcvyTrs_C  motor_control_param.o
    0x1101435c   0x1101435c   0x00000002   Data   RO         1903    .rodata.Gu16_uCtlBrdVltgLoLvl1ConfTrs_C  motor_control_param.o
    0x1101435e   0x1101435e   0x00000002   Data   RO         1904    .rodata.Gu16_uCtlBrdVltgLoLvl1RcvyTrs_C  motor_control_param.o
    0x11014360   0x11014360   0x00000002   Data   RO         1994    .rodata.Gu16_uLimHmeSplyVltgConfTrs_C  motor_control_param.o
    0x11014362   0x11014362   0x00000002   Data   RO         1995    .rodata.Gu16_uLimHmeSplyVltgRcvyTrs_C  motor_control_param.o
    0x11014364   0x11014364   0x00000002   Data   RO         1909    .rodata.Gu16_uSplyVltgHiLvl1ConfTrs_C  motor_control_param.o
    0x11014366   0x11014366   0x00000002   Data   RO         1910    .rodata.Gu16_uSplyVltgHiLvl1RcvyTrs_C  motor_control_param.o
    0x11014368   0x11014368   0x00000002   Data   RO         1911    .rodata.Gu16_uSplyVltgLoLvl1ConfTrs_C  motor_control_param.o
    0x1101436a   0x1101436a   0x00000002   Data   RO         1912    .rodata.Gu16_uSplyVltgLoLvl1RcvyTrs_C  motor_control_param.o
    0x1101436c   0x1101436c   0x00000002   Data   RO         1913    .rodata.Gu16_uSplyVltgLoLvl2ConfTrs_C  motor_control_param.o
    0x1101436e   0x1101436e   0x00000002   Data   RO         1914    .rodata.Gu16_uSplyVltgLoLvl2RcvyTrs_C  motor_control_param.o
    0x11014370   0x11014370   0x00000001   Data   RO         2004    .rodata.Gu8_RollingMax_C  motor_control_param.o
    0x11014371   0x11014371   0x00000001   Data   RO         2003    .rodata.Gu8_RollingMin_C  motor_control_param.o
    0x11014372   0x11014372   0x00000004   Data   RO         1855    .rodata.Gu8_facPLLCtlKp_MAP_tPCBTempSubs_X  motor_control_param.o
    0x11014376   0x11014376   0x00000001   Data   RO         2078    .rodata.Gu8_numPPNum_C  motor_param.o
    0x11014377   0x11014377   0x00000001   Data   RO         2002    .rodata.Gu8_tColdStrtPCBTempConfTrs_C  motor_control_param.o
    0x11014378   0x11014378   0x00000001   Data   RO         1993    .rodata.Gu8_tMaxNTCMCUTempDvt_C  motor_control_param.o
    0x11014379   0x11014379   0x00000001   Data   RO         1981    .rodata.Gu8_tMotoTempHiLvl1ConfTrs_C  motor_control_param.o
    0x1101437a   0x1101437a   0x00000001   Data   RO         1982    .rodata.Gu8_tMotoTempHiLvl1RcvyTrs_C  motor_control_param.o
    0x1101437b   0x1101437b   0x00000001   Data   RO         1983    .rodata.Gu8_tMotoTempHiLvl2ConfTrs_C  motor_control_param.o
    0x1101437c   0x1101437c   0x00000001   Data   RO         1984    .rodata.Gu8_tMotoTempHiLvl2RcvyTrs_C  motor_control_param.o
    0x1101437d   0x1101437d   0x00000005   Data   RO         2066    .rodata.Gu8_tMotoTemp_CUR  motor_control_param.o
    0x11014382   0x11014382   0x00000001   Data   RO         1997    .rodata.Gu8_tNTCTempSensNoOpnCir_C  motor_control_param.o
    0x11014383   0x11014383   0x00000001   Data   RO         1996    .rodata.Gu8_tNTCTempSensOpnCir_C  motor_control_param.o
    0x11014384   0x11014384   0x00000001   Data   RO         1985    .rodata.Gu8_tPCBTempHiLvl1ConfTrs_C  motor_control_param.o
    0x11014385   0x11014385   0x00000001   Data   RO         1986    .rodata.Gu8_tPCBTempHiLvl1RcvyTrs_C  motor_control_param.o
    0x11014386   0x11014386   0x00000001   Data   RO         1987    .rodata.Gu8_tPCBTempHiLvl2ConfTrs_C  motor_control_param.o
    0x11014387   0x11014387   0x00000001   Data   RO         1988    .rodata.Gu8_tPCBTempHiLvl2RcvyTrs_C  motor_control_param.o
    0x11014388   0x11014388   0x00000026   Data   RO         2067    .rodata.Gu8_tPCBTemp_CUR  motor_control_param.o
    0x110143ae   0x110143ae   0x00000001   Data   RO         1989    .rodata.Gu8_tPwrTubTempHiLvl1ConfTrs_C  motor_control_param.o
    0x110143af   0x110143af   0x00000001   Data   RO         1990    .rodata.Gu8_tPwrTubTempHiLvl1RcvyTrs_C  motor_control_param.o
    0x110143b0   0x110143b0   0x00000001   Data   RO         1991    .rodata.Gu8_tPwrTubTempHiLvl2ConfTrs_C  motor_control_param.o
    0x110143b1   0x110143b1   0x00000001   Data   RO         1992    .rodata.Gu8_tPwrTubTempHiLvl2RcvyTrs_C  motor_control_param.o
    0x110143b2   0x110143b2   0x00000005   Data   RO         2068    .rodata.Gu8_tPwrTubTemp_CUR  motor_control_param.o
    0x110143b7   0x110143b7   0x00000008   Data   RO          957    .rodata.LinIf_FrmCfg_acs  linif_cfg.o
    0x110143bf   0x110143bf   0x00000001   PAD
    0x110143c0   0x110143c0   0x00000004   Data   RO          381    .rodata.USER_ERASEPG  bootrom.o
    0x110143c4   0x110143c4   0x00000030   Data   RO         1209    .rodata.chipMemCfg  uds_cfg.o
    0x110143f4   0x110143f4   0x00000800   Data   RO         1677    .rodata.rtCP_pooled_4kPhDAGJJnkK  const_params.o
    0x11014bf4   0x11014bf4   0x00000800   Data   RO         1678    .rodata.rtCP_pooled_91ugntIedRb3  const_params.o
    0x110153f4   0x110153f4   0x00000400   Data   RO         1679    .rodata.rtCP_pooled_GGuKQ5avRdmD  const_params.o
    0x110157f4   0x110157f4   0x00000008   Data   RO         1680    .rodata.rtCP_pooled_JyOGC55IyIsD  const_params.o
    0x110157fc   0x110157fc   0x00001ffe   Data   RO         1681    .rodata.rtCP_pooled_NsN21G7B7MPk  const_params.o
    0x110177fa   0x110177fa   0x00000800   Data   RO         1682    .rodata.rtCP_pooled_RYEJYHmWHols  const_params.o
    0x11017ffa   0x11017ffa   0x00000002   PAD
    0x11017ffc   0x11017ffc   0x00000008   Data   RO         1683    .rodata.rtCP_pooled_U8IvK8n9RgbG  const_params.o
    0x11018004   0x11018004   0x00000800   Data   RO         1684    .rodata.rtCP_pooled_Z4olCuf818oG  const_params.o
    0x11018804   0x11018804   0x00000400   Data   RO         1685    .rodata.rtCP_pooled_rp0I2sPNEO4V  const_params.o
    0x11018c04   0x11018c04   0x00000800   Data   RO         1686    .rodata.rtCP_pooled_xVWSvxiEcNqv  const_params.o
    0x11019404   0x11019404   0x00000001   Data   RO         1197    .rodata.saLevelCnt  uds_cfg.o
    0x11019405   0x11019405   0x00000003   PAD
    0x11019408   0x11019408   0x0000000c   Data   RO         1196    .rodata.saLevelMap  uds_cfg.o
    0x11019414   0x11019414   0x00000004   Data   RO         1200    .rodata.saProtectDelayTime  uds_cfg.o
    0x11019418   0x11019418   0x00000001   Data   RO         1199    .rodata.saProtectLimitCnt  uds_cfg.o
    0x11019419   0x11019419   0x00000001   Data   RO         1195    .rodata.sessionTypeCnt  uds_cfg.o
    0x1101941a   0x1101941a   0x00000003   Data   RO         1194    .rodata.sessionTypeMap  uds_cfg.o
    0x1101941d   0x1101941d   0x00000003   PAD
    0x11019420   0x11019420   0x00000004   Data   RO         1198    .rodata.ssSwStd_saLockTime  uds_cfg.o
    0x11019424   0x11019424   0x000001e0   Data   RO         1204    .rodata.udsDIDcfg   uds_cfg.o
    0x11019604   0x11019604   0x00000002   Data   RO         1205    .rodata.udsDIDcnt   uds_cfg.o
    0x11019606   0x11019606   0x00000001   Data   RO         1206    .rodata.udsRtGlobalMask  uds_cfg.o
    0x11019607   0x11019607   0x00000001   PAD
    0x11019608   0x11019608   0x00000050   Data   RO         1207    .rodata.udsRtIDcfg  uds_cfg.o
    0x11019658   0x11019658   0x00000002   Data   RO         1208    .rodata.udsRtIDcnt  uds_cfg.o
    0x1101965a   0x1101965a   0x00000002   PAD
    0x1101965c   0x1101965c   0x00000078   Data   RO         1202    .rodata.udsServCfg  uds_cfg.o
    0x110196d4   0x110196d4   0x00000001   Data   RO         1203    .rodata.udsServCnt  uds_cfg.o
    0x110196d5   0x110196d5   0x00000003   PAD
    0x110196d8   0x110196d8   0x00000080   Data   RO         2119    Region$$Table       anon$$obj.o


    Execution Region RW_IRAM1 (Exec base: 0x18000018, Load base: 0x11019758, Size: 0x00001410, Max: 0x000015e8, ABSOLUTE)

    Exec Addr    Load Addr    Size         Type   Attr      Idx    E Section Name        Object

    0x18000018   0x11019758   0x0000001c   Data   RW          983    .data..L_MergedGlobals  lintp.o
    0x18000034   0x11019774   0x00000006   Data   RW         1169    .data..L_MergedGlobals  uds.o
    0x1800003a   0x1101977a   0x00000002   Data   RW         2035    .data.Gs16_nMaxStrtUpRefElecSpd_C  motor_control_param.o
    0x1800003c   0x1101977c   0x00000002   Data   RW         2006    .data.Gs16_nMinSenlRefElecSpd_C  motor_control_param.o
    0x1800003e   0x1101977e   0x00000002   Data   RW         2007    .data.Gs16_nMinStrtUpElecSpd_C  motor_control_param.o
    0x18000040   0x11019780   0x00000002   Data   RW         2012    .data.Gs16_trqMaxStrtUpTq_C  motor_control_param.o
    0x18000042   0x11019782   0x00000002   Data   RW         1846    .data.Gu16_facDaxCurrCtlKi_C  motor_control_param.o
    0x18000044   0x11019784   0x00000002   Data   RW         1847    .data.Gu16_facDaxCurrCtlKp_C  motor_control_param.o
    0x18000046   0x11019786   0x00000020   Data   RW         1858    .data.Gu16_facPLLCtlKi_MAP  motor_control_param.o
    0x18000066   0x110197a6   0x00000020   Data   RW         1857    .data.Gu16_facPLLCtlKp_MAP  motor_control_param.o
    0x18000086   0x110197c6   0x00000002   Data   RW         1851    .data.Gu16_facQaxCurrCtlKi_C  motor_control_param.o
    0x18000088   0x110197c8   0x00000002   Data   RW         1852    .data.Gu16_facQaxCurrCtlKp_C  motor_control_param.o
    0x1800008a   0x110197ca   0x00000002   Data   RW         2013    .data.Gu16_facSpdCtlKi_C  motor_control_param.o
    0x1800008c   0x110197cc   0x00000002   Data   RW         2014    .data.Gu16_facSpdCtlKp_C  motor_control_param.o
    0x1800008e   0x110197ce   0x00000002   PAD
    0x18000090   0x110197d0   0x00000004   Data   RW          558    .data.SystemFrequency  scu.o
    0x18000094   0x110197d4   0x00000015   Data   RW          748    .data.g_lin_frame_ctrl  lin_main.o
    0x180000a9   0x110197e9   0x00000001   Data   RW          746    .data.g_lin_frame_index  lin_main.o
    0x180000aa   0x110197ea   0x00000006   PAD
    0x180000b0        -       0x00000004   Zero   RW           15    .bss..L_MergedGlobals  adc_meas.o
    0x180000b4        -       0x00000003   Zero   RW           33    .bss..L_MergedGlobals  bdrv_bdrv.o
    0x180000b7   0x110197ea   0x00000001   PAD
    0x180000b8        -       0x0000001c   Zero   RW           61    .bss..L_MergedGlobals  diag_handle.o
    0x180000d4        -       0x00000004   Zero   RW          100    .bss..L_MergedGlobals  posscd_possensor.o
    0x180000d8        -       0x00000018   Zero   RW          123    .bss..L_MergedGlobals  pwm_clac.o
    0x180000f0        -       0x00000012   Zero   RW          144    .bss..L_MergedGlobals  pwm_pwm.o
    0x18000102        -       0x0000000e   Zero   RW          163    .bss..L_MergedGlobals  spi_ssc.o
    0x18000110        -       0x00000002   Zero   RW          233    .bss..L_MergedGlobals  main.o
    0x18000112   0x110197ea   0x00000002   PAD
    0x18000114        -       0x00000014   Zero   RW          256    .bss..L_MergedGlobals  task_task.o
    0x18000128        -       0x00000008   Zero   RW          633    .bss..L_MergedGlobals  wdt1.o
    0x18000130        -       0x00000024   Zero   RW          731    .bss..L_MergedGlobals  lin_hal.o
    0x18000154        -       0x00000009   Zero   RW          751    .bss..L_MergedGlobals  lin_main.o
    0x1800015d        -       0x0000000b   Zero   RW          766    .bss..L_MergedGlobals  lin_slave_task.o
    0x18000168        -       0x0000000c   Zero   RW          791    .bss..L_MergedGlobals  linmain.o
    0x18000174        -       0x0000000c   Zero   RW          896    .bss..L_MergedGlobals  comif_sa_hal.o
    0x18000180        -       0x00000072   Zero   RW         1061    .bss..L_MergedGlobals  lintp_queue.o
    0x180001f2        -       0x00000006   Zero   RW         1090    .bss..L_MergedGlobals  lintp_timer.o
    0x180001f8        -       0x00000008   Zero   RW         1391    .bss..L_MergedGlobals  uds_user.o
    0x18000200        -       0x00000070   Zero   RW         1408    .bss..L_MergedGlobals  fbl_infor.o
    0x18000270        -       0x00000024   Zero   RW         1484    .bss..L_MergedGlobals  mid_interface.o
    0x18000294   0x110197ea   0x00000004   PAD
    0x18000298        -       0x0000001e   Zero   RW         1501    .bss..L_MergedGlobals  asw_dcycgen.o
    0x180002b6   0x110197ea   0x00000002   PAD
    0x180002b8        -       0x00000042   Zero   RW         1526    .bss..L_MergedGlobals  asw_phvltggen.o
    0x180002fa   0x110197ea   0x00000002   PAD
    0x180002fc        -       0x00000060   Zero   RW         1546    .bss..L_MergedGlobals  asw_phcurrgen.o
    0x1800035c        -       0x0000006e   Zero   RW         1571    .bss..L_MergedGlobals  asw_ast.o
    0x180003ca   0x110197ea   0x00000002   PAD
    0x180003cc        -       0x0000004a   Zero   RW         1642    .bss..L_MergedGlobals  asw_obd.o
    0x18000416   0x110197ea   0x00000002   PAD
    0x18000418        -       0x0000005e   Zero   RW         1668    .bss..L_MergedGlobals  asw_sigin.o
    0x18000476        -       0x00000005   Zero   RW          984    .bss..L_MergedGlobals.1  lintp.o
    0x1800047b   0x110197ea   0x00000001   PAD
    0x1800047c        -       0x00000014   Zero   RW         1170    .bss..L_MergedGlobals.1  uds.o
    0x18000490        -       0x000000a0   Zero   RW         1570    .bss.ASW_AST_DW     asw_ast.o
    0x18000530        -       0x00000184   Zero   RW         1639    .bss.ASW_OBD_B      asw_obd.o
    0x180006b4        -       0x000001d0   Zero   RW         1641    .bss.ASW_OBD_DW     asw_obd.o
    0x18000884        -       0x00000064   Zero   RW         1525    .bss.ASW_PhVltgGen_DW  asw_phvltggen.o
    0x180008e8        -       0x000000ea   Zero   RW         1667    .bss.ASW_SigIn_DW   asw_sigin.o
    0x180009d2        -       0x00000001   Zero   RW         2021    .bss.Genm_modeAgEvallMode_C  motor_control_param.o
    0x180009d3   0x110197ea   0x00000001   PAD
    0x180009d4        -       0x00000002   Zero   RW           13    .bss.Gu16_uADC2VCP  adc_meas.o
    0x180009d6        -       0x00000002   Zero   RW           12    .bss.Gu16_uADC_NTCTemp_IF  adc_meas.o
    0x180009d8        -       0x00000002   Zero   RW          122    .bss.Gu16_uPWM_CsaCalibResult_IF  pwm_clac.o
    0x180009da        -       0x00000001   Zero   RW          826    .bss.Gu8_ComIf_APPRxMesCnt  comif_application_message.o
    0x180009db        -       0x00000008   Zero   RW          825    .bss.Gu8_ComIf_APPRxMsgData  comif_application_message.o
    0x180009e3        -       0x00000001   Zero   RW          828    .bss.Gu8_ComIf_APPTxMesFlagFirst  comif_application_message.o
    0x180009e4        -       0x00000001   Zero   RW          829    .bss.Gu8_ComIf_APPTxMesFlagSecond  comif_application_message.o
    0x180009e5        -       0x00000001   Zero   RW          827    .bss.Gu8_ComIf_SleepReqFlag  comif_application_message.o
    0x180009e6        -       0x00000001   Zero   RW          919    .bss.Gu8_ComIf_UDSWriteFlg  comif_wrdabyid_hal.o
    0x180009e7   0x110197ea   0x00000001   PAD
    0x180009e8        -       0x00000002   Zero   RW           14    .bss.Gu8_tMcuTemp_IF  adc_meas.o
    0x180009ea        -       0x00000064   Zero   RW          979    .bss.LinTp_RequestBuffer  lintp.o
    0x18000a4e        -       0x00000064   Zero   RW          980    .bss.LinTp_ResponseBuffer  lintp.o
    0x18000ab2        -       0x00000034   Zero   RW          872    .bss.busComIf_UDSRead_In  comif_rddabyid_hal.o
    0x18000ae6   0x110197ea   0x00000002   PAD
    0x18000ae8        -       0x0000005c   Zero   RW         1640    .bss.busOBD_SlwTaskIn  asw_obd.o
    0x18000b44        -       0x00000004   Zero   RW         1360    .bss.didBuf_F100    uds_user.o
    0x18000b48        -       0x00000002   Zero   RW         1370    .bss.didBuf_F101    uds_user.o
    0x18000b4a        -       0x00000002   Zero   RW         1371    .bss.didBuf_F102    uds_user.o
    0x18000b4c        -       0x00000002   Zero   RW         1372    .bss.didBuf_F103    uds_user.o
    0x18000b4e        -       0x00000002   Zero   RW         1373    .bss.didBuf_F104    uds_user.o
    0x18000b50        -       0x00000002   Zero   RW         1374    .bss.didBuf_F105    uds_user.o
    0x18000b52        -       0x00000002   Zero   RW         1375    .bss.didBuf_F106    uds_user.o
    0x18000b54        -       0x00000002   Zero   RW         1376    .bss.didBuf_F107    uds_user.o
    0x18000b56        -       0x00000002   Zero   RW         1377    .bss.didBuf_F108    uds_user.o
    0x18000b58        -       0x00000002   Zero   RW         1378    .bss.didBuf_F109    uds_user.o
    0x18000b5a        -       0x00000002   Zero   RW         1379    .bss.didBuf_F110    uds_user.o
    0x18000b5c        -       0x00000002   Zero   RW         1380    .bss.didBuf_F111    uds_user.o
    0x18000b5e        -       0x00000002   Zero   RW         1381    .bss.didBuf_F112    uds_user.o
    0x18000b60        -       0x00000001   Zero   RW         1382    .bss.didBuf_F113    uds_user.o
    0x18000b61        -       0x00000002   Zero   RW         1383    .bss.didBuf_F114    uds_user.o
    0x18000b63        -       0x00000002   Zero   RW         1384    .bss.didBuf_F115    uds_user.o
    0x18000b65        -       0x00000002   Zero   RW         1385    .bss.didBuf_F116    uds_user.o
    0x18000b67        -       0x00000002   Zero   RW         1386    .bss.didBuf_F117    uds_user.o
    0x18000b69        -       0x00000002   Zero   RW         1387    .bss.didBuf_F118    uds_user.o
    0x18000b6b        -       0x00000002   Zero   RW         1388    .bss.didBuf_F119    uds_user.o
    0x18000b6d        -       0x00000002   Zero   RW         1389    .bss.didBuf_F120    uds_user.o
    0x18000b6f        -       0x00000002   Zero   RW         1390    .bss.didBuf_F121    uds_user.o
    0x18000b71        -       0x0000000a   Zero   RW         1365    .bss.didBuf_F180    uds_user.o
    0x18000b7b        -       0x00000019   Zero   RW         1366    .bss.didBuf_F182    uds_user.o
    0x18000b94        -       0x0000000f   Zero   RW         1361    .bss.didBuf_F187    uds_user.o
    0x18000ba3        -       0x0000000c   Zero   RW         1362    .bss.didBuf_F18C    uds_user.o
    0x18000baf        -       0x0000000a   Zero   RW         1363    .bss.didBuf_F193    uds_user.o
    0x18000bb9        -       0x0000000a   Zero   RW         1367    .bss.didBuf_F195    uds_user.o
    0x18000bc3        -       0x00000007   Zero   RW         1368    .bss.didBuf_F197    uds_user.o
    0x18000bca        -       0x00000004   Zero   RW         1364    .bss.didBuf_F19D    uds_user.o
    0x18000bce        -       0x00000001   Zero   RW          747    .bss.g_lin_active_pid  lin_main.o
    0x18000bcf        -       0x00000001   Zero   RW          750    .bss.g_lin_frame_data_size  lin_main.o
    0x18000bd0        -       0x00000002   Zero   RW          749    .bss.g_lin_irqState  lin_main.o
    0x18000bd2   0x110197ea   0x00000002   PAD
    0x18000bd4        -       0x00000038   Zero   RW          686    .bss.l_LinData      genlinconfig.o
    0x18000c0c        -       0x00000002   Zero   RW          681    .bss.l_flags_MotorCtrl  genlinconfig.o
    0x18000c0e        -       0x00000002   Zero   RW          682    .bss.l_flags_MotorStatus  genlinconfig.o
    0x18000c10        -       0x00000002   Zero   RW          684    .bss.l_flags_MotorStatus_0x1B  genlinconfig.o
    0x18000c12        -       0x00000002   Zero   RW          685    .bss.l_flags_MotorStatus_0x1D  genlinconfig.o
    0x18000c14        -       0x00000002   Zero   RW          683    .bss.l_flags_MotorStatus_DIAG  genlinconfig.o
    0x18000c16        -       0x00000001   Zero   RW          730    .bss.lin_ab_timeout_timer  lin_hal.o
    0x18000c17        -       0x00000001   Zero   RW         1074    .bss.linirqState    lintp_schm.o
    0x18000c18        -       0x00000003   Zero   RW         1193    .bss.saLvBuf_fbl    uds_cfg.o
    0x18000c1b   0x110197ea   0x00000001   PAD
    0x18000c1c        -       0x00000001   Zero   RW         1359    .bss.stayInBootFlag  uds_user.o
    0x18000c1d   0x110197ea   0x00000003   PAD
    0x18000c20        -       0x00000001   Zero   RW          612    .bss.uart1.0        uart.o
    0x18000c21   0x110197ea   0x00000007   PAD
    0x18000c28        -       0x00000800   Zero   RW          641    STACK               startup_tle987x.o


    Execution Region RW_IRAM3 (Exec base: 0x18001600, Load base: 0x110197f0, Size: 0x000000d0, Max: 0x00000100, ABSOLUTE)

    Exec Addr    Load Addr    Size         Type   Attr      Idx    E Section Name        Object

    0x18001600   0x110197f0   0x000000d0   Data   RW          176    .RAM_DMA            sys_dma.o


    Execution Region RW_IRAM5 (Exec base: 0x18001700, Load base: 0x110198c0, Size: 0x00000004, Max: 0x00000040, ABSOLUTE)

    Exec Addr    Load Addr    Size         Type   Attr      Idx    E Section Name        Object

    0x18001700   0x110198c0   0x00000004   Data   RW         1474    .RAM_CHARACT        mid_interface.o


    Execution Region RW_IRAM6 (Exec base: 0x18001740, Load base: 0x110198c4, Size: 0x0000000c, Max: 0x00000014, ABSOLUTE)

    Exec Addr    Load Addr    Size         Type   Attr      Idx    E Section Name        Object

    0x18001740   0x110198c4   0x0000000a   Data   RW          874    .RAM_RW_ProductInfo_HWV  comif_rddabyid_hal.o


    Execution Region RW_IRAM7 (Exec base: 0x18001754, Load base: 0x110198d0, Size: 0x0000000c, Max: 0x00000014, ABSOLUTE)

    Exec Addr    Load Addr    Size         Type   Attr      Idx    E Section Name        Object

    0x18001754   0x110198d0   0x0000000c   Data   RW          871    .RAM_RW_ProductInfo_SerNum  comif_rddabyid_hal.o


    Execution Region RW_IRAM8 (Exec base: 0x18001768, Load base: 0x110198dc, Size: 0x00000004, Max: 0x00000018, ABSOLUTE)

    Exec Addr    Load Addr    Size         Type   Attr      Idx    E Section Name        Object

    0x18001768   0x110198dc   0x00000004   Data   RW          873    .RAM_RW_ProductInfo_ECUTime  comif_rddabyid_hal.o


    Execution Region RW_IRAM9 (Exec base: 0x18001780, Load base: 0x110198e0, Size: 0x00000024, Max: 0x00000080, ABSOLUTE)

    Exec Addr    Load Addr    Size         Type   Attr      Idx    E Section Name        Object

    0x18001780   0x110198e0   0x00000019   Data   RW          870    .RAM_ProductInfo    comif_rddabyid_hal.o
    0x18001799   0x110198f9   0x0000000a   Data   RW         1475    .RAM_ProductInfo    mid_interface.o



  Load Region LR_IROM2 (Base: 0x1101effc, Size: 0x00000004, Max: 0x00001004, ABSOLUTE)

    Execution Region ER_IROM2 (Exec base: 0x1101effc, Load base: 0x1101effc, Size: 0x00000004, Max: 0x00001004, ABSOLUTE)

    Exec Addr    Load Addr    Size         Type   Attr      Idx    E Section Name        Object

    0x1101effc   0x1101effc   0x00000004   Data   RO          580    .ARM.__at_0x1101EFFC  system_tle987x.o


==============================================================================

Image component sizes


      Code (inc. data)   RO Data    RW Data    ZI Data      Debug   Object Name

       168          0          0          0          0      37716   adc1.o
       136          0          0          0          0       7419   adc2.o
       360          0          0          0         10       9926   adc_meas.o
      4302         16         92          0        270      16487   asw_ast.o
      1012         10          0          0         30       3625   asw_dcycgen.o
     14544          0         92          0       1018      63891   asw_obd.o
      2376          0          0          0         96       9661   asw_phcurrgen.o
      4832          0         34          0        166      20409   asw_phvltggen.o
      1332          6         42          0        328       8590   asw_sigin.o
       554          0          0          0          0      45333   bdrv.o
       256          0          0          0          3       1803   bdrv_bdrv.o
       256          0          4          0          0       4121   bootrom.o
       128          0          0          0          0       7939   ccu6.o
       106          0          0          0         12       2053   comif_application_message.o
         2          0          0          0          0        409   comif_ecureset_hal.o
        18          0          0          0          0        512   comif_init.o
       492          0          0         51         52       4147   comif_rddabyid_hal.o
       770          0          0          0         12       5386   comif_sa_hal.o
        26          0          0          0          0        402   comif_task.o
       212          0          0          0          1       1820   comif_wrdabyid_hal.o
         0          0      20494          0          0       1095   const_params.o
       256          0          0          0          0       9694   csa.o
      1372          0          0          0         28      16973   diag_handle.o
        24          0          0          0          0        976   dio_dio.o
        28          0          0          0          0        668   div_nde_s32_floor.o
       346          0          0          0          0       1351   div_nzp_repeat_u32.o
        24          0          0          0          0       6496   dma.o
         4          0          0          0        112       1972   fbl_infor.o
        92         20          0          0         66       2916   genlinconfig.o
        46          0          0          0          0       8214   gpt12e.o
       436          0          0          0          0      40260   hsi_sw.o
       168          0          0          0          0      28191   int.o
       346          0          0          0          0      29806   isr.o
        80          0          0          0          0      15689   lin.o
        26          0          0          0          0        791   lin_driver_api.o
      1482          8          0          0         37      26678   lin_hal.o
        34          0          0         22         13       2920   lin_main.o
       712          0          0          0         11       3126   lin_slave_task.o
         0          0          8          0          0        920   linif_cfg.o
        94          0          0          0          0       1812   linif_headerindication.o
        74          0          0          0          0       1219   linif_rxindication.o
         4          0          0          0          0        792   linif_txconfirmation.o
       302          0          0          0         12       2897   linmain.o
        18          0          0          0          0        766   lintask.o
      2024          0          0         28        205       7641   lintp.o
       144          0          0          0          0       1816   lintp_cbk.o
       714          0          0          0          0       4576   lintp_export.o
       276          0          0          0        114       2590   lintp_queue.o
        24          0          0          0          1        839   lintp_schm.o
       188          0          0          0          6       1531   lintp_timer.o
       232          0          0          0          0       1640   look1_is16lu32n32ys16n_eac3j1ud.o
       216          0          0          0          0       1615   look1_iu16lu32n16ts16d_2s4gbl96.o
       234          0          0          0          0       1705   look1_iu16lu32n16tu8_binlcse.o
       212          0          0          0          0       1753   look1_iu8lu32n16ts16ds32_binlcs.o
       468          0          0          0          0       2566   look2_is16lu32n16tu16_binlcse.o
       474          0          0          0          0       2825   look2_iu8s16lu32n16tu16_binlcse.o
        32          0          0          0          2        703   main.o
      1094          0          0          0          0       3951   mem_mem.o
      2244          0          0         14         36       9798   mid_interface.o
        14          0          0          0          0      15613   mon.o
         0          0        725         84          1      12068   motor_control_param.o
         0          0          7          0          0        712   motor_param.o
        22          0          0          0          0        867   mul_ssu32_hisr.o
        34          0          0          0          0        908   mul_ssu32_losr.o
       122          0          0          0          0       1299   mul_wide_su32.o
       186          0          0          0          0       7135   pmu.o
       232          6          0          0          0      21148   port.o
       178          0          0          0          4       1470   posscd_possensor.o
       612         32          0          0         26      11816   pwm_clac.o
       320          0          0          0         18      12859   pwm_pwm.o
       700          0          0          4          0      35362   scu.o
       270          0          0          0         14       3840   spi_ssc.o
        34          0          0          0          0       2483   ssc.o
        64         12        128          0       2048        912   startup_tle987x.o
       316          0          0        208          0       4396   sys_dma.o
        18          0          0          0          0      15295   sys_int.o
        30          0          0          0          0       1548   sys_mcuinit.o
        18          0          0          0          0      14975   sys_scu.o
        24          0          0          0          0       2214   sys_timer2x.o
        38          0          4          0          0       1987   system_tle987x.o
       310          0          0          0         20       2944   task_task.o
        34          0          0          0          0       6369   timer2x.o
        48          0          0          0          1      16921   uart.o
      4224        122          0          6         20      45218   uds.o
       220          0        760          0          3       5712   uds_cfg.o
      1168          0          0          0        147      12485   uds_user.o
       796          0          0          0          8      17902   wdt1.o

    ----------------------------------------------------------------------
     56768        232      22536        424       4988     779878   Object Totals
         0          0        128          0          0          0   (incl. Generated)
       310          0         18          7         37          0   (incl. Padding)

    ----------------------------------------------------------------------

      Code (inc. data)   RO Data    RW Data    ZI Data      Debug   Library Member Name

        86          0          0          0          0          0   __dczerorl2.o
         0          0          0          0          0          0   entry.o
         0          0          0          0          0          0   entry10a.o
         0          0          0          0          0          0   entry11a.o
         8          4          0          0          0          0   entry2.o
         4          0          0          0          0          0   entry5.o
         0          0          0          0          0          0   entry7b.o
         0          0          0          0          0          0   entry8b.o
         8          4          0          0          0          0   entry9a.o
        30          0          0          0          0          0   handlers.o
        36          8          0          0          0         68   init.o
        64          0          0          0          0         76   memmovea.o
        36          0          0          0          0        108   memseta.o

    ----------------------------------------------------------------------
       276         16          0          0          0        252   Library Totals
         4          0          0          0          0          0   (incl. Padding)

    ----------------------------------------------------------------------

      Code (inc. data)   RO Data    RW Data    ZI Data      Debug   Library Name

       272         16          0          0          0        252   mc_w.l

    ----------------------------------------------------------------------
       276         16          0          0          0        252   Library Totals

    ----------------------------------------------------------------------

==============================================================================


      Code (inc. data)   RO Data    RW Data    ZI Data      Debug   

     57044        248      22536        424       4988     778690   Grand Totals
     57044        248      22536        424       4988     778690   ELF Image Totals
     57044        248      22536        424          0          0   ROM Totals

==============================================================================

    Total RO  Size (Code + RO Data)                79580 (  77.71kB)
    Total RW  Size (RW Data + ZI Data)              5412 (   5.29kB)
    Total ROM Size (Code + RO Data + RW Data)      80004 (  78.13kB)

==============================================================================

